Component: ARM Compiler 5.06 update 1 (build 61) Tool: armlink [4d35a8]

==============================================================================

Section Cross References

    startup_stm32f10x_hd.o(RESET) refers to startup_stm32f10x_hd.o(STACK) for __initial_sp
    startup_stm32f10x_hd.o(RESET) refers to startup_stm32f10x_hd.o(.text) for Reset_Handler
    startup_stm32f10x_hd.o(RESET) refers to stm32f10x_it.o(i.NMI_Handler) for NMI_Handler
    startup_stm32f10x_hd.o(RESET) refers to stm32f10x_it.o(i.HardFault_Handler) for HardFault_Handler
    startup_stm32f10x_hd.o(RESET) refers to stm32f10x_it.o(i.MemManage_Handler) for MemManage_Handler
    startup_stm32f10x_hd.o(RESET) refers to stm32f10x_it.o(i.BusFault_Handler) for BusFault_Handler
    startup_stm32f10x_hd.o(RESET) refers to stm32f10x_it.o(i.UsageFault_Handler) for UsageFault_Handler
    startup_stm32f10x_hd.o(RESET) refers to stm32f10x_it.o(i.SVC_Handler) for SVC_Handler
    startup_stm32f10x_hd.o(RESET) refers to stm32f10x_it.o(i.DebugMon_Handler) for DebugMon_Handler
    startup_stm32f10x_hd.o(RESET) refers to stm32f10x_it.o(i.PendSV_Handler) for PendSV_Handler
    startup_stm32f10x_hd.o(RESET) refers to stm32f10x_it.o(i.SysTick_Handler) for SysTick_Handler
    startup_stm32f10x_hd.o(RESET) refers to stm32f10x_it.o(i.RTC_IRQHandler) for RTC_IRQHandler
    startup_stm32f10x_hd.o(RESET) refers to stm32f10x_it.o(i.EXTI0_IRQHandler) for EXTI0_IRQHandler
    startup_stm32f10x_hd.o(RESET) refers to stm32f10x_it.o(i.USART2_IRQHandler) for USART2_IRQHandler
    startup_stm32f10x_hd.o(RESET) refers to stm32f10x_it.o(i.EXTI15_10_IRQHandler) for EXTI15_10_IRQHandler
    startup_stm32f10x_hd.o(.text) refers to system_stm32f10x.o(i.SystemInit) for SystemInit
    startup_stm32f10x_hd.o(.text) refers to entry.o(.ARM.Collect$$$$00000000) for __main
    system_stm32f10x.o(i.SetSysClock) refers to system_stm32f10x.o(i.SetSysClockTo72) for SetSysClockTo72
    system_stm32f10x.o(i.SystemCoreClockUpdate) refers to system_stm32f10x.o(.data) for SystemCoreClock
    system_stm32f10x.o(i.SystemInit) refers to system_stm32f10x.o(i.SetSysClock) for SetSysClock
    stm32f10x_adc.o(i.ADC_DeInit) refers to stm32f10x_rcc.o(i.RCC_APB2PeriphResetCmd) for RCC_APB2PeriphResetCmd
    stm32f10x_bkp.o(i.BKP_DeInit) refers to stm32f10x_rcc.o(i.RCC_BackupResetCmd) for RCC_BackupResetCmd
    stm32f10x_can.o(i.CAN_DeInit) refers to stm32f10x_rcc.o(i.RCC_APB1PeriphResetCmd) for RCC_APB1PeriphResetCmd
    stm32f10x_can.o(i.CAN_GetITStatus) refers to stm32f10x_can.o(i.CheckITStatus) for CheckITStatus
    stm32f10x_cec.o(i.CEC_DeInit) refers to stm32f10x_rcc.o(i.RCC_APB1PeriphResetCmd) for RCC_APB1PeriphResetCmd
    stm32f10x_dac.o(i.DAC_DeInit) refers to stm32f10x_rcc.o(i.RCC_APB1PeriphResetCmd) for RCC_APB1PeriphResetCmd
    stm32f10x_flash.o(i.FLASH_EnableWriteProtection) refers to stm32f10x_flash.o(i.FLASH_WaitForLastOperation) for FLASH_WaitForLastOperation
    stm32f10x_flash.o(i.FLASH_EraseAllBank1Pages) refers to stm32f10x_flash.o(i.FLASH_WaitForLastBank1Operation) for FLASH_WaitForLastBank1Operation
    stm32f10x_flash.o(i.FLASH_EraseAllPages) refers to stm32f10x_flash.o(i.FLASH_WaitForLastOperation) for FLASH_WaitForLastOperation
    stm32f10x_flash.o(i.FLASH_EraseOptionBytes) refers to stm32f10x_flash.o(i.FLASH_GetReadOutProtectionStatus) for FLASH_GetReadOutProtectionStatus
    stm32f10x_flash.o(i.FLASH_EraseOptionBytes) refers to stm32f10x_flash.o(i.FLASH_WaitForLastOperation) for FLASH_WaitForLastOperation
    stm32f10x_flash.o(i.FLASH_ErasePage) refers to stm32f10x_flash.o(i.FLASH_WaitForLastOperation) for FLASH_WaitForLastOperation
    stm32f10x_flash.o(i.FLASH_ProgramHalfWord) refers to stm32f10x_flash.o(i.FLASH_WaitForLastOperation) for FLASH_WaitForLastOperation
    stm32f10x_flash.o(i.FLASH_ProgramOptionByteData) refers to stm32f10x_flash.o(i.FLASH_WaitForLastOperation) for FLASH_WaitForLastOperation
    stm32f10x_flash.o(i.FLASH_ProgramWord) refers to stm32f10x_flash.o(i.FLASH_WaitForLastOperation) for FLASH_WaitForLastOperation
    stm32f10x_flash.o(i.FLASH_ReadOutProtection) refers to stm32f10x_flash.o(i.FLASH_WaitForLastOperation) for FLASH_WaitForLastOperation
    stm32f10x_flash.o(i.FLASH_UserOptionByteConfig) refers to stm32f10x_flash.o(i.FLASH_WaitForLastOperation) for FLASH_WaitForLastOperation
    stm32f10x_flash.o(i.FLASH_WaitForLastBank1Operation) refers to stm32f10x_flash.o(i.FLASH_GetBank1Status) for FLASH_GetBank1Status
    stm32f10x_flash.o(i.FLASH_WaitForLastOperation) refers to stm32f10x_flash.o(i.FLASH_GetBank1Status) for FLASH_GetBank1Status
    stm32f10x_gpio.o(i.GPIO_AFIODeInit) refers to stm32f10x_rcc.o(i.RCC_APB2PeriphResetCmd) for RCC_APB2PeriphResetCmd
    stm32f10x_gpio.o(i.GPIO_DeInit) refers to stm32f10x_rcc.o(i.RCC_APB2PeriphResetCmd) for RCC_APB2PeriphResetCmd
    stm32f10x_i2c.o(i.I2C_DeInit) refers to stm32f10x_rcc.o(i.RCC_APB1PeriphResetCmd) for RCC_APB1PeriphResetCmd
[...]
    ../clib/microlib/init/entry.s            0x00000000   Number         0  entry10b.o ABSOLUTE
    ../clib/microlib/init/entry.s            0x00000000   Number         0  entry11a.o ABSOLUTE
    ../clib/microlib/init/entry.s            0x00000000   Number         0  entry11b.o ABSOLUTE
    ../clib/microlib/init/entry.s            0x00000000   Number         0  entry9b.o ABSOLUTE
    ../clib/microlib/init/entry.s            0x00000000   Number         0  entry.o ABSOLUTE
    ../clib/microlib/init/entry.s            0x00000000   Number         0  entry5.o ABSOLUTE
    ../clib/microlib/init/entry.s            0x00000000   Number         0  entry7a.o ABSOLUTE
    ../clib/microlib/init/entry.s            0x00000000   Number         0  entry7b.o ABSOLUTE
    ../clib/microlib/init/entry.s            0x00000000   Number         0  entry10a.o ABSOLUTE
    ../clib/microlib/init/entry.s            0x00000000   Number         0  entry8a.o ABSOLUTE
    ../clib/microlib/init/entry.s            0x00000000   Number         0  entry8b.o ABSOLUTE
    ../clib/microlib/longlong.c              0x00000000   Number         0  llshl.o ABSOLUTE
    ../clib/microlib/longlong.c              0x00000000   Number         0  llushr.o ABSOLUTE
    ../clib/microlib/longlong.c              0x00000000   Number         0  llsshr.o ABSOLUTE
    ../clib/microlib/printf/printf.c         0x00000000   Number         0  printfb.o ABSOLUTE
    ../clib/microlib/printf/printf.c         0x00000000   Number         0  printf0.o ABSOLUTE
    ../clib/microlib/printf/printf.c         0x00000000   Number         0  printfa.o ABSOLUTE
    ../clib/microlib/printf/printf.c         0x00000000   Number         0  printf8.o ABSOLUTE
    ../clib/microlib/printf/printf.c         0x00000000   Number         0  printf7.o ABSOLUTE
    ../clib/microlib/printf/printf.c         0x00000000   Number         0  printf1.o ABSOLUTE
    ../clib/microlib/printf/printf.c         0x00000000   Number         0  printf2.o ABSOLUTE
    ../clib/microlib/printf/printf.c         0x00000000   Number         0  printf3.o ABSOLUTE
    ../clib/microlib/printf/printf.c         0x00000000   Number         0  printf4.o ABSOLUTE
    ../clib/microlib/printf/printf.c         0x00000000   Number         0  printf5.o ABSOLUTE
    ../clib/microlib/printf/printf.c         0x00000000   Number         0  printf6.o ABSOLUTE
    ../clib/microlib/printf/stubs.s          0x00000000   Number         0  stubs.o ABSOLUTE
    ../clib/microlib/stdio/streams.c         0x00000000   Number         0  stdout.o ABSOLUTE
    ../clib/microlib/string/memcmp.c         0x00000000   Number         0  memcmp.o ABSOLUTE
    ../clib/microlib/string/memset.c         0x00000000   Number         0  memseta.o ABSOLUTE
    ../clib/microlib/string/strcpy.c         0x00000000   Number         0  strcpy.o ABSOLUTE
    ../clib/microlib/string/strlen.c         0x00000000   Number         0  strlen.o ABSOLUTE
    ../clib/microlib/string/strstr.c         0x00000000   Number         0  strstr.o ABSOLUTE
    ../clib/microlib/stubs.s                 0x00000000   Number         0  iusefp.o ABSOLUTE
    ../fplib/microlib/d2f.c                  0x00000000   Number         0  d2f.o ABSOLUTE
    ../fplib/microlib/f2d.c                  0x00000000   Number         0  f2d.o ABSOLUTE
    ../fplib/microlib/fpadd.c                0x00000000   Number         0  dadd.o ABSOLUTE
    ../fplib/microlib/fpadd.c                0x00000000   Number         0  fadd.o ABSOLUTE
    ../fplib/microlib/fpdiv.c                0x00000000   Number         0  ddiv.o ABSOLUTE
    ../fplib/microlib/fpdiv.c                0x00000000   Number         0  fdiv.o ABSOLUTE
    ../fplib/microlib/fpepilogue.c           0x00000000   Number         0  fepilogue.o ABSOLUTE
    ../fplib/microlib/fpepilogue.c           0x00000000   Number         0  depilogue.o ABSOLUTE
    ../fplib/microlib/fpfix.c                0x00000000   Number         0  dfixul.o ABSOLUTE
    ../fplib/microlib/fpflt.c                0x00000000   Number         0  ffltui.o ABSOLUTE
    ../fplib/microlib/fpflt.c                0x00000000   Number         0  dflti.o ABSOLUTE
    ../fplib/microlib/fpmul.c                0x00000000   Number         0  dmul.o ABSOLUTE
    ../fplib/microlib/fpmul.c                0x00000000   Number         0  fmul.o ABSOLUTE
    ../fplib/microlib/fpscalb.c              0x00000000   Number         0  dscalb.o ABSOLUTE
    ../fplib/microlib/fpsqrt.c               0x00000000   Number         0  dsqrt.o ABSOLUTE
    ../mathlib/dunder.c                      0x00000000   Number         0  dunder.o ABSOLUTE
    ../mathlib/fpclassify.c                  0x00000000   Number         0  fpclassify.o ABSOLUTE
    ../mathlib/poly.c                        0x00000000   Number         0  poly.o ABSOLUTE
    ../mathlib/pow.c                         0x00000000   Number         0  pow.o ABSOLUTE
    ../mathlib/pow.c                         0x00000000   Number         0  pow_x.o ABSOLUTE
    ../mathlib/qnan.c                        0x00000000   Number         0  qnan.o ABSOLUTE
    ../mathlib/sqrt.c                        0x00000000   Number         0  sqrt.o ABSOLUTE
    ../mathlib/sqrt.c                        0x00000000   Number         0  sqrt_x.o ABSOLUTE
    ..\BSP\DHT11\DHT11.c                     0x00000000   Number         0  dht11.o ABSOLUTE
    ..\BSP\ESP8266\esp8266.c                 0x00000000   Number         0  esp8266.o ABSOLUTE
    ..\BSP\KEY\KEY.c                         0x00000000   Number         0  key.o ABSOLUTE
    ..\BSP\LCD\bsp_ili9341_lcd.c             0x00000000   Number         0  bsp_ili9341_lcd.o ABSOLUTE
    ..\BSP\LED\LED.c                         0x00000000   Number         0  led.o ABSOLUTE
    ..\BSP\MQ7\MQ2.c                         0x00000000   Number         0  mq2.o ABSOLUTE
    ..\BSP\RTC\RTC.c                         0x00000000   Number         0  rtc.o ABSOLUTE
    ..\BSP\UART\bsp_usart.c                  0x00000000   Number         0  bsp_usart.o ABSOLUTE
    ..\BSP\font\fonts.c                      0x00000000   Number         0  fonts.o ABSOLUTE
    ..\Libraries\CMSIS\core_cm3.c            0x00000000   Number         0  core_cm3.o ABSOLUTE
    ..\Libraries\CMSIS\startup\startup_stm32f10x_hd.s 0x00000000   Number         0  startup_stm32f10x_hd.o ABSOLUTE
    ..\Libraries\CMSIS\system_stm32f10x.c    0x00000000   Number         0  system_stm32f10x.o ABSOLUTE
    ..\Libraries\STM32F10x_StdPeriph_Driver\src\misc.c 0x00000000   Number         0  misc.o ABSOLUTE
    ..\Libraries\STM32F10x_StdPeriph_Driver\src\stm32f10x_adc.c 0x00000000   Number         0  stm32f10x_adc.o ABSOLUTE
    ..\Libraries\STM32F10x_StdPeriph_Driver\src\stm32f10x_bkp.c 0x00000000   Number         0  stm32f10x_bkp.o ABSOLUTE
    ..\Libraries\STM32F10x_StdPeriph_Driver\src\stm32f10x_can.c 0x00000000   Number         0  stm32f10x_can.o ABSOLUTE
    ..\Libraries\STM32F10x_StdPeriph_Driver\src\stm32f10x_cec.c 0x00000000   Number         0  stm32f10x_cec.o ABSOLUTE
    ..\Libraries\STM32F10x_StdPeriph_Driver\src\stm32f10x_crc.c 0x00000000   Number         0  stm32f10x_crc.o ABSOLUTE
    ..\Libraries\STM32F10x_StdPeriph_Driver\src\stm32f10x_dac.c 0x00000000   Number         0  stm32f10x_dac.o ABSOLUTE
    ..\Libraries\STM32F10x_StdPeriph_Driver\src\stm32f10x_dbgmcu.c 0x00000000   Number         0  stm32f10x_dbgmcu.o ABSOLUTE
    ..\Libraries\STM32F10x_StdPeriph_Driver\src\stm32f10x_dma.c 0x00000000   Number         0  stm32f10x_dma.o ABSOLUTE
    ..\Libraries\STM32F10x_StdPeriph_Driver\src\stm32f10x_exti.c 0x00000000   Number         0  stm32f10x_exti.o ABSOLUTE
    ..\Libraries\STM32F10x_StdPeriph_Driver\src\stm32f10x_flash.c 0x00000000   Number         0  stm32f10x_flash.o ABSOLUTE
    ..\Libraries\STM32F10x_StdPeriph_Driver\src\stm32f10x_fsmc.c 0x00000000   Number         0  stm32f10x_fsmc.o ABSOLUTE
    ..\Libraries\STM32F10x_StdPeriph_Driver\src\stm32f10x_gpio.c 0x00000000   Number         0  stm32f10x_gpio.o ABSOLUTE
    ..\Libraries\STM32F10x_StdPeriph_Driver\src\stm32f10x_i2c.c 0x00000000   Number         0  stm32f10x_i2c.o ABSOLUTE
    ..\Libraries\STM32F10x_StdPeriph_Driver\src\stm32f10x_iwdg.c 0x00000000   Number         0  stm32f10x_iwdg.o ABSOLUTE
    ..\Libraries\STM32F10x_StdPeriph_Driver\src\stm32f10x_pwr.c 0x00000000   Number         0  stm32f10x_pwr.o ABSOLUTE
    ..\Libraries\STM32F10x_StdPeriph_Driver\src\stm32f10x_rcc.c 0x00000000   Number         0  stm32f10x_rcc.o ABSOLUTE
    ..\Libraries\STM32F10x_StdPeriph_Driver\src\stm32f10x_rtc.c 0x00000000   Number         0  stm32f10x_rtc.o ABSOLUTE
    ..\Libraries\STM32F10x_StdPeriph_Driver\src\stm32f10x_sdio.c 0x00000000   Number         0  stm32f10x_sdio.o ABSOLUTE
    ..\Libraries\STM32F10x_StdPeriph_Driver\src\stm32f10x_spi.c 0x00000000   Number         0  stm32f10x_spi.o ABSOLUTE
    ..\Libraries\STM32F10x_StdPeriph_Driver\src\stm32f10x_tim.c 0x00000000   Number         0  stm32f10x_tim.o ABSOLUTE
    ..\Libraries\STM32F10x_StdPeriph_Driver\src\stm32f10x_usart.c 0x00000000   Number         0  stm32f10x_usart.o ABSOLUTE
    ..\Libraries\STM32F10x_StdPeriph_Driver\src\stm32f10x_wwdg.c 0x00000000   Number         0  stm32f10x_wwdg.o ABSOLUTE
    ..\User\delay.c                          0x00000000   Number         0  delay.o ABSOLUTE
    ..\User\main.c                           0x00000000   Number         0  main.o ABSOLUTE
    ..\User\stm32f10x_it.c                   0x00000000   Number         0  stm32f10x_it.o ABSOLUTE
    ..\\Libraries\\CMSIS\\core_cm3.c         0x00000000   Number         0  core_cm3.o ABSOLUTE
    cdcmple.s                                0x00000000   Number         0  cdcmple.o ABSOLUTE
    cdrcmple.s                               0x00000000   Number         0  cdrcmple.o ABSOLUTE
    dc.s                                     0x00000000   Number         0  dc.o ABSOLUTE
    handlers.s                               0x00000000   Number         0  handlers.o ABSOLUTE
    init.s                                   0x00000000   Number         0  init.o ABSOLUTE
    RESET                                    0x08000000   Section      304  startup_stm32f10x_hd.o(RESET)
    .ARM.Collect$$$$00000000                 0x08000130   Section        0  entry.o(.ARM.Collect$$$$00000000)
    .ARM.Collect$$$$00000001                 0x08000130   Section        4  entry2.o(.ARM.Collect$$$$00000001)
    .ARM.Collect$$$$00000004                 0x08000134   Section        4  entry5.o(.ARM.Collect$$$$00000004)
    .ARM.Collect$$$$00000008                 0x08000138   Section        0  entry7b.o(.ARM.Collect$$$$00000008)
    .ARM.Collect$$$$0000000A                 0x08000138   Section        0  entry8b.o(.ARM.Collect$$$$0000000A)
    .ARM.Collect$$$$0000000B                 0x08000138   Section        8  entry9a.o(.ARM.Collect$$$$0000000B)
    .ARM.Collect$$$$0000000D                 0x08000140   Section        0  entry10a.o(.ARM.Collect$$$$0000000D)
    .ARM.Collect$$$$0000000F                 0x08000140   Section        0  entry11a.o(.ARM.Collect$$$$0000000F)
    .ARM.Collect$$$$00002712                 0x08000140   Section        4  entry2.o(.ARM.Collect$$$$00002712)
    __lit__00000000                          0x08000140   Data           4  entry2.o(.ARM.Collect$$$$00002712)
    .text                                    0x08000144   Section       36  startup_stm32f10x_hd.o(.text)
    .text                                    0x08000168   Section        0  memseta.o(.text)
    .text                                    0x0800018c   Section        0  strstr.o(.text)
    .text                                    0x080001b0   Section        0  strlen.o(.text)
    .text                                    0x080001be   Section        0  memcmp.o(.text)
    .text                                    0x080001d8   Section        0  strcpy.o(.text)
    .text                                    0x080001ea   Section        0  fadd.o(.text)
    .text                                    0x0800029a   Section        0  fmul.o(.text)
    .text                                    0x080002fe   Section        0  fdiv.o(.text)
    .text                                    0x0800037a   Section        0  dmul.o(.text)
    .text                                    0x0800045e   Section        0  ddiv.o(.text)
    .text                                    0x0800053c   Section        0  ffltui.o(.text)
    .text                                    0x08000546   Section        0  f2d.o(.text)
    .text                                    0x0800056c   Section        0  d2f.o(.text)
    .text                                    0x080005a4   Section        0  uidiv.o(.text)
    .text                                    0x080005d0   Section        0  uldiv.o(.text)
    .text                                    0x08000632   Section        0  fepilogue.o(.text)
    .text                                    0x08000632   Section        0  iusefp.o(.text)
    .text                                    0x080006a0   Section        0  depilogue.o(.text)
    .text                                    0x0800075a   Section        0  dadd.o(.text)
    .text                                    0x080008a8   Section        0  dscalb.o(.text)
    .text                                    0x080008d6   Section        0  dflti.o(.text)
    .text                                    0x080008f8   Section        0  dfixul.o(.text)
    .text                                    0x08000928   Section       48  cdrcmple.o(.text)
    .text                                    0x08000958   Section       36  init.o(.text)
    .text                                    0x0800097c   Section        0  llshl.o(.text)
    .text                                    0x0800099a   Section        0  llushr.o(.text)
    .text                                    0x080009ba   Section        0  llsshr.o(.text)
    .text                                    0x080009de   Section        0  dsqrt.o(.text)
    .text                                    0x08000a80   Section        0  __dczerorl2.o(.text)
    i.ADC_Cmd                                0x08000ad6   Section        0  stm32f10x_adc.o(i.ADC_Cmd)
    i.ADC_DMACmd                             0x08000aec   Section        0  stm32f10x_adc.o(i.ADC_DMACmd)
    i.ADC_GetCalibrationStatus               0x08000b02   Section        0  stm32f10x_adc.o(i.ADC_GetCalibrationStatus)
    i.ADC_GetResetCalibrationStatus          0x08000b16   Section        0  stm32f10x_adc.o(i.ADC_GetResetCalibrationStatus)
    i.ADC_Init                               0x08000b2c   Section        0  stm32f10x_adc.o(i.ADC_Init)
    i.ADC_RegularChannelConfig               0x08000b7c   Section        0  stm32f10x_adc.o(i.ADC_RegularChannelConfig)
    i.ADC_ResetCalibration                   0x08000c34   Section        0  stm32f10x_adc.o(i.ADC_ResetCalibration)
    i.ADC_SoftwareStartConvCmd               0x08000c3e   Section        0  stm32f10x_adc.o(i.ADC_SoftwareStartConvCmd)
    i.ADC_StartCalibration                   0x08000c54   Section        0  stm32f10x_adc.o(i.ADC_StartCalibration)
    i.ADC_StructInit                         0x08000c5e   Section        0  stm32f10x_adc.o(i.ADC_StructInit)
    i.Analyse_Data                           0x08000c70   Section        0  esp8266.o(i.Analyse_Data)
    i.BusFault_Handler                       0x08000ca4   Section        0  stm32f10x_it.o(i.BusFault_Handler)
    i.Check_Status                           0x08000ca8   Section        0  esp8266.o(i.Check_Status)
    i.DHT11_Init                             0x08000d1c   Section        0  dht11.o(i.DHT11_Init)
    i.DHT11_ReadByte                         0x08000d58   Section        0  dht11.o(i.DHT11_ReadByte)
    i.DHT11_ReadData                         0x08000d7e   Section        0  dht11.o(i.DHT11_ReadData)
    i.DHT11_Read_Bit                         0x08000ddc   Section        0  dht11.o(i.DHT11_Read_Bit)
    i.DMA_Cmd                                0x08000e3c   Section        0  stm32f10x_dma.o(i.DMA_Cmd)
    i.DMA_Init                               0x08000e54   Section        0  stm32f10x_dma.o(i.DMA_Init)
    i.DMA_StructInit                         0x08000e90   Section        0  stm32f10x_dma.o(i.DMA_StructInit)
    i.DebugMon_Handler                       0x08000eaa   Section        0  stm32f10x_it.o(i.DebugMon_Handler)
    i.DelayInit                              0x08000eac   Section        0  delay.o(i.DelayInit)
    i.DelayMs                                0x08000ef0   Section        0  delay.o(i.DelayMs)
    i.DelayUs                                0x08000f3c   Section        0  delay.o(i.DelayUs)
    i.Dev_StatusHandler                      0x08000f88   Section        0  esp8266.o(i.Dev_StatusHandler)
    i.EXTI0_IRQHandler                       0x08000fd0   Section        0  stm32f10x_it.o(i.EXTI0_IRQHandler)
    i.EXTI15_10_IRQHandler                   0x08001014   Section        0  stm32f10x_it.o(i.EXTI15_10_IRQHandler)
    i.EXTI_ClearITPendingBit                 0x0800105c   Section        0  stm32f10x_exti.o(i.EXTI_ClearITPendingBit)
    i.EXTI_GetITStatus                       0x08001068   Section        0  stm32f10x_exti.o(i.EXTI_GetITStatus)
    i.EXTI_Init                              0x08001090   Section        0  stm32f10x_exti.o(i.EXTI_Init)
    i.Esp8266_Init                           0x08001124   Section        0  esp8266.o(i.Esp8266_Init)
    i.GPIO_EXTILineConfig                    0x08001158   Section        0  stm32f10x_gpio.o(i.GPIO_EXTILineConfig)
    i.GPIO_Init                              0x08001198   Section        0  stm32f10x_gpio.o(i.GPIO_Init)
    i.GPIO_PinRemapConfig                    0x080012b0   Section        0  stm32f10x_gpio.o(i.GPIO_PinRemapConfig)
    i.GPIO_ReadInputDataBit                  0x08001340   Section        0  stm32f10x_gpio.o(i.GPIO_ReadInputDataBit)
    i.GPIO_ResetBits                         0x08001352   Section        0  stm32f10x_gpio.o(i.GPIO_ResetBits)
    i.GPIO_SetBits                           0x08001356   Section        0  stm32f10x_gpio.o(i.GPIO_SetBits)
    i.GPIO_StructInit                        0x0800135a   Section        0  stm32f10x_gpio.o(i.GPIO_StructInit)
    i.GetAdcValue                            0x0800136c   Section        0  mq2.o(i.GetAdcValue)
    i.GetAdcValue_Average                    0x08001378   Section        0  mq2.o(i.GetAdcValue_Average)
    i.Get_PPMValue                           0x08001398   Section        0  mq2.o(i.Get_PPMValue)
    i.HardFault_Handler                      0x08001454   Section        0  stm32f10x_it.o(i.HardFault_Handler)
    i.ILI9341_BackLed_Control                0x08001458   Section        0  bsp_ili9341_lcd.o(i.ILI9341_BackLed_Control)
    i.ILI9341_Clear                          0x08001478   Section        0  bsp_ili9341_lcd.o(i.ILI9341_Clear)
    i.ILI9341_Delay                          0x080014a4   Section        0  bsp_ili9341_lcd.o(i.ILI9341_Delay)
    ILI9341_Delay                            0x080014a5   Thumb Code    18  bsp_ili9341_lcd.o(i.ILI9341_Delay)
    i.ILI9341_DispChar_EN                    0x080014b8   Section        0  bsp_ili9341_lcd.o(i.ILI9341_DispChar_EN)
    i.ILI9341_DispStringLine_EN              0x08001550   Section        0  bsp_ili9341_lcd.o(i.ILI9341_DispStringLine_EN)
    i.ILI9341_FillColor                      0x080015b8   Section        0  bsp_ili9341_lcd.o(i.ILI9341_FillColor)
    ILI9341_FillColor                        0x080015b9   Thumb Code    32  bsp_ili9341_lcd.o(i.ILI9341_FillColor)
    i.ILI9341_GPIO_Config                    0x080015d8   Section        0  bsp_ili9341_lcd.o(i.ILI9341_GPIO_Config)
    ILI9341_GPIO_Config                      0x080015d9   Thumb Code   126  bsp_ili9341_lcd.o(i.ILI9341_GPIO_Config)
    i.ILI9341_GramScan                       0x08001668   Section        0  bsp_ili9341_lcd.o(i.ILI9341_GramScan)
    i.ILI9341_Init                           0x08001720   Section        0  bsp_ili9341_lcd.o(i.ILI9341_Init)
    i.ILI9341_OpenWindow                     0x08001740   Section        0  bsp_ili9341_lcd.o(i.ILI9341_OpenWindow)
    i.ILI9341_REG_Config                     0x080017a0   Section        0  bsp_ili9341_lcd.o(i.ILI9341_REG_Config)
    ILI9341_REG_Config                       0x080017a1   Thumb Code   684  bsp_ili9341_lcd.o(i.ILI9341_REG_Config)
    i.ILI9341_Write_Cmd                      0x08001a50   Section        0  bsp_ili9341_lcd.o(i.ILI9341_Write_Cmd)
    i.ILI9341_Write_Data                     0x08001a78   Section        0  bsp_ili9341_lcd.o(i.ILI9341_Write_Data)
    i.Is_Leap_Year                           0x08001aa0   Section        0  rtc.o(i.Is_Leap_Year)
    i.Is_OK                                  0x08001adc   Section        0  esp8266.o(i.Is_OK)
    i.Key_Init                               0x08001b28   Section        0  key.o(i.Key_Init)
    i.LCD_ClearLine                          0x08001bf4   Section        0  bsp_ili9341_lcd.o(i.LCD_ClearLine)
    i.LCD_GetFont                            0x08001c14   Section        0  bsp_ili9341_lcd.o(i.LCD_GetFont)
    i.LCD_SetColors                          0x08001c20   Section        0  bsp_ili9341_lcd.o(i.LCD_SetColors)
    i.LCD_SetFont                            0x08001c34   Section        0  bsp_ili9341_lcd.o(i.LCD_SetFont)
    i.LCD_SetTextColor                       0x08001c40   Section        0  bsp_ili9341_lcd.o(i.LCD_SetTextColor)
    i.Led_Init                               0x08001c4c   Section        0  led.o(i.Led_Init)
    i.MemManage_Handler                      0x08001ca0   Section        0  stm32f10x_it.o(i.MemManage_Handler)
    i.Mq2_Init                               0x08001ca4   Section        0  mq2.o(i.Mq2_Init)
    i.NMI_Handler                            0x08001dc0   Section        0  stm32f10x_it.o(i.NMI_Handler)
    i.NVIC_Init                              0x08001dc4   Section        0  misc.o(i.NVIC_Init)
    i.NVIC_PriorityGroupConfig               0x08001e34   Section        0  misc.o(i.NVIC_PriorityGroupConfig)
    i.PendSV_Handler                         0x08001e48   Section        0  stm32f10x_it.o(i.PendSV_Handler)
    i.RCC_ADCCLKConfig                       0x08001e4c   Section        0  stm32f10x_rcc.o(i.RCC_ADCCLKConfig)
    i.RCC_AHBPeriphClockCmd                  0x08001e64   Section        0  stm32f10x_rcc.o(i.RCC_AHBPeriphClockCmd)
    i.RCC_APB1PeriphClockCmd                 0x08001e84   Section        0  stm32f10x_rcc.o(i.RCC_APB1PeriphClockCmd)
    i.RCC_APB2PeriphClockCmd                 0x08001ea4   Section        0  stm32f10x_rcc.o(i.RCC_APB2PeriphClockCmd)
    i.RCC_GetClocksFreq                      0x08001ec4   Section        0  stm32f10x_rcc.o(i.RCC_GetClocksFreq)
    i.RTC_ClearITPendingBit                  0x08001f98   Section        0  stm32f10x_rtc.o(i.RTC_ClearITPendingBit)
    i.RTC_Get                                0x08001fa8   Section        0  rtc.o(i.RTC_Get)
    i.RTC_GetCounter                         0x08002098   Section        0  stm32f10x_rtc.o(i.RTC_GetCounter)
    i.RTC_GetITStatus                        0x080020ac   Section        0  stm32f10x_rtc.o(i.RTC_GetITStatus)
    i.RTC_IRQHandler                         0x080020d0   Section        0  stm32f10x_it.o(i.RTC_IRQHandler)
    i.RTC_WaitForLastTask                    0x08002150   Section        0  stm32f10x_rtc.o(i.RTC_WaitForLastTask)
    i.Recv_Ack                               0x08002164   Section        0  dht11.o(i.Recv_Ack)
    i.SVC_Handler                            0x080021c8   Section        0  stm32f10x_it.o(i.SVC_Handler)
    i.Send_AT_CIPMODE                        0x080021cc   Section        0  esp8266.o(i.Send_AT_CIPMODE)
    i.Send_AT_CIPMUX                         0x08002234   Section        0  esp8266.o(i.Send_AT_CIPMUX)
    i.Send_AT_CIPSEND                        0x0800229c   Section        0  esp8266.o(i.Send_AT_CIPSEND)
    i.Send_AT_CIPSTART                       0x08002304   Section        0  esp8266.o(i.Send_AT_CIPSTART)
    i.Send_AT_CIPSTATUS                      0x0800236c   Section        0  esp8266.o(i.Send_AT_CIPSTATUS)
    i.Send_AT_CWJAP                          0x080023b8   Section        0  esp8266.o(i.Send_AT_CWJAP)
    i.Send_AT_CWJAP_SELECT                   0x08002424   Section        0  esp8266.o(i.Send_AT_CWJAP_SELECT)
    i.Send_AT_CWMODE                         0x080024c0   Section        0  esp8266.o(i.Send_AT_CWMODE)
    i.Send_AT_Exit                           0x08002528   Section        0  esp8266.o(i.Send_AT_Exit)
    i.Send_AT_RST                            0x0800255c   Section        0  esp8266.o(i.Send_AT_RST)
    i.Send_Start                             0x080025c8   Section        0  dht11.o(i.Send_Start)
    i.SetSysClock                            0x08002604   Section        0  system_stm32f10x.o(i.SetSysClock)
    SetSysClock                              0x08002605   Thumb Code     8  system_stm32f10x.o(i.SetSysClock)
    i.SetSysClockTo72                        0x0800260c   Section        0  system_stm32f10x.o(i.SetSysClockTo72)
    SetSysClockTo72                          0x0800260d   Thumb Code   214  system_stm32f10x.o(i.SetSysClockTo72)
    i.SysTick_CLKSourceConfig                0x080026ec   Section        0  misc.o(i.SysTick_CLKSourceConfig)
    i.SysTick_Handler                        0x08002714   Section        0  stm32f10x_it.o(i.SysTick_Handler)
    i.SystemInit                             0x08002718   Section        0  system_stm32f10x.o(i.SystemInit)
    i.USART2_IRQHandler                      0x08002778   Section        0  stm32f10x_it.o(i.USART2_IRQHandler)
    i.USART_ClearFlag                        0x080027cc   Section        0  stm32f10x_usart.o(i.USART_ClearFlag)
    i.USART_Cmd                              0x080027de   Section        0  stm32f10x_usart.o(i.USART_Cmd)
    i.USART_Config                           0x080027f8   Section        0  bsp_usart.o(i.USART_Config)
    i.USART_GetFlagStatus                    0x08002878   Section        0  stm32f10x_usart.o(i.USART_GetFlagStatus)
    i.USART_GetITStatus                      0x08002892   Section        0  stm32f10x_usart.o(i.USART_GetITStatus)
    i.USART_ITConfig                         0x080028e6   Section        0  stm32f10x_usart.o(i.USART_ITConfig)
    i.USART_Init                             0x08002930   Section        0  stm32f10x_usart.o(i.USART_Init)
    i.USART_ReceiveData                      0x08002a08   Section        0  stm32f10x_usart.o(i.USART_ReceiveData)
    i.USART_SendData                         0x08002a12   Section        0  stm32f10x_usart.o(i.USART_SendData)
    i.Uart2_Config                           0x08002a1c   Section        0  esp8266.o(i.Uart2_Config)
    i.Upload_DataPoint                       0x08002ac4   Section        0  esp8266.o(i.Upload_DataPoint)
    i.UsageFault_Handler                     0x08002bbc   Section        0  stm32f10x_it.o(i.UsageFault_Handler)
    i.Usart_SendByte                         0x08002bc0   Section        0  esp8266.o(i.Usart_SendByte)
    i.Usart_SendString                       0x08002bde   Section        0  esp8266.o(i.Usart_SendString)
    i.Wifi_Config                            0x08002c08   Section        0  esp8266.o(i.Wifi_Config)
    i.__0printf                              0x08002c7c   Section        0  printfa.o(i.__0printf)
    i.__0sprintf                             0x08002c9c   Section        0  printfa.o(i.__0sprintf)
    i.__ARM_fpclassify                       0x08002cc4   Section        0  fpclassify.o(i.__ARM_fpclassify)
    i.__kernel_poly                          0x08002cec   Section        0  poly.o(i.__kernel_poly)
    i.__mathlib_dbl_divzero                  0x08002d98   Section        0  dunder.o(i.__mathlib_dbl_divzero)
    i.__mathlib_dbl_infnan2                  0x08002da8   Section        0  dunder.o(i.__mathlib_dbl_infnan2)
    i.__mathlib_dbl_invalid                  0x08002dac   Section        0  dunder.o(i.__mathlib_dbl_invalid)
    i.__mathlib_dbl_overflow                 0x08002db8   Section        0  dunder.o(i.__mathlib_dbl_overflow)
    i.__mathlib_dbl_underflow                0x08002dc8   Section        0  dunder.o(i.__mathlib_dbl_underflow)
    i.__scatterload_copy                     0x08002dd8   Section       14  handlers.o(i.__scatterload_copy)
    i.__scatterload_null                     0x08002de6   Section        2  handlers.o(i.__scatterload_null)
    i.__scatterload_zeroinit                 0x08002de8   Section       14  handlers.o(i.__scatterload_zeroinit)
    i.__set_errno                            0x08002df8   Section        0  errno.o(i.__set_errno)
    i._fp_digits                             0x08002e04   Section        0  printfa.o(i._fp_digits)
    _fp_digits                               0x08002e05   Thumb Code   334  printfa.o(i._fp_digits)
    i._printf_core                           0x08002f68   Section        0  printfa.o(i._printf_core)
    _printf_core                             0x08002f69   Thumb Code  1744  printfa.o(i._printf_core)
    i._printf_post_padding                   0x08003644   Section        0  printfa.o(i._printf_post_padding)
    _printf_post_padding                     0x08003645   Thumb Code    36  printfa.o(i._printf_post_padding)
    i._printf_pre_padding                    0x08003668   Section        0  printfa.o(i._printf_pre_padding)
    _printf_pre_padding                      0x08003669   Thumb Code    46  printfa.o(i._printf_pre_padding)
    i._sputc                                 0x08003696   Section        0  printfa.o(i._sputc)
    _sputc                                   0x08003697   Thumb Code    10  printfa.o(i._sputc)
    i.fputc                                  0x080036a0   Section        0  bsp_usart.o(i.fputc)
    i.main                                   0x080036c4   Section        0  main.o(i.main)
    i.pow                                    0x08003ae4   Section        0  pow.o(i.pow)
    i.sqrt                                   0x080044bc   Section        0  sqrt.o(i.sqrt)
    .constdata                               0x08004508   Section    15200  fonts.o(.constdata)
    .constdata                               0x08008068   Section       12  rtc.o(.constdata)
    .constdata                               0x08008078   Section      136  pow.o(.constdata)
    bp                                       0x08008078   Data          16  pow.o(.constdata)
    dp_h                                     0x08008088   Data          16  pow.o(.constdata)
    dp_l                                     0x08008098   Data          16  pow.o(.constdata)
    L                                        0x080080a8   Data          48  pow.o(.constdata)
    P                                        0x080080d8   Data          40  pow.o(.constdata)
    .constdata                               0x08008100   Section        8  qnan.o(.constdata)
    .conststring                             0x08008108   Section       99  esp8266.o(.conststring)
    .data                                    0x20000000   Section       20  system_stm32f10x.o(.data)
    .data                                    0x20000014   Section       20  stm32f10x_rcc.o(.data)
    APBAHBPrescTable                         0x20000014   Data          16  stm32f10x_rcc.o(.data)
    ADCPrescTable                            0x20000024   Data           4  stm32f10x_rcc.o(.data)
    .data                                    0x20000028   Section        8  main.o(.data)
    Send_Succ                                0x20000028   Data           4  main.o(.data)
    Send_Fail                                0x2000002c   Data           4  main.o(.data)
    .data                                    0x20000030   Section        4  delay.o(.data)
    fac_us                                   0x20000030   Data           1  delay.o(.data)
    fac_ms                                   0x20000032   Data           2  delay.o(.data)
    .data                                    0x20000034   Section       16  bsp_ili9341_lcd.o(.data)
    LCD_Currentfonts                         0x2000003c   Data           4  bsp_ili9341_lcd.o(.data)
    CurrentTextColor                         0x20000040   Data           2  bsp_ili9341_lcd.o(.data)
    CurrentBackColor                         0x20000042   Data           2  bsp_ili9341_lcd.o(.data)
    .data                                    0x20000044   Section       24  fonts.o(.data)
    .data                                    0x2000005c   Section      202  esp8266.o(.data)
    .data                                    0x20000128   Section        6  mq2.o(.data)
    R0                                       0x20000128   Data           4  mq2.o(.data)
    ADCConvertedValue                        0x2000012c   Data           2  mq2.o(.data)
    .data                                    0x2000012e   Section        2  key.o(.data)
    .data                                    0x20000130   Section        2  rtc.o(.data)
    dayCount                                 0x20000130   Data           2  rtc.o(.data)
    .data                                    0x20000134   Section        4  stdout.o(.data)
    .data                                    0x20000138   Section        4  errno.o(.data)
    _errno                                   0x20000138   Data           4  errno.o(.data)
    .bss                                     0x2000013c   Section     1221  esp8266.o(.bss)
    .bss                                     0x20000604   Section       28  rtc.o(.bss)
    STACK                                    0x20000620   Section     1024  startup_stm32f10x_hd.o(STACK)

    Global Symbols

    Symbol Name                              Value     Ov Type        Size  Object(Section)

    BuildAttributes$$THM_ISAv4$P$D$K$B$S$PE$A:L22UL41UL21$X:L11$S22US41US21$IEEE1$IW$USESV6$~STKCKD$USESV7$~SHL$OTIME$ROPI$IEEEX$EBA8$MICROLIB$REQ8$PRES8$EABIv2 0x00000000   Number         0  anon$$obj.o ABSOLUTE
    __ARM_use_no_argv                        0x00000000   Number         0  main.o ABSOLUTE
    _printf_a                                0x00000000   Number         0  stubs.o ABSOLUTE
    _printf_c                                0x00000000   Number         0  stubs.o ABSOLUTE
    _printf_charcount                        0x00000000   Number         0  stubs.o ABSOLUTE
    _printf_d                                0x00000000   Number         0  stubs.o ABSOLUTE
    _printf_e                                0x00000000   Number         0  stubs.o ABSOLUTE
    _printf_f                                0x00000000   Number         0  stubs.o ABSOLUTE
    _printf_flags                            0x00000000   Number         0  stubs.o ABSOLUTE
    _printf_fp_dec                           0x00000000   Number         0  stubs.o ABSOLUTE
    _printf_fp_hex                           0x00000000   Number         0  stubs.o ABSOLUTE
    _printf_g                                0x00000000   Number         0  stubs.o ABSOLUTE
    _printf_i                                0x00000000   Number         0  stubs.o ABSOLUTE
    _printf_int_dec                          0x00000000   Number         0  stubs.o ABSOLUTE
    _printf_l                                0x00000000   Number         0  stubs.o ABSOLUTE
    _printf_lc                               0x00000000   Number         0  stubs.o ABSOLUTE
    _printf_ll                               0x00000000   Number         0  stubs.o ABSOLUTE
    _printf_lld                              0x00000000   Number         0  stubs.o ABSOLUTE
    _printf_lli                              0x00000000   Number         0  stubs.o ABSOLUTE
    _printf_llo                              0x00000000   Number         0  stubs.o ABSOLUTE
    _printf_llu                              0x00000000   Number         0  stubs.o ABSOLUTE
    _printf_llx                              0x00000000   Number         0  stubs.o ABSOLUTE
    _printf_longlong_dec                     0x00000000   Number         0  stubs.o ABSOLUTE
    _printf_longlong_hex                     0x00000000   Number         0  stubs.o ABSOLUTE
    _printf_longlong_oct                     0x00000000   Number         0  stubs.o ABSOLUTE
    _printf_ls                               0x00000000   Number         0  stubs.o ABSOLUTE
    _printf_mbtowc                           0x00000000   Number         0  stubs.o ABSOLUTE
    _printf_n                                0x00000000   Number         0  stubs.o ABSOLUTE
    _printf_o                                0x00000000   Number         0  stubs.o ABSOLUTE
    _printf_p                                0x00000000   Number         0  stubs.o ABSOLUTE
    _printf_percent                          0x00000000   Number         0  stubs.o ABSOLUTE
    _printf_pre_padding                      0x00000000   Number         0  stubs.o ABSOLUTE
    _printf_return_value                     0x00000000   Number         0  stubs.o ABSOLUTE
    _printf_s                                0x00000000   Number         0  stubs.o ABSOLUTE
    _printf_sizespec                         0x00000000   Number         0  stubs.o ABSOLUTE
    _printf_str                              0x00000000   Number         0  stubs.o ABSOLUTE
    _printf_truncate_signed                  0x00000000   Number         0  stubs.o ABSOLUTE
    _printf_truncate_unsigned                0x00000000   Number         0  stubs.o ABSOLUTE
    _printf_u                                0x00000000   Number         0  stubs.o ABSOLUTE
    _printf_wc                               0x00000000   Number         0  stubs.o ABSOLUTE
    _printf_wctomb                           0x00000000   Number         0  stubs.o ABSOLUTE
    _printf_widthprec                        0x00000000   Number         0  stubs.o ABSOLUTE
    _printf_x                                0x00000000   Number         0  stubs.o ABSOLUTE
    __cpp_initialize__aeabi_                  - Undefined Weak Reference
    __cxa_finalize                            - Undefined Weak Reference
    _clock_init                               - Undefined Weak Reference
    _microlib_exit                            - Undefined Weak Reference
    __Vectors_Size                           0x00000130   Number         0  startup_stm32f10x_hd.o ABSOLUTE
    __Vectors                                0x08000000   Data           4  startup_stm32f10x_hd.o(RESET)
    __Vectors_End                            0x08000130   Data           0  startup_stm32f10x_hd.o(RESET)
    __main                                   0x08000131   Thumb Code     0  entry.o(.ARM.Collect$$$$00000000)
    _main_stk                                0x08000131   Thumb Code     0  entry2.o(.ARM.Collect$$$$00000001)
    _main_scatterload                        0x08000135   Thumb Code     0  entry5.o(.ARM.Collect$$$$00000004)
    __main_after_scatterload                 0x08000139   Thumb Code     0  entry5.o(.ARM.Collect$$$$00000004)
    _main_clock                              0x08000139   Thumb Code     0  entry7b.o(.ARM.Collect$$$$00000008)
    _main_cpp_init                           0x08000139   Thumb Code     0  entry8b.o(.ARM.Collect$$$$0000000A)
    _main_init                               0x08000139   Thumb Code     0  entry9a.o(.ARM.Collect$$$$0000000B)
    __rt_final_cpp                           0x08000141   Thumb Code     0  entry10a.o(.ARM.Collect$$$$0000000D)
    __rt_final_exit                          0x08000141   Thumb Code     0  entry11a.o(.ARM.Collect$$$$0000000F)
    Reset_Handler                            0x08000145   Thumb Code     8  startup_stm32f10x_hd.o(.text)
    ADC1_2_IRQHandler                        0x0800015f   Thumb Code     0  startup_stm32f10x_hd.o(.text)
    ADC3_IRQHandler                          0x0800015f   Thumb Code     0  startup_stm32f10x_hd.o(.text)
    CAN1_RX1_IRQHandler                      0x0800015f   Thumb Code     0  startup_stm32f10x_hd.o(.text)
    CAN1_SCE_IRQHandler                      0x0800015f   Thumb Code     0  startup_stm32f10x_hd.o(.text)
    DMA1_Channel1_IRQHandler                 0x0800015f   Thumb Code     0  startup_stm32f10x_hd.o(.text)
    DMA1_Channel2_IRQHandler                 0x0800015f   Thumb Code     0  startup_stm32f10x_hd.o(.text)
    DMA1_Channel3_IRQHandler                 0x0800015f   Thumb Code     0  startup_stm32f10x_hd.o(.text)
    DMA1_Channel4_IRQHandler                 0x0800015f   Thumb Code     0  startup_stm32f10x_hd.o(.text)
    DMA1_Channel5_IRQHandler                 0x0800015f   Thumb Code     0  startup_stm32f10x_hd.o(.text)
    DMA1_Channel6_IRQHandler                 0x0800015f   Thumb Code     0  startup_stm32f10x_hd.o(.text)
    DMA1_Channel7_IRQHandler                 0x0800015f   Thumb Code     0  startup_stm32f10x_hd.o(.text)
    DMA2_Channel1_IRQHandler                 0x0800015f   Thumb Code     0  startup_stm32f10x_hd.o(.text)
    DMA2_Channel2_IRQHandler                 0x0800015f   Thumb Code     0  startup_stm32f10x_hd.o(.text)
    DMA2_Channel3_IRQHandler                 0x0800015f   Thumb Code     0  startup_stm32f10x_hd.o(.text)
    DMA2_Channel4_5_IRQHandler               0x0800015f   Thumb Code     0  startup_stm32f10x_hd.o(.text)
    EXTI1_IRQHandler                         0x0800015f   Thumb Code     0  startup_stm32f10x_hd.o(.text)
    EXTI2_IRQHandler                         0x0800015f   Thumb Code     0  startup_stm32f10x_hd.o(.text)
    EXTI3_IRQHandler                         0x0800015f   Thumb Code     0  startup_stm32f10x_hd.o(.text)
    EXTI4_IRQHandler                         0x0800015f   Thumb Code     0  startup_stm32f10x_hd.o(.text)
    EXTI9_5_IRQHandler                       0x0800015f   Thumb Code     0  startup_stm32f10x_hd.o(.text)
    FLASH_IRQHandler                         0x0800015f   Thumb Code     0  startup_stm32f10x_hd.o(.text)
    FSMC_IRQHandler                          0x0800015f   Thumb Code     0  startup_stm32f10x_hd.o(.text)
    I2C1_ER_IRQHandler                       0x0800015f   Thumb Code     0  startup_stm32f10x_hd.o(.text)
    I2C1_EV_IRQHandler                       0x0800015f   Thumb Code     0  startup_stm32f10x_hd.o(.text)
    I2C2_ER_IRQHandler                       0x0800015f   Thumb Code     0  startup_stm32f10x_hd.o(.text)
    I2C2_EV_IRQHandler                       0x0800015f   Thumb Code     0  startup_stm32f10x_hd.o(.text)
    PVD_IRQHandler                           0x0800015f   Thumb Code     0  startup_stm32f10x_hd.o(.text)
    RCC_IRQHandler                           0x0800015f   Thumb Code     0  startup_stm32f10x_hd.o(.text)
    RTCAlarm_IRQHandler                      0x0800015f   Thumb Code     0  startup_stm32f10x_hd.o(.text)
    SDIO_IRQHandler                          0x0800015f   Thumb Code     0  startup_stm32f10x_hd.o(.text)
    SPI1_IRQHandler                          0x0800015f   Thumb Code     0  startup_stm32f10x_hd.o(.text)
    SPI2_IRQHandler                          0x0800015f   Thumb Code     0  startup_stm32f10x_hd.o(.text)
    SPI3_IRQHandler                          0x0800015f   Thumb Code     0  startup_stm32f10x_hd.o(.text)
    TAMPER_IRQHandler                        0x0800015f   Thumb Code     0  startup_stm32f10x_hd.o(.text)
    TIM1_BRK_IRQHandler                      0x0800015f   Thumb Code     0  startup_stm32f10x_hd.o(.text)
    TIM1_CC_IRQHandler                       0x0800015f   Thumb Code     0  startup_stm32f10x_hd.o(.text)
    TIM1_TRG_COM_IRQHandler                  0x0800015f   Thumb Code     0  startup_stm32f10x_hd.o(.text)
    TIM1_UP_IRQHandler                       0x0800015f   Thumb Code     0  startup_stm32f10x_hd.o(.text)
    TIM2_IRQHandler                          0x0800015f   Thumb Code     0  startup_stm32f10x_hd.o(.text)
    TIM3_IRQHandler                          0x0800015f   Thumb Code     0  startup_stm32f10x_hd.o(.text)
    TIM4_IRQHandler                          0x0800015f   Thumb Code     0  startup_stm32f10x_hd.o(.text)
    TIM5_IRQHandler                          0x0800015f   Thumb Code     0  startup_stm32f10x_hd.o(.text)
    TIM6_IRQHandler                          0x0800015f   Thumb Code     0  startup_stm32f10x_hd.o(.text)
    TIM7_IRQHandler                          0x0800015f   Thumb Code     0  startup_stm32f10x_hd.o(.text)
    TIM8_BRK_IRQHandler                      0x0800015f   Thumb Code     0  startup_stm32f10x_hd.o(.text)
    TIM8_CC_IRQHandler                       0x0800015f   Thumb Code     0  startup_stm32f10x_hd.o(.text)
    TIM8_TRG_COM_IRQHandler                  0x0800015f   Thumb Code     0  startup_stm32f10x_hd.o(.text)
    TIM8_UP_IRQHandler                       0x0800015f   Thumb Code     0  startup_stm32f10x_hd.o(.text)
    UART4_IRQHandler                         0x0800015f   Thumb Code     0  startup_stm32f10x_hd.o(.text)
    UART5_IRQHandler                         0x0800015f   Thumb Code     0  startup_stm32f10x_hd.o(.text)
    USART1_IRQHandler                        0x0800015f   Thumb Code     0  startup_stm32f10x_hd.o(.text)
    USART3_IRQHandler                        0x0800015f   Thumb Code     0  startup_stm32f10x_hd.o(.text)
    USBWakeUp_IRQHandler                     0x0800015f   Thumb Code     0  startup_stm32f10x_hd.o(.text)
    USB_HP_CAN1_TX_IRQHandler                0x0800015f   Thumb Code     0  startup_stm32f10x_hd.o(.text)
    USB_LP_CAN1_RX0_IRQHandler               0x0800015f   Thumb Code     0  startup_stm32f10x_hd.o(.text)
    WWDG_IRQHandler                          0x0800015f   Thumb Code     0  startup_stm32f10x_hd.o(.text)
    __aeabi_memset                           0x08000169   Thumb Code    14  memseta.o(.text)
    __aeabi_memset4                          0x08000169   Thumb Code     0  memseta.o(.text)
    __aeabi_memset8                          0x08000169   Thumb Code     0  memseta.o(.text)
    __aeabi_memclr                           0x08000177   Thumb Code     4  memseta.o(.text)
    __aeabi_memclr4                          0x08000177   Thumb Code     0  memseta.o(.text)
    __aeabi_memclr8                          0x08000177   Thumb Code     0  memseta.o(.text)
    _memset$wrapper                          0x0800017b   Thumb Code    18  memseta.o(.text)
    strstr                                   0x0800018d   Thumb Code    36  strstr.o(.text)
    strlen                                   0x080001b1   Thumb Code    14  strlen.o(.text)
    memcmp                                   0x080001bf   Thumb Code    26  memcmp.o(.text)
    strcpy                                   0x080001d9   Thumb Code    18  strcpy.o(.text)
    __aeabi_fadd                             0x080001eb   Thumb Code   164  fadd.o(.text)
    __aeabi_fsub                             0x0800028f   Thumb Code     6  fadd.o(.text)
    __aeabi_frsub                            0x08000295   Thumb Code     6  fadd.o(.text)
    __aeabi_fmul                             0x0800029b   Thumb Code   100  fmul.o(.text)
    __aeabi_fdiv                             0x080002ff   Thumb Code   124  fdiv.o(.text)
    __aeabi_dmul                             0x0800037b   Thumb Code   228  dmul.o(.text)
    __aeabi_ddiv                             0x0800045f   Thumb Code   222  ddiv.o(.text)
    __aeabi_ui2f                             0x0800053d   Thumb Code    10  ffltui.o(.text)
    __aeabi_f2d                              0x08000547   Thumb Code    38  f2d.o(.text)
    __aeabi_d2f                              0x0800056d   Thumb Code    56  d2f.o(.text)
    __aeabi_uidiv                            0x080005a5   Thumb Code     0  uidiv.o(.text)
    __aeabi_uidivmod                         0x080005a5   Thumb Code    44  uidiv.o(.text)
    __aeabi_uldivmod                         0x080005d1   Thumb Code    98  uldiv.o(.text)
    __I$use$fp                               0x08000633   Thumb Code     0  iusefp.o(.text)
    _float_round                             0x08000633   Thumb Code    18  fepilogue.o(.text)
    _float_epilogue                          0x08000645   Thumb Code    92  fepilogue.o(.text)
    _double_round                            0x080006a1   Thumb Code    30  depilogue.o(.text)
    _double_epilogue                         0x080006bf   Thumb Code   156  depilogue.o(.text)
    __aeabi_dadd                             0x0800075b   Thumb Code   322  dadd.o(.text)
    __aeabi_dsub                             0x0800089d   Thumb Code     6  dadd.o(.text)
    __aeabi_drsub                            0x080008a3   Thumb Code     6  dadd.o(.text)
    __ARM_scalbn                             0x080008a9   Thumb Code    46  dscalb.o(.text)
    scalbn                                   0x080008a9   Thumb Code     0  dscalb.o(.text)
    __aeabi_i2d                              0x080008d7   Thumb Code    34  dflti.o(.text)
    __aeabi_d2ulz                            0x080008f9   Thumb Code    48  dfixul.o(.text)
    __aeabi_cdrcmple                         0x08000929   Thumb Code    48  cdrcmple.o(.text)
    __scatterload                            0x08000959   Thumb Code    28  init.o(.text)
    __scatterload_rt2                        0x08000959   Thumb Code     0  init.o(.text)
    __aeabi_llsl                             0x0800097d   Thumb Code    30  llshl.o(.text)
    _ll_shift_l                              0x0800097d   Thumb Code     0  llshl.o(.text)
    __aeabi_llsr                             0x0800099b   Thumb Code    32  llushr.o(.text)
    _ll_ushift_r                             0x0800099b   Thumb Code     0  llushr.o(.text)
    __aeabi_lasr                             0x080009bb   Thumb Code    36  llsshr.o(.text)
    _ll_sshift_r                             0x080009bb   Thumb Code     0  llsshr.o(.text)
    _dsqrt                                   0x080009df   Thumb Code   162  dsqrt.o(.text)
    __decompress                             0x08000a81   Thumb Code     0  __dczerorl2.o(.text)
    __decompress1                            0x08000a81   Thumb Code    86  __dczerorl2.o(.text)
    ADC_Cmd                                  0x08000ad7   Thumb Code    22  stm32f10x_adc.o(i.ADC_Cmd)
    ADC_DMACmd                               0x08000aed   Thumb Code    22  stm32f10x_adc.o(i.ADC_DMACmd)
    ADC_GetCalibrationStatus                 0x08000b03   Thumb Code    20  stm32f10x_adc.o(i.ADC_GetCalibrationStatus)
    ADC_GetResetCalibrationStatus            0x08000b17   Thumb Code    20  stm32f10x_adc.o(i.ADC_GetResetCalibrationStatus)
    ADC_Init                                 0x08000b2d   Thumb Code    70  stm32f10x_adc.o(i.ADC_Init)
    ADC_RegularChannelConfig                 0x08000b7d   Thumb Code   184  stm32f10x_adc.o(i.ADC_RegularChannelConfig)
    ADC_ResetCalibration                     0x08000c35   Thumb Code    10  stm32f10x_adc.o(i.ADC_ResetCalibration)
    ADC_SoftwareStartConvCmd                 0x08000c3f   Thumb Code    22  stm32f10x_adc.o(i.ADC_SoftwareStartConvCmd)
    ADC_StartCalibration                     0x08000c55   Thumb Code    10  stm32f10x_adc.o(i.ADC_StartCalibration)
    ADC_StructInit                           0x08000c5f   Thumb Code    18  stm32f10x_adc.o(i.ADC_StructInit)
    Analyse_Data                             0x08000c71   Thumb Code    44  esp8266.o(i.Analyse_Data)
    BusFault_Handler                         0x08000ca5   Thumb Code     4  stm32f10x_it.o(i.BusFault_Handler)
    Check_Status                             0x08000ca9   Thumb Code    62  esp8266.o(i.Check_Status)
    DHT11_Init                               0x08000d1d   Thumb Code    54  dht11.o(i.DHT11_Init)
    DHT11_ReadByte                           0x08000d59   Thumb Code    38  dht11.o(i.DHT11_ReadByte)
    DHT11_ReadData                           0x08000d7f   Thumb Code    92  dht11.o(i.DHT11_ReadData)
    DHT11_Read_Bit                           0x08000ddd   Thumb Code    90  dht11.o(i.DHT11_Read_Bit)
    DMA_Cmd                                  0x08000e3d   Thumb Code    24  stm32f10x_dma.o(i.DMA_Cmd)
    DMA_Init                                 0x08000e55   Thumb Code    60  stm32f10x_dma.o(i.DMA_Init)
    DMA_StructInit                           0x08000e91   Thumb Code    26  stm32f10x_dma.o(i.DMA_StructInit)
    DebugMon_Handler                         0x08000eab   Thumb Code     2  stm32f10x_it.o(i.DebugMon_Handler)
    DelayInit                                0x08000ead   Thumb Code    50  delay.o(i.DelayInit)
    DelayMs                                  0x08000ef1   Thumb Code    72  delay.o(i.DelayMs)
    DelayUs                                  0x08000f3d   Thumb Code    72  delay.o(i.DelayUs)
    Dev_StatusHandler                        0x08000f89   Thumb Code    66  esp8266.o(i.Dev_StatusHandler)
    EXTI0_IRQHandler                         0x08000fd1   Thumb Code    58  stm32f10x_it.o(i.EXTI0_IRQHandler)
    EXTI15_10_IRQHandler                     0x08001015   Thumb Code    62  stm32f10x_it.o(i.EXTI15_10_IRQHandler)
    EXTI_ClearITPendingBit                   0x0800105d   Thumb Code     6  stm32f10x_exti.o(i.EXTI_ClearITPendingBit)
    EXTI_GetITStatus                         0x08001069   Thumb Code    34  stm32f10x_exti.o(i.EXTI_GetITStatus)
    EXTI_Init                                0x08001091   Thumb Code   142  stm32f10x_exti.o(i.EXTI_Init)
    Esp8266_Init                             0x08001125   Thumb Code    30  esp8266.o(i.Esp8266_Init)
    GPIO_EXTILineConfig                      0x08001159   Thumb Code    60  stm32f10x_gpio.o(i.GPIO_EXTILineConfig)
    GPIO_Init                                0x08001199   Thumb Code   278  stm32f10x_gpio.o(i.GPIO_Init)
    GPIO_PinRemapConfig                      0x080012b1   Thumb Code   138  stm32f10x_gpio.o(i.GPIO_PinRemapConfig)
    GPIO_ReadInputDataBit                    0x08001341   Thumb Code    18  stm32f10x_gpio.o(i.GPIO_ReadInputDataBit)
    GPIO_ResetBits                           0x08001353   Thumb Code     4  stm32f10x_gpio.o(i.GPIO_ResetBits)
    GPIO_SetBits                             0x08001357   Thumb Code     4  stm32f10x_gpio.o(i.GPIO_SetBits)
    GPIO_StructInit                          0x0800135b   Thumb Code    16  stm32f10x_gpio.o(i.GPIO_StructInit)
    GetAdcValue                              0x0800136d   Thumb Code     6  mq2.o(i.GetAdcValue)
    GetAdcValue_Average                      0x08001379   Thumb Code    32  mq2.o(i.GetAdcValue_Average)
    Get_PPMValue                             0x08001399   Thumb Code   158  mq2.o(i.Get_PPMValue)
    HardFault_Handler                        0x08001455   Thumb Code     4  stm32f10x_it.o(i.HardFault_Handler)
    ILI9341_BackLed_Control                  0x08001459   Thumb Code    26  bsp_ili9341_lcd.o(i.ILI9341_BackLed_Control)
    ILI9341_Clear                            0x08001479   Thumb Code    40  bsp_ili9341_lcd.o(i.ILI9341_Clear)
    ILI9341_DispChar_EN                      0x080014b9   Thumb Code   138  bsp_ili9341_lcd.o(i.ILI9341_DispChar_EN)
    ILI9341_DispStringLine_EN                0x08001551   Thumb Code    92  bsp_ili9341_lcd.o(i.ILI9341_DispStringLine_EN)
    ILI9341_GramScan                         0x08001669   Thumb Code   172  bsp_ili9341_lcd.o(i.ILI9341_GramScan)
    ILI9341_Init                             0x08001721   Thumb Code    26  bsp_ili9341_lcd.o(i.ILI9341_Init)
    ILI9341_OpenWindow                       0x08001741   Thumb Code    96  bsp_ili9341_lcd.o(i.ILI9341_OpenWindow)
    ILI9341_Write_Cmd                        0x08001a51   Thumb Code    30  bsp_ili9341_lcd.o(i.ILI9341_Write_Cmd)
    ILI9341_Write_Data                       0x08001a79   Thumb Code    30  bsp_ili9341_lcd.o(i.ILI9341_Write_Data)
    Is_Leap_Year                             0x08001aa1   Thumb Code    58  rtc.o(i.Is_Leap_Year)
    Is_OK                                    0x08001add   Thumb Code    60  esp8266.o(i.Is_OK)
    Key_Init                                 0x08001b29   Thumb Code   198  key.o(i.Key_Init)
    LCD_ClearLine                            0x08001bf5   Thumb Code    26  bsp_ili9341_lcd.o(i.LCD_ClearLine)
    LCD_GetFont                              0x08001c15   Thumb Code     6  bsp_ili9341_lcd.o(i.LCD_GetFont)
    LCD_SetColors                            0x08001c21   Thumb Code    10  bsp_ili9341_lcd.o(i.LCD_SetColors)
    LCD_SetFont                              0x08001c35   Thumb Code     6  bsp_ili9341_lcd.o(i.LCD_SetFont)
    LCD_SetTextColor                         0x08001c41   Thumb Code     6  bsp_ili9341_lcd.o(i.LCD_SetTextColor)
    Led_Init                                 0x08001c4d   Thumb Code    80  led.o(i.Led_Init)
    MemManage_Handler                        0x08001ca1   Thumb Code     4  stm32f10x_it.o(i.MemManage_Handler)
    Mq2_Init                                 0x08001ca5   Thumb Code   268  mq2.o(i.Mq2_Init)
    NMI_Handler                              0x08001dc1   Thumb Code     2  stm32f10x_it.o(i.NMI_Handler)
    NVIC_Init                                0x08001dc5   Thumb Code   100  misc.o(i.NVIC_Init)
    NVIC_PriorityGroupConfig                 0x08001e35   Thumb Code    10  misc.o(i.NVIC_PriorityGroupConfig)
    PendSV_Handler                           0x08001e49   Thumb Code     2  stm32f10x_it.o(i.PendSV_Handler)
    RCC_ADCCLKConfig                         0x08001e4d   Thumb Code    18  stm32f10x_rcc.o(i.RCC_ADCCLKConfig)
    RCC_AHBPeriphClockCmd                    0x08001e65   Thumb Code    26  stm32f10x_rcc.o(i.RCC_AHBPeriphClockCmd)
    RCC_APB1PeriphClockCmd                   0x08001e85   Thumb Code    26  stm32f10x_rcc.o(i.RCC_APB1PeriphClockCmd)
    RCC_APB2PeriphClockCmd                   0x08001ea5   Thumb Code    26  stm32f10x_rcc.o(i.RCC_APB2PeriphClockCmd)
    RCC_GetClocksFreq                        0x08001ec5   Thumb Code   192  stm32f10x_rcc.o(i.RCC_GetClocksFreq)
    RTC_ClearITPendingBit                    0x08001f99   Thumb Code    12  stm32f10x_rtc.o(i.RTC_ClearITPendingBit)
    RTC_Get                                  0x08001fa9   Thumb Code   222  rtc.o(i.RTC_Get)
    RTC_GetCounter                           0x08002099   Thumb Code    16  stm32f10x_rtc.o(i.RTC_GetCounter)
    RTC_GetITStatus                          0x080020ad   Thumb Code    32  stm32f10x_rtc.o(i.RTC_GetITStatus)
    RTC_IRQHandler                           0x080020d1   Thumb Code   102  stm32f10x_it.o(i.RTC_IRQHandler)
    RTC_WaitForLastTask                      0x08002151   Thumb Code    16  stm32f10x_rtc.o(i.RTC_WaitForLastTask)
    Recv_Ack                                 0x08002165   Thumb Code    96  dht11.o(i.Recv_Ack)
    SVC_Handler                              0x080021c9   Thumb Code     2  stm32f10x_it.o(i.SVC_Handler)
    Send_AT_CIPMODE                          0x080021cd   Thumb Code    84  esp8266.o(i.Send_AT_CIPMODE)
    Send_AT_CIPMUX                           0x08002235   Thumb Code    82  esp8266.o(i.Send_AT_CIPMUX)
    Send_AT_CIPSEND                          0x0800229d   Thumb Code    84  esp8266.o(i.Send_AT_CIPSEND)
    Send_AT_CIPSTART                         0x08002305   Thumb Code    82  esp8266.o(i.Send_AT_CIPSTART)
    Send_AT_CIPSTATUS                        0x0800236d   Thumb Code    54  esp8266.o(i.Send_AT_CIPSTATUS)
    Send_AT_CWJAP                            0x080023b9   Thumb Code    88  esp8266.o(i.Send_AT_CWJAP)
    Send_AT_CWJAP_SELECT                     0x08002425   Thumb Code   124  esp8266.o(i.Send_AT_CWJAP_SELECT)
    Send_AT_CWMODE                           0x080024c1   Thumb Code    82  esp8266.o(i.Send_AT_CWMODE)
    Send_AT_Exit                             0x08002529   Thumb Code    36  esp8266.o(i.Send_AT_Exit)
    Send_AT_RST                              0x0800255d   Thumb Code    86  esp8266.o(i.Send_AT_RST)
    Send_Start                               0x080025c9   Thumb Code    54  dht11.o(i.Send_Start)
    SysTick_CLKSourceConfig                  0x080026ed   Thumb Code    40  misc.o(i.SysTick_CLKSourceConfig)
    SysTick_Handler                          0x08002715   Thumb Code     2  stm32f10x_it.o(i.SysTick_Handler)
    SystemInit                               0x08002719   Thumb Code    78  system_stm32f10x.o(i.SystemInit)
    USART2_IRQHandler                        0x08002779   Thumb Code    70  stm32f10x_it.o(i.USART2_IRQHandler)
    USART_ClearFlag                          0x080027cd   Thumb Code    18  stm32f10x_usart.o(i.USART_ClearFlag)
    USART_Cmd                                0x080027df   Thumb Code    24  stm32f10x_usart.o(i.USART_Cmd)
    USART_Config                             0x080027f9   Thumb Code   120  bsp_usart.o(i.USART_Config)
    USART_GetFlagStatus                      0x08002879   Thumb Code    26  stm32f10x_usart.o(i.USART_GetFlagStatus)
    USART_GetITStatus                        0x08002893   Thumb Code    84  stm32f10x_usart.o(i.USART_GetITStatus)
    USART_ITConfig                           0x080028e7   Thumb Code    74  stm32f10x_usart.o(i.USART_ITConfig)
    USART_Init                               0x08002931   Thumb Code   210  stm32f10x_usart.o(i.USART_Init)
    USART_ReceiveData                        0x08002a09   Thumb Code    10  stm32f10x_usart.o(i.USART_ReceiveData)
    USART_SendData                           0x08002a13   Thumb Code     8  stm32f10x_usart.o(i.USART_SendData)
    Uart2_Config                             0x08002a1d   Thumb Code   158  esp8266.o(i.Uart2_Config)
    Upload_DataPoint                         0x08002ac5   Thumb Code   148  esp8266.o(i.Upload_DataPoint)
    UsageFault_Handler                       0x08002bbd   Thumb Code     4  stm32f10x_it.o(i.UsageFault_Handler)
    Usart_SendByte                           0x08002bc1   Thumb Code    30  esp8266.o(i.Usart_SendByte)
    Usart_SendString                         0x08002bdf   Thumb Code    42  esp8266.o(i.Usart_SendString)
    Wifi_Config                              0x08002c09   Thumb Code   112  esp8266.o(i.Wifi_Config)
    __0printf                                0x08002c7d   Thumb Code    22  printfa.o(i.__0printf)
    __1printf                                0x08002c7d   Thumb Code     0  printfa.o(i.__0printf)
    __2printf                                0x08002c7d   Thumb Code     0  printfa.o(i.__0printf)
    __c89printf                              0x08002c7d   Thumb Code     0  printfa.o(i.__0printf)
    printf                                   0x08002c7d   Thumb Code     0  printfa.o(i.__0printf)
    __0sprintf                               0x08002c9d   Thumb Code    34  printfa.o(i.__0sprintf)
    __1sprintf                               0x08002c9d   Thumb Code     0  printfa.o(i.__0sprintf)
    __2sprintf                               0x08002c9d   Thumb Code     0  printfa.o(i.__0sprintf)
    __c89sprintf                             0x08002c9d   Thumb Code     0  printfa.o(i.__0sprintf)
    sprintf                                  0x08002c9d   Thumb Code     0  printfa.o(i.__0sprintf)
    __ARM_fpclassify                         0x08002cc5   Thumb Code    40  fpclassify.o(i.__ARM_fpclassify)
    __kernel_poly                            0x08002ced   Thumb Code   170  poly.o(i.__kernel_poly)
    __mathlib_dbl_divzero                    0x08002d99   Thumb Code    12  dunder.o(i.__mathlib_dbl_divzero)
    __mathlib_dbl_infnan2                    0x08002da9   Thumb Code     4  dunder.o(i.__mathlib_dbl_infnan2)
    __mathlib_dbl_invalid                    0x08002dad   Thumb Code    12  dunder.o(i.__mathlib_dbl_invalid)
    __mathlib_dbl_overflow                   0x08002db9   Thumb Code    14  dunder.o(i.__mathlib_dbl_overflow)
    __mathlib_dbl_underflow                  0x08002dc9   Thumb Code    10  dunder.o(i.__mathlib_dbl_underflow)
    __scatterload_copy                       0x08002dd9   Thumb Code    14  handlers.o(i.__scatterload_copy)
    __scatterload_null                       0x08002de7   Thumb Code     2  handlers.o(i.__scatterload_null)
    __scatterload_zeroinit                   0x08002de9   Thumb Code    14  handlers.o(i.__scatterload_zeroinit)
    __set_errno                              0x08002df9   Thumb Code     6  errno.o(i.__set_errno)
    fputc                                    0x080036a1   Thumb Code    32  bsp_usart.o(i.fputc)
    main                                     0x080036c5   Thumb Code   758  main.o(i.main)
    pow                                      0x08003ae5   Thumb Code  2512  pow.o(i.pow)
    sqrt                                     0x080044bd   Thumb Code    76  sqrt.o(i.sqrt)
    ASCII8x16_Table                          0x08004508   Data        1520  fonts.o(.constdata)
    ASCII16x24_Table                         0x08004af8   Data        4560  fonts.o(.constdata)
    ASCII24x32_Table                         0x08005cc8   Data        9120  fonts.o(.constdata)
    mon_table                                0x08008068   Data          12  rtc.o(.constdata)
    __mathlib_zero                           0x08008100   Data           8  qnan.o(.constdata)
    Region$$Table$$Base                      0x0800816c   Number         0  anon$$obj.o(Region$$Table)
    Region$$Table$$Limit                     0x0800818c   Number         0  anon$$obj.o(Region$$Table)
    SystemCoreClock                          0x20000000   Data           4  system_stm32f10x.o(.data)
    AHBPrescTable                            0x20000004   Data          16  system_stm32f10x.o(.data)
    LCD_X_LENGTH                             0x20000034   Data           2  bsp_ili9341_lcd.o(.data)
    LCD_Y_LENGTH                             0x20000036   Data           2  bsp_ili9341_lcd.o(.data)
    LCD_SCAN_MODE                            0x20000038   Data           1  bsp_ili9341_lcd.o(.data)
    Font8x16                                 0x20000044   Data           8  fonts.o(.data)
    Font16x24                                0x2000004c   Data           8  fonts.o(.data)
    Font24x32                                0x20000054   Data           8  fonts.o(.data)
    USART_RX_STA                             0x2000005c   Data           2  esp8266.o(.data)
    AT                                       0x2000005e   Data           5  esp8266.o(.data)
    AT_CWMODE                                0x20000063   Data          14  esp8266.o(.data)
    AT_RST                                   0x20000071   Data           9  esp8266.o(.data)
    AT_CIFSR                                 0x2000007a   Data          11  esp8266.o(.data)
    AT_CWJAP                                 0x20000085   Data          31  esp8266.o(.data)
    AT_CWJAP_SELECT                          0x200000a4   Data          12  esp8266.o(.data)
    AT_CIPSTART                              0x200000b0   Data          39  esp8266.o(.data)
    AT_CIPMODE                               0x200000d7   Data          15  esp8266.o(.data)
    AT_CIPSEND                               0x200000e6   Data          13  esp8266.o(.data)
    AT_CIPMUX                                0x200000f3   Data          14  esp8266.o(.data)
    AT_CWAUTOCONN                            0x20000101   Data          18  esp8266.o(.data)
    AT_Exit                                  0x20000113   Data           4  esp8266.o(.data)
    AT_CIPSTATUS                             0x20000117   Data          15  esp8266.o(.data)
    MQ2_SEND_STA                             0x2000012e   Data           1  key.o(.data)
    DHT11_SEND_STA                           0x2000012f   Data           1  key.o(.data)
    __stdout                                 0x20000134   Data           4  stdout.o(.data)
    USART_RX_BUF                             0x2000013c   Data        1024  esp8266.o(.bss)
    dev                                      0x2000053c   Data         197  esp8266.o(.bss)
    tm                                       0x20000604   Data          28  rtc.o(.bss)
    __initial_sp                             0x20000a20   Data           0  startup_stm32f10x_hd.o(STACK)



==============================================================================

Memory Map of the image

  Image Entry point : 0x08000131

  Load Region LR_IROM1 (Base: 0x08000000, Size: 0x000082c8, Max: 0x00040000, ABSOLUTE, COMPRESSED[0x0000824c])

    Execution Region ER_IROM1 (Base: 0x08000000, Size: 0x0000818c, Max: 0x00040000, ABSOLUTE)

    Base Addr    Size         Type   Attr      Idx    E Section Name        Object

    0x08000000   0x00000130   Data   RO            3    RESET               startup_stm32f10x_hd.o
    0x08000130   0x00000000   Code   RO         3830  * .ARM.Collect$$$$00000000  mc_w.l(entry.o)
    0x08000130   0x00000004   Code   RO         4147    .ARM.Collect$$$$00000001  mc_w.l(entry2.o)
    0x08000134   0x00000004   Code   RO         4150    .ARM.Collect$$$$00000004  mc_w.l(entry5.o)
    0x08000138   0x00000000   Code   RO         4152    .ARM.Collect$$$$00000008  mc_w.l(entry7b.o)
    0x08000138   0x00000000   Code   RO         4154    .ARM.Collect$$$$0000000A  mc_w.l(entry8b.o)
    0x08000138   0x00000008   Code   RO         4155    .ARM.Collect$$$$0000000B  mc_w.l(entry9a.o)
    0x08000140   0x00000000   Code   RO         4157    .ARM.Collect$$$$0000000D  mc_w.l(entry10a.o)
    0x08000140   0x00000000   Code   RO         4159    .ARM.Collect$$$$0000000F  mc_w.l(entry11a.o)
    0x08000140   0x00000004   Code   RO         4148    .ARM.Collect$$$$00002712  mc_w.l(entry2.o)
    0x08000144   0x00000024   Code   RO            4    .text               startup_stm32f10x_hd.o
    0x08000168   0x00000024   Code   RO         3833    .text               mc_w.l(memseta.o)
    0x0800018c   0x00000024   Code   RO         3835    .text               mc_w.l(strstr.o)
    0x080001b0   0x0000000e   Code   RO         3837    .text               mc_w.l(strlen.o)
    0x080001be   0x0000001a   Code   RO         3839    .text               mc_w.l(memcmp.o)
    0x080001d8   0x00000012   Code   RO         3841    .text               mc_w.l(strcpy.o)
    0x080001ea   0x000000b0   Code   RO         4104    .text               mf_w.l(fadd.o)
    0x0800029a   0x00000064   Code   RO         4106    .text               mf_w.l(fmul.o)
    0x080002fe   0x0000007c   Code   RO         4108    .text               mf_w.l(fdiv.o)
    0x0800037a   0x000000e4   Code   RO         4110    .text               mf_w.l(dmul.o)
    0x0800045e   0x000000de   Code   RO         4112    .text               mf_w.l(ddiv.o)
    0x0800053c   0x0000000a   Code   RO         4114    .text               mf_w.l(ffltui.o)
    0x08000546   0x00000026   Code   RO         4116    .text               mf_w.l(f2d.o)
    0x0800056c   0x00000038   Code   RO         4118    .text               mf_w.l(d2f.o)
    0x080005a4   0x0000002c   Code   RO         4162    .text               mc_w.l(uidiv.o)
    0x080005d0   0x00000062   Code   RO         4164    .text               mc_w.l(uldiv.o)
    0x08000632   0x00000000   Code   RO         4173    .text               mc_w.l(iusefp.o)
    0x08000632   0x0000006e   Code   RO         4174    .text               mf_w.l(fepilogue.o)
    0x080006a0   0x000000ba   Code   RO         4176    .text               mf_w.l(depilogue.o)
    0x0800075a   0x0000014e   Code   RO         4178    .text               mf_w.l(dadd.o)
    0x080008a8   0x0000002e   Code   RO         4180    .text               mf_w.l(dscalb.o)
    0x080008d6   0x00000022   Code   RO         4182    .text               mf_w.l(dflti.o)
    0x080008f8   0x00000030   Code   RO         4184    .text               mf_w.l(dfixul.o)
    0x08000928   0x00000030   Code   RO         4186    .text               mf_w.l(cdrcmple.o)
    0x08000958   0x00000024   Code   RO         4188    .text               mc_w.l(init.o)
    0x0800097c   0x0000001e   Code   RO         4190    .text               mc_w.l(llshl.o)
    0x0800099a   0x00000020   Code   RO         4192    .text               mc_w.l(llushr.o)
    0x080009ba   0x00000024   Code   RO         4194    .text               mc_w.l(llsshr.o)
    0x080009de   0x000000a2   Code   RO         4196    .text               mf_w.l(dsqrt.o)
    0x08000a80   0x00000056   Code   RO         4208    .text               mc_w.l(__dczerorl2.o)
    0x08000ad6   0x00000016   Code   RO          183    i.ADC_Cmd           stm32f10x_adc.o
    0x08000aec   0x00000016   Code   RO          184    i.ADC_DMACmd        stm32f10x_adc.o
    0x08000b02   0x00000014   Code   RO          191    i.ADC_GetCalibrationStatus  stm32f10x_adc.o
    0x08000b16   0x00000014   Code   RO          197    i.ADC_GetResetCalibrationStatus  stm32f10x_adc.o
    0x08000b2a   0x00000002   PAD
    0x08000b2c   0x00000050   Code   RO          201    i.ADC_Init          stm32f10x_adc.o
    0x08000b7c   0x000000b8   Code   RO          205    i.ADC_RegularChannelConfig  stm32f10x_adc.o
    0x08000c34   0x0000000a   Code   RO          206    i.ADC_ResetCalibration  stm32f10x_adc.o
    0x08000c3e   0x00000016   Code   RO          208    i.ADC_SoftwareStartConvCmd  stm32f10x_adc.o
    0x08000c54   0x0000000a   Code   RO          210    i.ADC_StartCalibration  stm32f10x_adc.o
    0x08000c5e   0x00000012   Code   RO          211    i.ADC_StructInit    stm32f10x_adc.o
    0x08000c70   0x00000034   Code   RO         3562    i.Analyse_Data      esp8266.o
    0x08000ca4   0x00000004   Code   RO         3168    i.BusFault_Handler  stm32f10x_it.o
    0x08000ca8   0x00000074   Code   RO         3563    i.Check_Status      esp8266.o
    0x08000d1c   0x0000003c   Code   RO         3291    i.DHT11_Init        dht11.o
    0x08000d58   0x00000026   Code   RO         3292    i.DHT11_ReadByte    dht11.o
    0x08000d7e   0x0000005c   Code   RO         3293    i.DHT11_ReadData    dht11.o
    0x08000dda   0x00000002   PAD
    0x08000ddc   0x00000060   Code   RO         3294    i.DHT11_Read_Bit    dht11.o
    0x08000e3c   0x00000018   Code   RO          868    i.DMA_Cmd           stm32f10x_dma.o
    0x08000e54   0x0000003c   Code   RO          874    i.DMA_Init          stm32f10x_dma.o
    0x08000e90   0x0000001a   Code   RO          876    i.DMA_StructInit    stm32f10x_dma.o
    0x08000eaa   0x00000002   Code   RO         3169    i.DebugMon_Handler  stm32f10x_it.o
    0x08000eac   0x00000044   Code   RO         3259    i.DelayInit         delay.o
    0x08000ef0   0x0000004c   Code   RO         3260    i.DelayMs           delay.o
    0x08000f3c   0x0000004c   Code   RO         3262    i.DelayUs           delay.o
    0x08000f88   0x00000048   Code   RO         3564    i.Dev_StatusHandler  esp8266.o
    0x08000fd0   0x00000044   Code   RO         3170    i.EXTI0_IRQHandler  stm32f10x_it.o
    0x08001014   0x00000048   Code   RO         3171    i.EXTI15_10_IRQHandler  stm32f10x_it.o
    0x0800105c   0x0000000c   Code   RO          939    i.EXTI_ClearITPendingBit  stm32f10x_exti.o
    0x08001068   0x00000028   Code   RO          943    i.EXTI_GetITStatus  stm32f10x_exti.o
    0x08001090   0x00000094   Code   RO          944    i.EXTI_Init         stm32f10x_exti.o
    0x08001124   0x00000034   Code   RO         3565    i.Esp8266_Init      esp8266.o
    0x08001158   0x00000040   Code   RO         1289    i.GPIO_EXTILineConfig  stm32f10x_gpio.o
    0x08001198   0x00000116   Code   RO         1292    i.GPIO_Init         stm32f10x_gpio.o
    0x080012ae   0x00000002   PAD
    0x080012b0   0x00000090   Code   RO         1294    i.GPIO_PinRemapConfig  stm32f10x_gpio.o
    0x08001340   0x00000012   Code   RO         1296    i.GPIO_ReadInputDataBit  stm32f10x_gpio.o
    0x08001352   0x00000004   Code   RO         1299    i.GPIO_ResetBits    stm32f10x_gpio.o
    0x08001356   0x00000004   Code   RO         1300    i.GPIO_SetBits      stm32f10x_gpio.o
    0x0800135a   0x00000010   Code   RO         1301    i.GPIO_StructInit   stm32f10x_gpio.o
    0x0800136a   0x00000002   PAD
    0x0800136c   0x0000000c   Code   RO         3708    i.GetAdcValue       mq2.o
    0x08001378   0x00000020   Code   RO         3709    i.GetAdcValue_Average  mq2.o
    0x08001398   0x000000bc   Code   RO         3710    i.Get_PPMValue      mq2.o
    0x08001454   0x00000004   Code   RO         3172    i.HardFault_Handler  stm32f10x_it.o
    0x08001458   0x00000020   Code   RO         3357    i.ILI9341_BackLed_Control  bsp_ili9341_lcd.o
    0x08001478   0x0000002c   Code   RO         3358    i.ILI9341_Clear     bsp_ili9341_lcd.o
    0x080014a4   0x00000012   Code   RO         3359    i.ILI9341_Delay     bsp_ili9341_lcd.o
    0x080014b6   0x00000002   PAD
    0x080014b8   0x00000098   Code   RO         3360    i.ILI9341_DispChar_EN  bsp_ili9341_lcd.o
    0x08001550   0x00000068   Code   RO         3361    i.ILI9341_DispStringLine_EN  bsp_ili9341_lcd.o
    0x080015b8   0x00000020   Code   RO         3367    i.ILI9341_FillColor  bsp_ili9341_lcd.o
    0x080015d8   0x00000090   Code   RO         3368    i.ILI9341_GPIO_Config  bsp_ili9341_lcd.o
    0x08001668   0x000000b8   Code   RO         3370    i.ILI9341_GramScan  bsp_ili9341_lcd.o
    0x08001720   0x00000020   Code   RO         3371    i.ILI9341_Init      bsp_ili9341_lcd.o
    0x08001740   0x00000060   Code   RO         3372    i.ILI9341_OpenWindow  bsp_ili9341_lcd.o
    0x080017a0   0x000002b0   Code   RO         3373    i.ILI9341_REG_Config  bsp_ili9341_lcd.o
    0x08001a50   0x00000028   Code   RO         3525    i.ILI9341_Write_Cmd  bsp_ili9341_lcd.o
    0x08001a78   0x00000028   Code   RO         3531    i.ILI9341_Write_Data  bsp_ili9341_lcd.o
    0x08001aa0   0x0000003a   Code   RO         3770    i.Is_Leap_Year      rtc.o
    0x08001ada   0x00000002   PAD
    0x08001adc   0x0000004c   Code   RO         3566    i.Is_OK             esp8266.o
    0x08001b28   0x000000cc   Code   RO         3740    i.Key_Init          key.o
    0x08001bf4   0x00000020   Code   RO         3378    i.LCD_ClearLine     bsp_ili9341_lcd.o
    0x08001c14   0x0000000c   Code   RO         3380    i.LCD_GetFont       bsp_ili9341_lcd.o
    0x08001c20   0x00000014   Code   RO         3382    i.LCD_SetColors     bsp_ili9341_lcd.o
    0x08001c34   0x0000000c   Code   RO         3383    i.LCD_SetFont       bsp_ili9341_lcd.o
    0x08001c40   0x0000000c   Code   RO         3384    i.LCD_SetTextColor  bsp_ili9341_lcd.o
    0x08001c4c   0x00000054   Code   RO         3758    i.Led_Init          led.o
    0x08001ca0   0x00000004   Code   RO         3173    i.MemManage_Handler  stm32f10x_it.o
    0x08001ca4   0x0000011c   Code   RO         3711    i.Mq2_Init          mq2.o
    0x08001dc0   0x00000002   Code   RO         3174    i.NMI_Handler       stm32f10x_it.o
    0x08001dc2   0x00000002   PAD
    0x08001dc4   0x00000070   Code   RO          137    i.NVIC_Init         misc.o
    0x08001e34   0x00000014   Code   RO          138    i.NVIC_PriorityGroupConfig  misc.o
    0x08001e48   0x00000002   Code   RO         3175    i.PendSV_Handler    stm32f10x_it.o
    0x08001e4a   0x00000002   PAD
    0x08001e4c   0x00000018   Code   RO         1706    i.RCC_ADCCLKConfig  stm32f10x_rcc.o
    0x08001e64   0x00000020   Code   RO         1707    i.RCC_AHBPeriphClockCmd  stm32f10x_rcc.o
    0x08001e84   0x00000020   Code   RO         1708    i.RCC_APB1PeriphClockCmd  stm32f10x_rcc.o
    0x08001ea4   0x00000020   Code   RO         1710    i.RCC_APB2PeriphClockCmd  stm32f10x_rcc.o
    0x08001ec4   0x000000d4   Code   RO         1718    i.RCC_GetClocksFreq  stm32f10x_rcc.o
    0x08001f98   0x00000010   Code   RO         1907    i.RTC_ClearITPendingBit  stm32f10x_rtc.o
    0x08001fa8   0x000000f0   Code   RO         3772    i.RTC_Get           rtc.o
    0x08002098   0x00000014   Code   RO         1910    i.RTC_GetCounter    stm32f10x_rtc.o
    0x080020ac   0x00000024   Code   RO         1913    i.RTC_GetITStatus   stm32f10x_rtc.o
    0x080020d0   0x00000080   Code   RO         3176    i.RTC_IRQHandler    stm32f10x_it.o
    0x08002150   0x00000014   Code   RO         1918    i.RTC_WaitForLastTask  stm32f10x_rtc.o
    0x08002164   0x00000064   Code   RO         3295    i.Recv_Ack          dht11.o
    0x080021c8   0x00000002   Code   RO         3177    i.SVC_Handler       stm32f10x_it.o
    0x080021ca   0x00000002   PAD
    0x080021cc   0x00000068   Code   RO         3567    i.Send_AT_CIPMODE   esp8266.o
    0x08002234   0x00000068   Code   RO         3568    i.Send_AT_CIPMUX    esp8266.o
    0x0800229c   0x00000068   Code   RO         3569    i.Send_AT_CIPSEND   esp8266.o
    0x08002304   0x00000068   Code   RO         3570    i.Send_AT_CIPSTART  esp8266.o
    0x0800236c   0x0000004c   Code   RO         3571    i.Send_AT_CIPSTATUS  esp8266.o
    0x080023b8   0x0000006c   Code   RO         3572    i.Send_AT_CWJAP     esp8266.o
    0x08002424   0x0000009c   Code   RO         3573    i.Send_AT_CWJAP_SELECT  esp8266.o
    0x080024c0   0x00000068   Code   RO         3574    i.Send_AT_CWMODE    esp8266.o
    0x08002528   0x00000034   Code   RO         3575    i.Send_AT_Exit      esp8266.o
    0x0800255c   0x0000006c   Code   RO         3576    i.Send_AT_RST       esp8266.o
    0x080025c8   0x0000003c   Code   RO         3296    i.Send_Start        dht11.o
    0x08002604   0x00000008   Code   RO           24    i.SetSysClock       system_stm32f10x.o
    0x0800260c   0x000000e0   Code   RO           25    i.SetSysClockTo72   system_stm32f10x.o
    0x080026ec   0x00000028   Code   RO          141    i.SysTick_CLKSourceConfig  misc.o
    0x08002714   0x00000002   Code   RO         3178    i.SysTick_Handler   stm32f10x_it.o
    0x08002716   0x00000002   PAD
    0x08002718   0x00000060   Code   RO           27    i.SystemInit        system_stm32f10x.o
    0x08002778   0x00000054   Code   RO         3179    i.USART2_IRQHandler  stm32f10x_it.o
    0x080027cc   0x00000012   Code   RO         2874    i.USART_ClearFlag   stm32f10x_usart.o
    0x080027de   0x00000018   Code   RO         2878    i.USART_Cmd         stm32f10x_usart.o
    0x080027f6   0x00000002   PAD
    0x080027f8   0x00000080   Code   RO         3333    i.USART_Config      bsp_usart.o
    0x08002878   0x0000001a   Code   RO         2881    i.USART_GetFlagStatus  stm32f10x_usart.o
    0x08002892   0x00000054   Code   RO         2882    i.USART_GetITStatus  stm32f10x_usart.o
    0x080028e6   0x0000004a   Code   RO         2884    i.USART_ITConfig    stm32f10x_usart.o
    0x08002930   0x000000d8   Code   RO         2885    i.USART_Init        stm32f10x_usart.o
    0x08002a08   0x0000000a   Code   RO         2892    i.USART_ReceiveData  stm32f10x_usart.o
    0x08002a12   0x00000008   Code   RO         2895    i.USART_SendData    stm32f10x_usart.o
    0x08002a1a   0x00000002   PAD
    0x08002a1c   0x000000a8   Code   RO         3577    i.Uart2_Config      esp8266.o
    0x08002ac4   0x000000f8   Code   RO         3578    i.Upload_DataPoint  esp8266.o
    0x08002bbc   0x00000004   Code   RO         3180    i.UsageFault_Handler  stm32f10x_it.o
    0x08002bc0   0x0000001e   Code   RO         3581    i.Usart_SendByte    esp8266.o
    0x08002bde   0x0000002a   Code   RO         3582    i.Usart_SendString  esp8266.o
    0x08002c08   0x00000074   Code   RO         3583    i.Wifi_Config       esp8266.o
    0x08002c7c   0x00000020   Code   RO         4076    i.__0printf         mc_w.l(printfa.o)
    0x08002c9c   0x00000028   Code   RO         4078    i.__0sprintf        mc_w.l(printfa.o)
    0x08002cc4   0x00000028   Code   RO         4134    i.__ARM_fpclassify  m_ws.l(fpclassify.o)
    0x08002cec   0x000000aa   Code   RO         4136    i.__kernel_poly     m_ws.l(poly.o)
    0x08002d96   0x00000002   PAD
    0x08002d98   0x00000010   Code   RO         4120    i.__mathlib_dbl_divzero  m_ws.l(dunder.o)
    0x08002da8   0x00000004   Code   RO         4122    i.__mathlib_dbl_infnan2  m_ws.l(dunder.o)
    0x08002dac   0x0000000c   Code   RO         4123    i.__mathlib_dbl_invalid  m_ws.l(dunder.o)
    0x08002db8   0x0000000e   Code   RO         4124    i.__mathlib_dbl_overflow  m_ws.l(dunder.o)
    0x08002dc6   0x00000002   PAD
    0x08002dc8   0x00000010   Code   RO         4126    i.__mathlib_dbl_underflow  m_ws.l(dunder.o)
    0x08002dd8   0x0000000e   Code   RO         4202    i.__scatterload_copy  mc_w.l(handlers.o)
    0x08002de6   0x00000002   Code   RO         4203    i.__scatterload_null  mc_w.l(handlers.o)
    0x08002de8   0x0000000e   Code   RO         4204    i.__scatterload_zeroinit  mc_w.l(handlers.o)
    0x08002df6   0x00000002   PAD
    0x08002df8   0x0000000c   Code   RO         4168    i.__set_errno       mc_w.l(errno.o)
    0x08002e04   0x00000164   Code   RO         4083    i._fp_digits        mc_w.l(printfa.o)
    0x08002f68   0x000006dc   Code   RO         4084    i._printf_core      mc_w.l(printfa.o)
    0x08003644   0x00000024   Code   RO         4085    i._printf_post_padding  mc_w.l(printfa.o)
    0x08003668   0x0000002e   Code   RO         4086    i._printf_pre_padding  mc_w.l(printfa.o)
    0x08003696   0x0000000a   Code   RO         4088    i._sputc            mc_w.l(printfa.o)
    0x080036a0   0x00000024   Code   RO         3335    i.fputc             bsp_usart.o
    0x080036c4   0x00000420   Code   RO         3108    i.main              main.o
    0x08003ae4   0x000009d8   Code   RO         3821    i.pow               m_ws.l(pow.o)
    0x080044bc   0x0000004c   Code   RO         4140    i.sqrt              m_ws.l(sqrt.o)
    0x08004508   0x00003b60   Data   RO         3549    .constdata          fonts.o
    0x08008068   0x0000000c   Data   RO         3777    .constdata          rtc.o
    0x08008074   0x00000004   PAD
    0x08008078   0x00000088   Data   RO         3822    .constdata          m_ws.l(pow.o)
    0x08008100   0x00000008   Data   RO         4138    .constdata          m_ws.l(qnan.o)
    0x08008108   0x00000063   Data   RO         3585    .conststring        esp8266.o
    0x0800816b   0x00000001   PAD
    0x0800816c   0x00000020   Data   RO         4200    Region$$Table       anon$$obj.o


    Execution Region RW_IRAM1 (Base: 0x20000000, Size: 0x00000a20, Max: 0x0000c000, ABSOLUTE, COMPRESSED[0x000000c0])

    Base Addr    Size         Type   Attr      Idx    E Section Name        Object

    0x20000000   0x00000014   Data   RW           28    .data               system_stm32f10x.o
    0x20000014   0x00000014   Data   RW         1738    .data               stm32f10x_rcc.o
    0x20000028   0x00000008   Data   RW         3109    .data               main.o
    0x20000030   0x00000004   Data   RW         3263    .data               delay.o
    0x20000034   0x00000010   Data   RW         3385    .data               bsp_ili9341_lcd.o
    0x20000044   0x00000018   Data   RW         3550    .data               fonts.o
    0x2000005c   0x000000ca   Data   RW         3586    .data               esp8266.o
    0x20000126   0x00000002   PAD
    0x20000128   0x00000006   Data   RW         3712    .data               mq2.o
    0x2000012e   0x00000002   Data   RW         3741    .data               key.o
    0x20000130   0x00000002   Data   RW         3778    .data               rtc.o
    0x20000132   0x00000002   PAD
    0x20000134   0x00000004   Data   RW         4161    .data               mc_w.l(stdout.o)
    0x20000138   0x00000004   Data   RW         4169    .data               mc_w.l(errno.o)
    0x2000013c   0x000004c5   Zero   RW         3584    .bss                esp8266.o
    0x20000601   0x00000003   PAD
    0x20000604   0x0000001c   Zero   RW         3776    .bss                rtc.o
    0x20000620   0x00000400   Zero   RW            1    STACK               startup_stm32f10x_hd.o


==============================================================================

Image component sizes


      Code (inc. data)   RO Data    RW Data    ZI Data      Debug   Object Name

      1694        130          0         16          0      10705   bsp_ili9341_lcd.o
       164         12          0          0          0       1123   bsp_usart.o
         0          0          0          0          0       4500   core_cm3.o
       220         26          0          4          0       1584   delay.o
       446         22          0          0          0       3596   dht11.o
      1992        438         99        202       1221      13555   esp8266.o
         0          0      15200         24          0       1209   fonts.o
       204          6          0          2          0        861   key.o
        84          4          0          0          0        467   led.o
      1056        298          0          8          0       4260   main.o
       172         22          0          0          0       2149   misc.o
       516         52          0          6          0       2310   mq2.o
       298         18         12          2         28       2060   rtc.o
        36          8        304          0       1024        844   startup_stm32f10x_hd.o
       408         10          0          0          0       8146   stm32f10x_adc.o
       110          0          0          0          0       3386   stm32f10x_dma.o
       200         18          0          0          0       2204   stm32f10x_exti.o
       528         10          0          0          0       5798   stm32f10x_gpio.o
       378         60          0          0          0       5625   stm32f10x_it.o
       332         44          0         20          0       5677   stm32f10x_rcc.o
        92         16          0          0          0       2153   stm32f10x_rtc.o
       460          6          0          0          0       6915   stm32f10x_usart.o
       328         28          0         20          0     251373   system_stm32f10x.o

    ----------------------------------------------------------------------
      9742       1228      15652        308       2276     340500   Object Totals
         0          0         32          0          0          0   (incl. Generated)
        24          0          5          4          3          0   (incl. Padding)

    ----------------------------------------------------------------------

      Code (inc. data)   RO Data    RW Data    ZI Data      Debug   Library Member Name

        62         10          0          0          0        340   dunder.o
        40          0          0          0          0         68   fpclassify.o
       170          0          0          0          0         96   poly.o
      2520        190        136          0          0        324   pow.o
         0          0          8          0          0          0   qnan.o
        76          0          0          0          0         84   sqrt.o
        86          0          0          0          0          0   __dczerorl2.o
         0          0          0          0          0          0   entry.o
         0          0          0          0          0          0   entry10a.o
         0          0          0          0          0          0   entry11a.o
         8          4          0          0          0          0   entry2.o
         4          0          0          0          0          0   entry5.o
         0          0          0          0          0          0   entry7b.o
         0          0          0          0          0          0   entry8b.o
         8          4          0          0          0          0   entry9a.o
        12          6          0          4          0         68   errno.o
        30          0          0          0          0          0   handlers.o
        36          8          0          0          0         68   init.o
         0          0          0          0          0          0   iusefp.o
        30          0          0          0          0         68   llshl.o
        36          0          0          0          0         68   llsshr.o
        32          0          0          0          0         68   llushr.o
        26          0          0          0          0         80   memcmp.o
        36          0          0          0          0        108   memseta.o
      2276         96          0          0          0        596   printfa.o
         0          0          0          4          0          0   stdout.o
        18          0          0          0          0         68   strcpy.o
        14          0          0          0          0         68   strlen.o
        36          0          0          0          0         80   strstr.o
        44          0          0          0          0         80   uidiv.o
        98          0          0          0          0         92   uldiv.o
        48          0          0          0          0         68   cdrcmple.o
        56          0          0          0          0         88   d2f.o
       334          0          0          0          0        148   dadd.o
       222          0          0          0          0        100   ddiv.o
       186          0          0          0          0        176   depilogue.o
        48          0          0          0          0         68   dfixul.o
        34          0          0          0          0         76   dflti.o
       228          0          0          0          0         96   dmul.o
        46          0          0          0          0         80   dscalb.o
       162          0          0          0          0        100   dsqrt.o
        38          0          0          0          0         68   f2d.o
       176          0          0          0          0        140   fadd.o
       124          0          0          0          0         88   fdiv.o
       110          0          0          0          0        168   fepilogue.o
        10          0          0          0          0         68   ffltui.o
       100          0          0          0          0         76   fmul.o

    ----------------------------------------------------------------------
      7626        318        144          8          0       4032   Library Totals
         6          0          0          0          0          0   (incl. Padding)

    ----------------------------------------------------------------------

      Code (inc. data)   RO Data    RW Data    ZI Data      Debug   Library Name

      2868        200        144          0          0        912   m_ws.l
      2830        118          0          8          0       1512   mc_w.l
      1922          0          0          0          0       1608   mf_w.l

    ----------------------------------------------------------------------
      7626        318        144          8          0       4032   Library Totals

    ----------------------------------------------------------------------

==============================================================================


      Code (inc. data)   RO Data    RW Data    ZI Data      Debug   

     17368       1546      15796        316       2276     336756   Grand Totals
     17368       1546      15796        192       2276     336756   ELF Image Totals (compressed)
     17368       1546      15796        192          0          0   ROM Totals

==============================================================================

    Total RO  Size (Code + RO Data)                33164 (  32.39kB)
    Total RW  Size (RW Data + ZI Data)              2592 (   2.53kB)
    Total ROM Size (Code + RO Data + RW Data)      33356 (  32.57kB)

==============================================================================

