<!doctype html public "-//w3c//dtd html 4.0 transitional//en">
<html><head>
<title>Static Call Graph - [.\Objects\BH-F103.axf]</title></head>
<body><HR>
<H1>Static Call Graph for image .\Objects\BH-F103.axf</H1><HR>
<BR><P>#&#060CALLGRAPH&#062# ARM Linker, 5060061: Last Updated: Wed Jul 15 10:18:47 2020
<BR><P>
<H3>Maximum Stack Usage =        656 bytes + Unknown(Cycles, Untraceable Function Pointers)</H3><H3>
Call chain for Maximum Stack Depth:</H3>
main &rArr; Upload_DataPoint &rArr; Usart_SendString &rArr; Usart_SendByte
<P>
<H3>
Mutually Recursive functions
</H3> <LI><a href="#[1c]">ADC1_2_IRQHandler</a>&nbsp;&nbsp;&nbsp;&rArr;&nbsp;&nbsp;&nbsp;<a href="#[1c]">ADC1_2_IRQHandler</a><BR>
</UL>
<P>
<H3>
Function Pointers
</H3><UL>
 <LI><a href="#[1c]">ADC1_2_IRQHandler</a> from startup_stm32f10x_hd.o(.text) referenced from startup_stm32f10x_hd.o(RESET)
 <LI><a href="#[39]">ADC3_IRQHandler</a> from startup_stm32f10x_hd.o(.text) referenced from startup_stm32f10x_hd.o(RESET)
 <LI><a href="#[4]">BusFault_Handler</a> from stm32f10x_it.o(i.BusFault_Handler) referenced from startup_stm32f10x_hd.o(RESET)
 <LI><a href="#[1f]">CAN1_RX1_IRQHandler</a> from startup_stm32f10x_hd.o(.text) referenced from startup_stm32f10x_hd.o(RESET)
 <LI><a href="#[20]">CAN1_SCE_IRQHandler</a> from startup_stm32f10x_hd.o(.text) referenced from startup_stm32f10x_hd.o(RESET)
 <LI><a href="#[15]">DMA1_Channel1_IRQHandler</a> from startup_stm32f10x_hd.o(.text) referenced from startup_stm32f10x_hd.o(RESET)
 <LI><a href="#[16]">DMA1_Channel2_IRQHandler</a> from startup_stm32f10x_hd.o(.text) referenced from startup_stm32f10x_hd.o(RESET)
 <LI><a href="#[17]">DMA1_Channel3_IRQHandler</a> from startup_stm32f10x_hd.o(.text) referenced from startup_stm32f10x_hd.o(RESET)
 <LI><a href="#[18]">DMA1_Channel4_IRQHandler</a> from startup_stm32f10x_hd.o(.text) referenced from startup_stm32f10x_hd.o(RESET)
 <LI><a href="#[19]">DMA1_Channel5_IRQHandler</a> from startup_stm32f10x_hd.o(.text) referenced from startup_stm32f10x_hd.o(RESET)
 <LI><a href="#[1a]">DMA1_Channel6_IRQHandler</a> from startup_stm32f10x_hd.o(.text) referenced from startup_stm32f10x_hd.o(RESET)
 <LI><a href="#[1b]">DMA1_Channel7_IRQHandler</a> from startup_stm32f10x_hd.o(.text) referenced from startup_stm32f10x_hd.o(RESET)
 <LI><a href="#[42]">DMA2_Channel1_IRQHandler</a> from startup_stm32f10x_hd.o(.text) referenced from startup_stm32f10x_hd.o(RESET)
 <LI><a href="#[43]">DMA2_Channel2_IRQHandler</a> from startup_stm32f10x_hd.o(.text) referenced from startup_stm32f10x_hd.o(RESET)
 <LI><a href="#[44]">DMA2_Channel3_IRQHandler</a> from startup_stm32f10x_hd.o(.text) referenced from startup_stm32f10x_hd.o(RESET)
 <LI><a href="#[45]">DMA2_Channel4_5_IRQHandler</a> from startup_stm32f10x_hd.o(.text) referenced from startup_stm32f10x_hd.o(RESET)
 <LI><a href="#[7]">DebugMon_Handler</a> from stm32f10x_it.o(i.DebugMon_Handler) referenced from startup_stm32f10x_hd.o(RESET)
 <LI><a href="#[10]">EXTI0_IRQHandler</a> from stm32f10x_it.o(i.EXTI0_IRQHandler) referenced from startup_stm32f10x_hd.o(RESET)
 <LI><a href="#[32]">EXTI15_10_IRQHandler</a> from stm32f10x_it.o(i.EXTI15_10_IRQHandler) referenced from startup_stm32f10x_hd.o(RESET)
 <LI><a href="#[11]">EXTI1_IRQHandler</a> from startup_stm32f10x_hd.o(.text) referenced from startup_stm32f10x_hd.o(RESET)
 <LI><a href="#[12]">EXTI2_IRQHandler</a> from startup_stm32f10x_hd.o(.text) referenced from startup_stm32f10x_hd.o(RESET)
 <LI><a href="#[13]">EXTI3_IRQHandler</a> from startup_stm32f10x_hd.o(.text) referenced from startup_stm32f10x_hd.o(RESET)
 <LI><a href="#[14]">EXTI4_IRQHandler</a> from startup_stm32f10x_hd.o(.text) referenced from startup_stm32f10x_hd.o(RESET)
 <LI><a href="#[21]">EXTI9_5_IRQHandler</a> from startup_stm32f10x_hd.o(.text) referenced from startup_stm32f10x_hd.o(RESET)
 <LI><a href="#[e]">FLASH_IRQHandler</a> from startup_stm32f10x_hd.o(.text) referenced from startup_stm32f10x_hd.o(RESET)
 <LI><a href="#[3a]">FSMC_IRQHandler</a> from startup_stm32f10x_hd.o(.text) referenced from startup_stm32f10x_hd.o(RESET)
 <LI><a href="#[2]">HardFault_Handler</a> from stm32f10x_it.o(i.HardFault_Handler) referenced from startup_stm32f10x_hd.o(RESET)
 <LI><a href="#[2a]">I2C1_ER_IRQHandler</a> from startup_stm32f10x_hd.o(.text) referenced from startup_stm32f10x_hd.o(RESET)
 <LI><a href="#[29]">I2C1_EV_IRQHandler</a> from startup_stm32f10x_hd.o(.text) referenced from startup_stm32f10x_hd.o(RESET)
 <LI><a href="#[2c]">I2C2_ER_IRQHandler</a> from startup_stm32f10x_hd.o(.text) referenced from startup_stm32f10x_hd.o(RESET)
 <LI><a href="#[2b]">I2C2_EV_IRQHandler</a> from startup_stm32f10x_hd.o(.text) referenced from startup_stm32f10x_hd.o(RESET)
 <LI><a href="#[3]">MemManage_Handler</a> from stm32f10x_it.o(i.MemManage_Handler) referenced from startup_stm32f10x_hd.o(RESET)
 <LI><a href="#[1]">NMI_Handler</a> from stm32f10x_it.o(i.NMI_Handler) referenced from startup_stm32f10x_hd.o(RESET)
 <LI><a href="#[b]">PVD_IRQHandler</a> from startup_stm32f10x_hd.o(.text) referenced from startup_stm32f10x_hd.o(RESET)
 <LI><a href="#[8]">PendSV_Handler</a> from stm32f10x_it.o(i.PendSV_Handler) referenced from startup_stm32f10x_hd.o(RESET)
 <LI><a href="#[f]">RCC_IRQHandler</a> from startup_stm32f10x_hd.o(.text) referenced from startup_stm32f10x_hd.o(RESET)
 <LI><a href="#[33]">RTCAlarm_IRQHandler</a> from startup_stm32f10x_hd.o(.text) referenced from startup_stm32f10x_hd.o(RESET)
 <LI><a href="#[d]">RTC_IRQHandler</a> from stm32f10x_it.o(i.RTC_IRQHandler) referenced from startup_stm32f10x_hd.o(RESET)
 <LI><a href="#[0]">Reset_Handler</a> from startup_stm32f10x_hd.o(.text) referenced from startup_stm32f10x_hd.o(RESET)
 <LI><a href="#[3b]">SDIO_IRQHandler</a> from startup_stm32f10x_hd.o(.text) referenced from startup_stm32f10x_hd.o(RESET)
 <LI><a href="#[2d]">SPI1_IRQHandler</a> from startup_stm32f10x_hd.o(.text) referenced from startup_stm32f10x_hd.o(RESET)
 <LI><a href="#[2e]">SPI2_IRQHandler</a> from startup_stm32f10x_hd.o(.text) referenced from startup_stm32f10x_hd.o(RESET)
 <LI><a href="#[3d]">SPI3_IRQHandler</a> from startup_stm32f10x_hd.o(.text) referenced from startup_stm32f10x_hd.o(RESET)
 <LI><a href="#[6]">SVC_Handler</a> from stm32f10x_it.o(i.SVC_Handler) referenced from startup_stm32f10x_hd.o(RESET)
 <LI><a href="#[9]">SysTick_Handler</a> from stm32f10x_it.o(i.SysTick_Handler) referenced from startup_stm32f10x_hd.o(RESET)
 <LI><a href="#[47]">SystemInit</a> from system_stm32f10x.o(i.SystemInit) referenced from startup_stm32f10x_hd.o(.text)
 <LI><a href="#[c]">TAMPER_IRQHandler</a> from startup_stm32f10x_hd.o(.text) referenced from startup_stm32f10x_hd.o(RESET)
 <LI><a href="#[22]">TIM1_BRK_IRQHandler</a> from startup_stm32f10x_hd.o(.text) referenced from startup_stm32f10x_hd.o(RESET)
 <LI><a href="#[25]">TIM1_CC_IRQHandler</a> from startup_stm32f10x_hd.o(.text) referenced from startup_stm32f10x_hd.o(RESET)
 <LI><a href="#[24]">TIM1_TRG_COM_IRQHandler</a> from startup_stm32f10x_hd.o(.text) referenced from startup_stm32f10x_hd.o(RESET)
 <LI><a href="#[23]">TIM1_UP_IRQHandler</a> from startup_stm32f10x_hd.o(.text) referenced from startup_stm32f10x_hd.o(RESET)
 <LI><a href="#[26]">TIM2_IRQHandler</a> from startup_stm32f10x_hd.o(.text) referenced from startup_stm32f10x_hd.o(RESET)
 <LI><a href="#[27]">TIM3_IRQHandler</a> from startup_stm32f10x_hd.o(.text) referenced from startup_stm32f10x_hd.o(RESET)
 <LI><a href="#[28]">TIM4_IRQHandler</a> from startup_stm32f10x_hd.o(.text) referenced from startup_stm32f10x_hd.o(RESET)
 <LI><a href="#[3c]">TIM5_IRQHandler</a> from startup_stm32f10x_hd.o(.text) referenced from startup_stm32f10x_hd.o(RESET)
 <LI><a href="#[40]">TIM6_IRQHandler</a> from startup_stm32f10x_hd.o(.text) referenced from startup_stm32f10x_hd.o(RESET)
 <LI><a href="#[41]">TIM7_IRQHandler</a> from startup_stm32f10x_hd.o(.text) referenced from startup_stm32f10x_hd.o(RESET)
 <LI><a href="#[35]">TIM8_BRK_IRQHandler</a> from startup_stm32f10x_hd.o(.text) referenced from startup_stm32f10x_hd.o(RESET)
 <LI><a href="#[38]">TIM8_CC_IRQHandler</a> from startup_stm32f10x_hd.o(.text) referenced from startup_stm32f10x_hd.o(RESET)
 <LI><a href="#[37]">TIM8_TRG_COM_IRQHandler</a> from startup_stm32f10x_hd.o(.text) referenced from startup_stm32f10x_hd.o(RESET)
 <LI><a href="#[36]">TIM8_UP_IRQHandler</a> from startup_stm32f10x_hd.o(.text) referenced from startup_stm32f10x_hd.o(RESET)
 <LI><a href="#[3e]">UART4_IRQHandler</a> from startup_stm32f10x_hd.o(.text) referenced from startup_stm32f10x_hd.o(RESET)
 <LI><a href="#[3f]">UART5_IRQHandler</a> from startup_stm32f10x_hd.o(.text) referenced from startup_stm32f10x_hd.o(RESET)
 <LI><a href="#[2f]">USART1_IRQHandler</a> from startup_stm32f10x_hd.o(.text) referenced from startup_stm32f10x_hd.o(RESET)
 <LI><a href="#[30]">USART2_IRQHandler</a> from stm32f10x_it.o(i.USART2_IRQHandler) referenced from startup_stm32f10x_hd.o(RESET)
 <LI><a href="#[31]">USART3_IRQHandler</a> from startup_stm32f10x_hd.o(.text) referenced from startup_stm32f10x_hd.o(RESET)
 <LI><a href="#[34]">USBWakeUp_IRQHandler</a> from startup_stm32f10x_hd.o(.text) referenced from startup_stm32f10x_hd.o(RESET)
 <LI><a href="#[1d]">USB_HP_CAN1_TX_IRQHandler</a> from startup_stm32f10x_hd.o(.text) referenced from startup_stm32f10x_hd.o(RESET)
 <LI><a href="#[1e]">USB_LP_CAN1_RX0_IRQHandler</a> from startup_stm32f10x_hd.o(.text) referenced from startup_stm32f10x_hd.o(RESET)
 <LI><a href="#[5]">UsageFault_Handler</a> from stm32f10x_it.o(i.UsageFault_Handler) referenced from startup_stm32f10x_hd.o(RESET)
 <LI><a href="#[a]">WWDG_IRQHandler</a> from startup_stm32f10x_hd.o(.text) referenced from startup_stm32f10x_hd.o(RESET)
 <LI><a href="#[48]">__main</a> from entry.o(.ARM.Collect$$$$00000000) referenced from startup_stm32f10x_hd.o(.text)
 <LI><a href="#[4a]">_sputc</a> from printfa.o(i._sputc) referenced from printfa.o(i.__0sprintf)
 <LI><a href="#[49]">fputc</a> from bsp_usart.o(i.fputc) referenced from printfa.o(i.__0printf)
 <LI><a href="#[46]">main</a> from main.o(i.main) referenced from entry9a.o(.ARM.Collect$$$$0000000B)
</UL>
<P>
<H3>
Global Symbols
</H3>
<P><STRONG><a name="[48]"></a>__main</STRONG> (Thumb, 0 bytes, Stack size unknown bytes, entry.o(.ARM.Collect$$$$00000000))
<BR>[Address Reference Count : 1]<UL><LI> startup_stm32f10x_hd.o(.text)
</UL>
<P><STRONG><a name="[e8]"></a>_main_stk</STRONG> (Thumb, 0 bytes, Stack size unknown bytes, entry2.o(.ARM.Collect$$$$00000001))

<P><STRONG><a name="[4b]"></a>_main_scatterload</STRONG> (Thumb, 0 bytes, Stack size unknown bytes, entry5.o(.ARM.Collect$$$$00000004))
<BR><BR>[Calls]<UL><LI><a href="#[4c]">&gt;&gt;</a>&nbsp;&nbsp;&nbsp;__scatterload
</UL>

<P><STRONG><a name="[65]"></a>__main_after_scatterload</STRONG> (Thumb, 0 bytes, Stack size unknown bytes, entry5.o(.ARM.Collect$$$$00000004))
<BR><BR>[Called By]<UL><LI><a href="#[4c]">&gt;&gt;</a>&nbsp;&nbsp;&nbsp;__scatterload
</UL>

<P><STRONG><a name="[e9]"></a>_main_clock</STRONG> (Thumb, 0 bytes, Stack size unknown bytes, entry7b.o(.ARM.Collect$$$$00000008))

<P><STRONG><a name="[ea]"></a>_main_cpp_init</STRONG> (Thumb, 0 bytes, Stack size unknown bytes, entry8b.o(.ARM.Collect$$$$0000000A))

<P><STRONG><a name="[eb]"></a>_main_init</STRONG> (Thumb, 0 bytes, Stack size unknown bytes, entry9a.o(.ARM.Collect$$$$0000000B))

<P><STRONG><a name="[ec]"></a>__rt_final_cpp</STRONG> (Thumb, 0 bytes, Stack size unknown bytes, entry10a.o(.ARM.Collect$$$$0000000D))

<P><STRONG><a name="[ed]"></a>__rt_final_exit</STRONG> (Thumb, 0 bytes, Stack size unknown bytes, entry11a.o(.ARM.Collect$$$$0000000F))

<P><STRONG><a name="[0]"></a>Reset_Handler</STRONG> (Thumb, 8 bytes, Stack size 0 bytes, startup_stm32f10x_hd.o(.text))
<BR>[Address Reference Count : 1]<UL><LI> startup_stm32f10x_hd.o(RESET)
</UL>
<P><STRONG><a name="[1c]"></a>ADC1_2_IRQHandler</STRONG> (Thumb, 0 bytes, Stack size 0 bytes, startup_stm32f10x_hd.o(.text))
<BR><BR>[Calls]<UL><LI><a href="#[1c]">&gt;&gt;</a>&nbsp;&nbsp;&nbsp;ADC1_2_IRQHandler
</UL>
<BR>[Called By]<UL><LI><a href="#[1c]">&gt;&gt;</a>&nbsp;&nbsp;&nbsp;ADC1_2_IRQHandler
</UL>
<BR>[Address Reference Count : 1]<UL><LI> startup_stm32f10x_hd.o(RESET)
</UL>
<P><STRONG><a name="[39]"></a>ADC3_IRQHandler</STRONG> (Thumb, 0 bytes, Stack size 0 bytes, startup_stm32f10x_hd.o(.text))
<BR>[Address Reference Count : 1]<UL><LI> startup_stm32f10x_hd.o(RESET)
</UL>
<P><STRONG><a name="[1f]"></a>CAN1_RX1_IRQHandler</STRONG> (Thumb, 0 bytes, Stack size 0 bytes, startup_stm32f10x_hd.o(.text))
<BR>[Address Reference Count : 1]<UL><LI> startup_stm32f10x_hd.o(RESET)
</UL>
<P><STRONG><a name="[20]"></a>CAN1_SCE_IRQHandler</STRONG> (Thumb, 0 bytes, Stack size 0 bytes, startup_stm32f10x_hd.o(.text))
<BR>[Address Reference Count : 1]<UL><LI> startup_stm32f10x_hd.o(RESET)
</UL>
<P><STRONG><a name="[15]"></a>DMA1_Channel1_IRQHandler</STRONG> (Thumb, 0 bytes, Stack size 0 bytes, startup_stm32f10x_hd.o(.text))
<BR>[Address Reference Count : 1]<UL><LI> startup_stm32f10x_hd.o(RESET)
</UL>
<P><STRONG><a name="[16]"></a>DMA1_Channel2_IRQHandler</STRONG> (Thumb, 0 bytes, Stack size 0 bytes, startup_stm32f10x_hd.o(.text))
<BR>[Address Reference Count : 1]<UL><LI> startup_stm32f10x_hd.o(RESET)
</UL>
<P><STRONG><a name="[17]"></a>DMA1_Channel3_IRQHandler</STRONG> (Thumb, 0 bytes, Stack size 0 bytes, startup_stm32f10x_hd.o(.text))
<BR>[Address Reference Count : 1]<UL><LI> startup_stm32f10x_hd.o(RESET)
</UL>
<P><STRONG><a name="[18]"></a>DMA1_Channel4_IRQHandler</STRONG> (Thumb, 0 bytes, Stack size 0 bytes, startup_stm32f10x_hd.o(.text))
<BR>[Address Reference Count : 1]<UL><LI> startup_stm32f10x_hd.o(RESET)
</UL>
<P><STRONG><a name="[19]"></a>DMA1_Channel5_IRQHandler</STRONG> (Thumb, 0 bytes, Stack size 0 bytes, startup_stm32f10x_hd.o(.text))
<BR>[Address Reference Count : 1]<UL><LI> startup_stm32f10x_hd.o(RESET)
</UL>
<P><STRONG><a name="[1a]"></a>DMA1_Channel6_IRQHandler</STRONG> (Thumb, 0 bytes, Stack size 0 bytes, startup_stm32f10x_hd.o(.text))
<BR>[Address Reference Count : 1]<UL><LI> startup_stm32f10x_hd.o(RESET)
</UL>
<P><STRONG><a name="[1b]"></a>DMA1_Channel7_IRQHandler</STRONG> (Thumb, 0 bytes, Stack size 0 bytes, startup_stm32f10x_hd.o(.text))
<BR>[Address Reference Count : 1]<UL><LI> startup_stm32f10x_hd.o(RESET)
</UL>
<P><STRONG><a name="[42]"></a>DMA2_Channel1_IRQHandler</STRONG> (Thumb, 0 bytes, Stack size 0 bytes, startup_stm32f10x_hd.o(.text))
<BR>[Address Reference Count : 1]<UL><LI> startup_stm32f10x_hd.o(RESET)
</UL>
<P><STRONG><a name="[43]"></a>DMA2_Channel2_IRQHandler</STRONG> (Thumb, 0 bytes, Stack size 0 bytes, startup_stm32f10x_hd.o(.text))
<BR>[Address Reference Count : 1]<UL><LI> startup_stm32f10x_hd.o(RESET)
</UL>
<P><STRONG><a name="[44]"></a>DMA2_Channel3_IRQHandler</STRONG> (Thumb, 0 bytes, Stack size 0 bytes, startup_stm32f10x_hd.o(.text))
<BR>[Address Reference Count : 1]<UL><LI> startup_stm32f10x_hd.o(RESET)
</UL>
<P><STRONG><a name="[45]"></a>DMA2_Channel4_5_IRQHandler</STRONG> (Thumb, 0 bytes, Stack size 0 bytes, startup_stm32f10x_hd.o(.text))
<BR>[Address Reference Count : 1]<UL><LI> startup_stm32f10x_hd.o(RESET)
</UL>
<P><STRONG><a name="[11]"></a>EXTI1_IRQHandler</STRONG> (Thumb, 0 bytes, Stack size 0 bytes, startup_stm32f10x_hd.o(.text))
<BR>[Address Reference Count : 1]<UL><LI> startup_stm32f10x_hd.o(RESET)
</UL>
<P><STRONG><a name="[12]"></a>EXTI2_IRQHandler</STRONG> (Thumb, 0 bytes, Stack size 0 bytes, startup_stm32f10x_hd.o(.text))
<BR>[Address Reference Count : 1]<UL><LI> startup_stm32f10x_hd.o(RESET)
</UL>
<P><STRONG><a name="[13]"></a>EXTI3_IRQHandler</STRONG> (Thumb, 0 bytes, Stack size 0 bytes, startup_stm32f10x_hd.o(.text))
<BR>[Address Reference Count : 1]<UL><LI> startup_stm32f10x_hd.o(RESET)
</UL>
<P><STRONG><a name="[14]"></a>EXTI4_IRQHandler</STRONG> (Thumb, 0 bytes, Stack size 0 bytes, startup_stm32f10x_hd.o(.text))
<BR>[Address Reference Count : 1]<UL><LI> startup_stm32f10x_hd.o(RESET)
</UL>
<P><STRONG><a name="[21]"></a>EXTI9_5_IRQHandler</STRONG> (Thumb, 0 bytes, Stack size 0 bytes, startup_stm32f10x_hd.o(.text))
<BR>[Address Reference Count : 1]<UL><LI> startup_stm32f10x_hd.o(RESET)
</UL>
<P><STRONG><a name="[e]"></a>FLASH_IRQHandler</STRONG> (Thumb, 0 bytes, Stack size 0 bytes, startup_stm32f10x_hd.o(.text))
<BR>[Address Reference Count : 1]<UL><LI> startup_stm32f10x_hd.o(RESET)
</UL>
<P><STRONG><a name="[3a]"></a>FSMC_IRQHandler</STRONG> (Thumb, 0 bytes, Stack size 0 bytes, startup_stm32f10x_hd.o(.text))
<BR>[Address Reference Count : 1]<UL><LI> startup_stm32f10x_hd.o(RESET)
</UL>
<P><STRONG><a name="[2a]"></a>I2C1_ER_IRQHandler</STRONG> (Thumb, 0 bytes, Stack size 0 bytes, startup_stm32f10x_hd.o(.text))
<BR>[Address Reference Count : 1]<UL><LI> startup_stm32f10x_hd.o(RESET)
</UL>
<P><STRONG><a name="[29]"></a>I2C1_EV_IRQHandler</STRONG> (Thumb, 0 bytes, Stack size 0 bytes, startup_stm32f10x_hd.o(.text))
<BR>[Address Reference Count : 1]<UL><LI> startup_stm32f10x_hd.o(RESET)
</UL>
<P><STRONG><a name="[2c]"></a>I2C2_ER_IRQHandler</STRONG> (Thumb, 0 bytes, Stack size 0 bytes, startup_stm32f10x_hd.o(.text))
<BR>[Address Reference Count : 1]<UL><LI> startup_stm32f10x_hd.o(RESET)
</UL>
<P><STRONG><a name="[2b]"></a>I2C2_EV_IRQHandler</STRONG> (Thumb, 0 bytes, Stack size 0 bytes, startup_stm32f10x_hd.o(.text))
<BR>[Address Reference Count : 1]<UL><LI> startup_stm32f10x_hd.o(RESET)
</UL>
<P><STRONG><a name="[b]"></a>PVD_IRQHandler</STRONG> (Thumb, 0 bytes, Stack size 0 bytes, startup_stm32f10x_hd.o(.text))
<BR>[Address Reference Count : 1]<UL><LI> startup_stm32f10x_hd.o(RESET)
</UL>
<P><STRONG><a name="[f]"></a>RCC_IRQHandler</STRONG> (Thumb, 0 bytes, Stack size 0 bytes, startup_stm32f10x_hd.o(.text))
<BR>[Address Reference Count : 1]<UL><LI> startup_stm32f10x_hd.o(RESET)
</UL>
<P><STRONG><a name="[33]"></a>RTCAlarm_IRQHandler</STRONG> (Thumb, 0 bytes, Stack size 0 bytes, startup_stm32f10x_hd.o(.text))
<BR>[Address Reference Count : 1]<UL><LI> startup_stm32f10x_hd.o(RESET)
</UL>
<P><STRONG><a name="[3b]"></a>SDIO_IRQHandler</STRONG> (Thumb, 0 bytes, Stack size 0 bytes, startup_stm32f10x_hd.o(.text))
<BR>[Address Reference Count : 1]<UL><LI> startup_stm32f10x_hd.o(RESET)
</UL>
<P><STRONG><a name="[2d]"></a>SPI1_IRQHandler</STRONG> (Thumb, 0 bytes, Stack size 0 bytes, startup_stm32f10x_hd.o(.text))
<BR>[Address Reference Count : 1]<UL><LI> startup_stm32f10x_hd.o(RESET)
</UL>
<P><STRONG><a name="[2e]"></a>SPI2_IRQHandler</STRONG> (Thumb, 0 bytes, Stack size 0 bytes, startup_stm32f10x_hd.o(.text))
<BR>[Address Reference Count : 1]<UL><LI> startup_stm32f10x_hd.o(RESET)
</UL>
<P><STRONG><a name="[3d]"></a>SPI3_IRQHandler</STRONG> (Thumb, 0 bytes, Stack size 0 bytes, startup_stm32f10x_hd.o(.text))
<BR>[Address Reference Count : 1]<UL><LI> startup_stm32f10x_hd.o(RESET)
</UL>
<P><STRONG><a name="[c]"></a>TAMPER_IRQHandler</STRONG> (Thumb, 0 bytes, Stack size 0 bytes, startup_stm32f10x_hd.o(.text))
<BR>[Address Reference Count : 1]<UL><LI> startup_stm32f10x_hd.o(RESET)
</UL>
<P><STRONG><a name="[22]"></a>TIM1_BRK_IRQHandler</STRONG> (Thumb, 0 bytes, Stack size 0 bytes, startup_stm32f10x_hd.o(.text))
<BR>[Address Reference Count : 1]<UL><LI> startup_stm32f10x_hd.o(RESET)
</UL>
<P><STRONG><a name="[25]"></a>TIM1_CC_IRQHandler</STRONG> (Thumb, 0 bytes, Stack size 0 bytes, startup_stm32f10x_hd.o(.text))
<BR>[Address Reference Count : 1]<UL><LI> startup_stm32f10x_hd.o(RESET)
</UL>
<P><STRONG><a name="[24]"></a>TIM1_TRG_COM_IRQHandler</STRONG> (Thumb, 0 bytes, Stack size 0 bytes, startup_stm32f10x_hd.o(.text))
<BR>[Address Reference Count : 1]<UL><LI> startup_stm32f10x_hd.o(RESET)
</UL>
<P><STRONG><a name="[23]"></a>TIM1_UP_IRQHandler</STRONG> (Thumb, 0 bytes, Stack size 0 bytes, startup_stm32f10x_hd.o(.text))
<BR>[Address Reference Count : 1]<UL><LI> startup_stm32f10x_hd.o(RESET)
</UL>
<P><STRONG><a name="[26]"></a>TIM2_IRQHandler</STRONG> (Thumb, 0 bytes, Stack size 0 bytes, startup_stm32f10x_hd.o(.text))
<BR>[Address Reference Count : 1]<UL><LI> startup_stm32f10x_hd.o(RESET)
</UL>
<P><STRONG><a name="[27]"></a>TIM3_IRQHandler</STRONG> (Thumb, 0 bytes, Stack size 0 bytes, startup_stm32f10x_hd.o(.text))
<BR>[Address Reference Count : 1]<UL><LI> startup_stm32f10x_hd.o(RESET)
</UL>
<P><STRONG><a name="[28]"></a>TIM4_IRQHandler</STRONG> (Thumb, 0 bytes, Stack size 0 bytes, startup_stm32f10x_hd.o(.text))
<BR>[Address Reference Count : 1]<UL><LI> startup_stm32f10x_hd.o(RESET)
</UL>
<P><STRONG><a name="[3c]"></a>TIM5_IRQHandler</STRONG> (Thumb, 0 bytes, Stack size 0 bytes, startup_stm32f10x_hd.o(.text))
<BR>[Address Reference Count : 1]<UL><LI> startup_stm32f10x_hd.o(RESET)
</UL>
<P><STRONG><a name="[40]"></a>TIM6_IRQHandler</STRONG> (Thumb, 0 bytes, Stack size 0 bytes, startup_stm32f10x_hd.o(.text))
<BR>[Address Reference Count : 1]<UL><LI> startup_stm32f10x_hd.o(RESET)
</UL>
<P><STRONG><a name="[41]"></a>TIM7_IRQHandler</STRONG> (Thumb, 0 bytes, Stack size 0 bytes, startup_stm32f10x_hd.o(.text))
<BR>[Address Reference Count : 1]<UL><LI> startup_stm32f10x_hd.o(RESET)
</UL>
<P><STRONG><a name="[35]"></a>TIM8_BRK_IRQHandler</STRONG> (Thumb, 0 bytes, Stack size 0 bytes, startup_stm32f10x_hd.o(.text))
<BR>[Address Reference Count : 1]<UL><LI> startup_stm32f10x_hd.o(RESET)
</UL>
<P><STRONG><a name="[38]"></a>TIM8_CC_IRQHandler</STRONG> (Thumb, 0 bytes, Stack size 0 bytes, startup_stm32f10x_hd.o(.text))
<BR>[Address Reference Count : 1]<UL><LI> startup_stm32f10x_hd.o(RESET)
</UL>
<P><STRONG><a name="[37]"></a>TIM8_TRG_COM_IRQHandler</STRONG> (Thumb, 0 bytes, Stack size 0 bytes, startup_stm32f10x_hd.o(.text))
<BR>[Address Reference Count : 1]<UL><LI> startup_stm32f10x_hd.o(RESET)
</UL>
<P><STRONG><a name="[36]"></a>TIM8_UP_IRQHandler</STRONG> (Thumb, 0 bytes, Stack size 0 bytes, startup_stm32f10x_hd.o(.text))
<BR>[Address Reference Count : 1]<UL><LI> startup_stm32f10x_hd.o(RESET)
</UL>
<P><STRONG><a name="[3e]"></a>UART4_IRQHandler</STRONG> (Thumb, 0 bytes, Stack size 0 bytes, startup_stm32f10x_hd.o(.text))
<BR>[Address Reference Count : 1]<UL><LI> startup_stm32f10x_hd.o(RESET)
</UL>
<P><STRONG><a name="[3f]"></a>UART5_IRQHandler</STRONG> (Thumb, 0 bytes, Stack size 0 bytes, startup_stm32f10x_hd.o(.text))
<BR>[Address Reference Count : 1]<UL><LI> startup_stm32f10x_hd.o(RESET)
</UL>
<P><STRONG><a name="[2f]"></a>USART1_IRQHandler</STRONG> (Thumb, 0 bytes, Stack size 0 bytes, startup_stm32f10x_hd.o(.text))
<BR>[Address Reference Count : 1]<UL><LI> startup_stm32f10x_hd.o(RESET)
</UL>
<P><STRONG><a name="[31]"></a>USART3_IRQHandler</STRONG> (Thumb, 0 bytes, Stack size 0 bytes, startup_stm32f10x_hd.o(.text))
<BR>[Address Reference Count : 1]<UL><LI> startup_stm32f10x_hd.o(RESET)
</UL>
<P><STRONG><a name="[34]"></a>USBWakeUp_IRQHandler</STRONG> (Thumb, 0 bytes, Stack size 0 bytes, startup_stm32f10x_hd.o(.text))
<BR>[Address Reference Count : 1]<UL><LI> startup_stm32f10x_hd.o(RESET)
</UL>
<P><STRONG><a name="[1d]"></a>USB_HP_CAN1_TX_IRQHandler</STRONG> (Thumb, 0 bytes, Stack size 0 bytes, startup_stm32f10x_hd.o(.text))
<BR>[Address Reference Count : 1]<UL><LI> startup_stm32f10x_hd.o(RESET)
</UL>
<P><STRONG><a name="[1e]"></a>USB_LP_CAN1_RX0_IRQHandler</STRONG> (Thumb, 0 bytes, Stack size 0 bytes, startup_stm32f10x_hd.o(.text))
<BR>[Address Reference Count : 1]<UL><LI> startup_stm32f10x_hd.o(RESET)
</UL>
<P><STRONG><a name="[a]"></a>WWDG_IRQHandler</STRONG> (Thumb, 0 bytes, Stack size 0 bytes, startup_stm32f10x_hd.o(.text))
<BR>[Address Reference Count : 1]<UL><LI> startup_stm32f10x_hd.o(RESET)
</UL>
<P><STRONG><a name="[4e]"></a>__aeabi_memset</STRONG> (Thumb, 14 bytes, Stack size 0 bytes, memseta.o(.text))
<BR><BR>[Called By]<UL><LI><a href="#[4f]">&gt;&gt;</a>&nbsp;&nbsp;&nbsp;_memset$wrapper
<LI><a href="#[4d]">&gt;&gt;</a>&nbsp;&nbsp;&nbsp;__aeabi_memclr
</UL>

<P><STRONG><a name="[ee]"></a>__aeabi_memset4</STRONG> (Thumb, 0 bytes, Stack size 0 bytes, memseta.o(.text), UNUSED)

<P><STRONG><a name="[ef]"></a>__aeabi_memset8</STRONG> (Thumb, 0 bytes, Stack size 0 bytes, memseta.o(.text), UNUSED)

<P><STRONG><a name="[4d]"></a>__aeabi_memclr</STRONG> (Thumb, 4 bytes, Stack size 0 bytes, memseta.o(.text))
<BR><BR>[Calls]<UL><LI><a href="#[4e]">&gt;&gt;</a>&nbsp;&nbsp;&nbsp;__aeabi_memset
</UL>
<BR>[Called By]<UL><LI><a href="#[bf]">&gt;&gt;</a>&nbsp;&nbsp;&nbsp;Send_AT_RST
<LI><a href="#[79]">&gt;&gt;</a>&nbsp;&nbsp;&nbsp;Send_AT_Exit
<LI><a href="#[be]">&gt;&gt;</a>&nbsp;&nbsp;&nbsp;Send_AT_CWMODE
<LI><a href="#[bd]">&gt;&gt;</a>&nbsp;&nbsp;&nbsp;Send_AT_CWJAP_SELECT
<LI><a href="#[bc]">&gt;&gt;</a>&nbsp;&nbsp;&nbsp;Send_AT_CWJAP
<LI><a href="#[7a]">&gt;&gt;</a>&nbsp;&nbsp;&nbsp;Send_AT_CIPSTATUS
<LI><a href="#[7b]">&gt;&gt;</a>&nbsp;&nbsp;&nbsp;Send_AT_CIPSTART
<LI><a href="#[7e]">&gt;&gt;</a>&nbsp;&nbsp;&nbsp;Send_AT_CIPSEND
<LI><a href="#[bb]">&gt;&gt;</a>&nbsp;&nbsp;&nbsp;Send_AT_CIPMUX
<LI><a href="#[7d]">&gt;&gt;</a>&nbsp;&nbsp;&nbsp;Send_AT_CIPMODE
<LI><a href="#[cc]">&gt;&gt;</a>&nbsp;&nbsp;&nbsp;Upload_DataPoint
<LI><a href="#[46]">&gt;&gt;</a>&nbsp;&nbsp;&nbsp;main
</UL>

<P><STRONG><a name="[cd]"></a>__aeabi_memclr4</STRONG> (Thumb, 0 bytes, Stack size 0 bytes, memseta.o(.text))
<BR><BR>[Called By]<UL><LI><a href="#[cc]">&gt;&gt;</a>&nbsp;&nbsp;&nbsp;Upload_DataPoint
<LI><a href="#[46]">&gt;&gt;</a>&nbsp;&nbsp;&nbsp;main
</UL>

<P><STRONG><a name="[f0]"></a>__aeabi_memclr8</STRONG> (Thumb, 0 bytes, Stack size 0 bytes, memseta.o(.text), UNUSED)

<P><STRONG><a name="[4f]"></a>_memset$wrapper</STRONG> (Thumb, 18 bytes, Stack size 8 bytes, memseta.o(.text), UNUSED)
<BR><BR>[Calls]<UL><LI><a href="#[4e]">&gt;&gt;</a>&nbsp;&nbsp;&nbsp;__aeabi_memset
</UL>

<P><STRONG><a name="[6a]"></a>strstr</STRONG> (Thumb, 36 bytes, Stack size 12 bytes, strstr.o(.text))
<BR><BR>[Stack]<UL><LI>Max Depth = 12<LI>Call Chain = strstr
</UL>
<BR>[Called By]<UL><LI><a href="#[69]">&gt;&gt;</a>&nbsp;&nbsp;&nbsp;Check_Status
</UL>

<P><STRONG><a name="[ce]"></a>strlen</STRONG> (Thumb, 14 bytes, Stack size 0 bytes, strlen.o(.text))
<BR><BR>[Called By]<UL><LI><a href="#[cc]">&gt;&gt;</a>&nbsp;&nbsp;&nbsp;Upload_DataPoint
</UL>

<P><STRONG><a name="[68]"></a>memcmp</STRONG> (Thumb, 26 bytes, Stack size 12 bytes, memcmp.o(.text))
<BR><BR>[Stack]<UL><LI>Max Depth = 12<LI>Call Chain = memcmp
</UL>
<BR>[Called By]<UL><LI><a href="#[99]">&gt;&gt;</a>&nbsp;&nbsp;&nbsp;Is_OK
<LI><a href="#[67]">&gt;&gt;</a>&nbsp;&nbsp;&nbsp;Analyse_Data
</UL>

<P><STRONG><a name="[e4]"></a>strcpy</STRONG> (Thumb, 18 bytes, Stack size 0 bytes, strcpy.o(.text))
<BR><BR>[Called By]<UL><LI><a href="#[46]">&gt;&gt;</a>&nbsp;&nbsp;&nbsp;main
</UL>

<P><STRONG><a name="[50]"></a>__aeabi_fadd</STRONG> (Thumb, 164 bytes, Stack size 16 bytes, fadd.o(.text))
<BR><BR>[Stack]<UL><LI>Max Depth = 20<LI>Call Chain = __aeabi_fadd &rArr; _float_epilogue
</UL>
<BR>[Calls]<UL><LI><a href="#[52]">&gt;&gt;</a>&nbsp;&nbsp;&nbsp;_float_round
<LI><a href="#[51]">&gt;&gt;</a>&nbsp;&nbsp;&nbsp;_float_epilogue
</UL>
<BR>[Called By]<UL><LI><a href="#[53]">&gt;&gt;</a>&nbsp;&nbsp;&nbsp;__aeabi_fsub
<LI><a href="#[54]">&gt;&gt;</a>&nbsp;&nbsp;&nbsp;__aeabi_frsub
</UL>

<P><STRONG><a name="[53]"></a>__aeabi_fsub</STRONG> (Thumb, 6 bytes, Stack size 0 bytes, fadd.o(.text))
<BR><BR>[Stack]<UL><LI>Max Depth = 20<LI>Call Chain = __aeabi_fsub &rArr; __aeabi_fadd &rArr; _float_epilogue
</UL>
<BR>[Calls]<UL><LI><a href="#[50]">&gt;&gt;</a>&nbsp;&nbsp;&nbsp;__aeabi_fadd
</UL>
<BR>[Called By]<UL><LI><a href="#[87]">&gt;&gt;</a>&nbsp;&nbsp;&nbsp;Get_PPMValue
</UL>

<P><STRONG><a name="[54]"></a>__aeabi_frsub</STRONG> (Thumb, 6 bytes, Stack size 0 bytes, fadd.o(.text), UNUSED)
<BR><BR>[Calls]<UL><LI><a href="#[50]">&gt;&gt;</a>&nbsp;&nbsp;&nbsp;__aeabi_fadd
</UL>

<P><STRONG><a name="[88]"></a>__aeabi_fmul</STRONG> (Thumb, 100 bytes, Stack size 8 bytes, fmul.o(.text))
<BR><BR>[Stack]<UL><LI>Max Depth = 8<LI>Call Chain = __aeabi_fmul
</UL>
<BR>[Called By]<UL><LI><a href="#[87]">&gt;&gt;</a>&nbsp;&nbsp;&nbsp;Get_PPMValue
</UL>

<P><STRONG><a name="[55]"></a>__aeabi_fdiv</STRONG> (Thumb, 124 bytes, Stack size 8 bytes, fdiv.o(.text))
<BR><BR>[Stack]<UL><LI>Max Depth = 8<LI>Call Chain = __aeabi_fdiv
</UL>
<BR>[Calls]<UL><LI><a href="#[52]">&gt;&gt;</a>&nbsp;&nbsp;&nbsp;_float_round
</UL>
<BR>[Called By]<UL><LI><a href="#[87]">&gt;&gt;</a>&nbsp;&nbsp;&nbsp;Get_PPMValue
</UL>

<P><STRONG><a name="[56]"></a>__aeabi_dmul</STRONG> (Thumb, 228 bytes, Stack size 48 bytes, dmul.o(.text))
<BR><BR>[Stack]<UL><LI>Max Depth = 88<LI>Call Chain = __aeabi_dmul &rArr; _double_epilogue &rArr; _double_round
</UL>
<BR>[Calls]<UL><LI><a href="#[57]">&gt;&gt;</a>&nbsp;&nbsp;&nbsp;_double_epilogue
</UL>
<BR>[Called By]<UL><LI><a href="#[89]">&gt;&gt;</a>&nbsp;&nbsp;&nbsp;pow
<LI><a href="#[87]">&gt;&gt;</a>&nbsp;&nbsp;&nbsp;Get_PPMValue
<LI><a href="#[d4]">&gt;&gt;</a>&nbsp;&nbsp;&nbsp;__kernel_poly
<LI><a href="#[db]">&gt;&gt;</a>&nbsp;&nbsp;&nbsp;_fp_digits
</UL>

<P><STRONG><a name="[58]"></a>__aeabi_ddiv</STRONG> (Thumb, 222 bytes, Stack size 32 bytes, ddiv.o(.text))
<BR><BR>[Stack]<UL><LI>Max Depth = 40<LI>Call Chain = __aeabi_ddiv &rArr; _double_round
</UL>
<BR>[Calls]<UL><LI><a href="#[59]">&gt;&gt;</a>&nbsp;&nbsp;&nbsp;_double_round
</UL>
<BR>[Called By]<UL><LI><a href="#[89]">&gt;&gt;</a>&nbsp;&nbsp;&nbsp;pow
<LI><a href="#[87]">&gt;&gt;</a>&nbsp;&nbsp;&nbsp;Get_PPMValue
<LI><a href="#[d7]">&gt;&gt;</a>&nbsp;&nbsp;&nbsp;__mathlib_dbl_invalid
<LI><a href="#[d5]">&gt;&gt;</a>&nbsp;&nbsp;&nbsp;__mathlib_dbl_divzero
<LI><a href="#[db]">&gt;&gt;</a>&nbsp;&nbsp;&nbsp;_fp_digits
</UL>

<P><STRONG><a name="[5a]"></a>__aeabi_ui2f</STRONG> (Thumb, 10 bytes, Stack size 0 bytes, ffltui.o(.text))
<BR><BR>[Stack]<UL><LI>Max Depth = 4<LI>Call Chain = __aeabi_ui2f &rArr; _float_epilogue
</UL>
<BR>[Calls]<UL><LI><a href="#[51]">&gt;&gt;</a>&nbsp;&nbsp;&nbsp;_float_epilogue
</UL>
<BR>[Called By]<UL><LI><a href="#[87]">&gt;&gt;</a>&nbsp;&nbsp;&nbsp;Get_PPMValue
</UL>

<P><STRONG><a name="[8a]"></a>__aeabi_f2d</STRONG> (Thumb, 38 bytes, Stack size 0 bytes, f2d.o(.text))
<BR><BR>[Called By]<UL><LI><a href="#[87]">&gt;&gt;</a>&nbsp;&nbsp;&nbsp;Get_PPMValue
<LI><a href="#[46]">&gt;&gt;</a>&nbsp;&nbsp;&nbsp;main
</UL>

<P><STRONG><a name="[5b]"></a>__aeabi_d2f</STRONG> (Thumb, 56 bytes, Stack size 8 bytes, d2f.o(.text))
<BR><BR>[Stack]<UL><LI>Max Depth = 8<LI>Call Chain = __aeabi_d2f
</UL>
<BR>[Calls]<UL><LI><a href="#[52]">&gt;&gt;</a>&nbsp;&nbsp;&nbsp;_float_round
</UL>
<BR>[Called By]<UL><LI><a href="#[87]">&gt;&gt;</a>&nbsp;&nbsp;&nbsp;Get_PPMValue
</UL>

<P><STRONG><a name="[f1]"></a>__aeabi_uidiv</STRONG> (Thumb, 0 bytes, Stack size 12 bytes, uidiv.o(.text), UNUSED)

<P><STRONG><a name="[df]"></a>__aeabi_uidivmod</STRONG> (Thumb, 44 bytes, Stack size 12 bytes, uidiv.o(.text), UNUSED)
<BR><BR>[Called By]<UL><LI><a href="#[d2]">&gt;&gt;</a>&nbsp;&nbsp;&nbsp;_printf_core
</UL>

<P><STRONG><a name="[5c]"></a>__aeabi_uldivmod</STRONG> (Thumb, 98 bytes, Stack size 40 bytes, uldiv.o(.text), UNUSED)
<BR><BR>[Calls]<UL><LI><a href="#[5d]">&gt;&gt;</a>&nbsp;&nbsp;&nbsp;__aeabi_llsr
<LI><a href="#[5e]">&gt;&gt;</a>&nbsp;&nbsp;&nbsp;__aeabi_llsl
</UL>
<BR>[Called By]<UL><LI><a href="#[d2]">&gt;&gt;</a>&nbsp;&nbsp;&nbsp;_printf_core
<LI><a href="#[db]">&gt;&gt;</a>&nbsp;&nbsp;&nbsp;_fp_digits
</UL>

<P><STRONG><a name="[f2]"></a>__I$use$fp</STRONG> (Thumb, 0 bytes, Stack size 0 bytes, iusefp.o(.text), UNUSED)

<P><STRONG><a name="[52]"></a>_float_round</STRONG> (Thumb, 18 bytes, Stack size 0 bytes, fepilogue.o(.text))
<BR><BR>[Called By]<UL><LI><a href="#[55]">&gt;&gt;</a>&nbsp;&nbsp;&nbsp;__aeabi_fdiv
<LI><a href="#[5b]">&gt;&gt;</a>&nbsp;&nbsp;&nbsp;__aeabi_d2f
<LI><a href="#[50]">&gt;&gt;</a>&nbsp;&nbsp;&nbsp;__aeabi_fadd
</UL>

<P><STRONG><a name="[51]"></a>_float_epilogue</STRONG> (Thumb, 92 bytes, Stack size 4 bytes, fepilogue.o(.text))
<BR><BR>[Stack]<UL><LI>Max Depth = 4<LI>Call Chain = _float_epilogue
</UL>
<BR>[Called By]<UL><LI><a href="#[5a]">&gt;&gt;</a>&nbsp;&nbsp;&nbsp;__aeabi_ui2f
<LI><a href="#[50]">&gt;&gt;</a>&nbsp;&nbsp;&nbsp;__aeabi_fadd
</UL>

<P><STRONG><a name="[59]"></a>_double_round</STRONG> (Thumb, 30 bytes, Stack size 8 bytes, depilogue.o(.text))
<BR><BR>[Stack]<UL><LI>Max Depth = 8<LI>Call Chain = _double_round
</UL>
<BR>[Called By]<UL><LI><a href="#[5f]">&gt;&gt;</a>&nbsp;&nbsp;&nbsp;__aeabi_dadd
<LI><a href="#[58]">&gt;&gt;</a>&nbsp;&nbsp;&nbsp;__aeabi_ddiv
<LI><a href="#[66]">&gt;&gt;</a>&nbsp;&nbsp;&nbsp;_dsqrt
<LI><a href="#[57]">&gt;&gt;</a>&nbsp;&nbsp;&nbsp;_double_epilogue
</UL>

<P><STRONG><a name="[57]"></a>_double_epilogue</STRONG> (Thumb, 156 bytes, Stack size 32 bytes, depilogue.o(.text))
<BR><BR>[Stack]<UL><LI>Max Depth = 40<LI>Call Chain = _double_epilogue &rArr; _double_round
</UL>
<BR>[Calls]<UL><LI><a href="#[5d]">&gt;&gt;</a>&nbsp;&nbsp;&nbsp;__aeabi_llsr
<LI><a href="#[5e]">&gt;&gt;</a>&nbsp;&nbsp;&nbsp;__aeabi_llsl
<LI><a href="#[59]">&gt;&gt;</a>&nbsp;&nbsp;&nbsp;_double_round
</UL>
<BR>[Called By]<UL><LI><a href="#[63]">&gt;&gt;</a>&nbsp;&nbsp;&nbsp;__aeabi_i2d
<LI><a href="#[5f]">&gt;&gt;</a>&nbsp;&nbsp;&nbsp;__aeabi_dadd
<LI><a href="#[56]">&gt;&gt;</a>&nbsp;&nbsp;&nbsp;__aeabi_dmul
</UL>

<P><STRONG><a name="[5f]"></a>__aeabi_dadd</STRONG> (Thumb, 322 bytes, Stack size 48 bytes, dadd.o(.text))
<BR><BR>[Stack]<UL><LI>Max Depth = 88<LI>Call Chain = __aeabi_dadd &rArr; _double_epilogue &rArr; _double_round
</UL>
<BR>[Calls]<UL><LI><a href="#[60]">&gt;&gt;</a>&nbsp;&nbsp;&nbsp;__aeabi_lasr
<LI><a href="#[5e]">&gt;&gt;</a>&nbsp;&nbsp;&nbsp;__aeabi_llsl
<LI><a href="#[59]">&gt;&gt;</a>&nbsp;&nbsp;&nbsp;_double_round
<LI><a href="#[57]">&gt;&gt;</a>&nbsp;&nbsp;&nbsp;_double_epilogue
</UL>
<BR>[Called By]<UL><LI><a href="#[61]">&gt;&gt;</a>&nbsp;&nbsp;&nbsp;__aeabi_dsub
<LI><a href="#[62]">&gt;&gt;</a>&nbsp;&nbsp;&nbsp;__aeabi_drsub
<LI><a href="#[89]">&gt;&gt;</a>&nbsp;&nbsp;&nbsp;pow
<LI><a href="#[d4]">&gt;&gt;</a>&nbsp;&nbsp;&nbsp;__kernel_poly
<LI><a href="#[d6]">&gt;&gt;</a>&nbsp;&nbsp;&nbsp;__mathlib_dbl_infnan2
<LI><a href="#[db]">&gt;&gt;</a>&nbsp;&nbsp;&nbsp;_fp_digits
</UL>

<P><STRONG><a name="[61]"></a>__aeabi_dsub</STRONG> (Thumb, 6 bytes, Stack size 0 bytes, dadd.o(.text))
<BR><BR>[Stack]<UL><LI>Max Depth = 88<LI>Call Chain = __aeabi_dsub &rArr; __aeabi_dadd &rArr; _double_epilogue &rArr; _double_round
</UL>
<BR>[Calls]<UL><LI><a href="#[5f]">&gt;&gt;</a>&nbsp;&nbsp;&nbsp;__aeabi_dadd
</UL>
<BR>[Called By]<UL><LI><a href="#[89]">&gt;&gt;</a>&nbsp;&nbsp;&nbsp;pow
</UL>

<P><STRONG><a name="[62]"></a>__aeabi_drsub</STRONG> (Thumb, 6 bytes, Stack size 0 bytes, dadd.o(.text))
<BR><BR>[Stack]<UL><LI>Max Depth = 88<LI>Call Chain = __aeabi_drsub &rArr; __aeabi_dadd &rArr; _double_epilogue &rArr; _double_round
</UL>
<BR>[Calls]<UL><LI><a href="#[5f]">&gt;&gt;</a>&nbsp;&nbsp;&nbsp;__aeabi_dadd
</UL>
<BR>[Called By]<UL><LI><a href="#[89]">&gt;&gt;</a>&nbsp;&nbsp;&nbsp;pow
</UL>

<P><STRONG><a name="[d9]"></a>__ARM_scalbn</STRONG> (Thumb, 46 bytes, Stack size 16 bytes, dscalb.o(.text))
<BR><BR>[Stack]<UL><LI>Max Depth = 16<LI>Call Chain = __ARM_scalbn
</UL>
<BR>[Called By]<UL><LI><a href="#[89]">&gt;&gt;</a>&nbsp;&nbsp;&nbsp;pow
<LI><a href="#[da]">&gt;&gt;</a>&nbsp;&nbsp;&nbsp;__mathlib_dbl_underflow
<LI><a href="#[d8]">&gt;&gt;</a>&nbsp;&nbsp;&nbsp;__mathlib_dbl_overflow
</UL>

<P><STRONG><a name="[f3]"></a>scalbn</STRONG> (Thumb, 0 bytes, Stack size 16 bytes, dscalb.o(.text), UNUSED)

<P><STRONG><a name="[63]"></a>__aeabi_i2d</STRONG> (Thumb, 34 bytes, Stack size 16 bytes, dflti.o(.text))
<BR><BR>[Stack]<UL><LI>Max Depth = 56<LI>Call Chain = __aeabi_i2d &rArr; _double_epilogue &rArr; _double_round
</UL>
<BR>[Calls]<UL><LI><a href="#[57]">&gt;&gt;</a>&nbsp;&nbsp;&nbsp;_double_epilogue
</UL>
<BR>[Called By]<UL><LI><a href="#[89]">&gt;&gt;</a>&nbsp;&nbsp;&nbsp;pow
</UL>

<P><STRONG><a name="[64]"></a>__aeabi_d2ulz</STRONG> (Thumb, 48 bytes, Stack size 0 bytes, dfixul.o(.text), UNUSED)
<BR><BR>[Calls]<UL><LI><a href="#[5d]">&gt;&gt;</a>&nbsp;&nbsp;&nbsp;__aeabi_llsr
<LI><a href="#[5e]">&gt;&gt;</a>&nbsp;&nbsp;&nbsp;__aeabi_llsl
</UL>
<BR>[Called By]<UL><LI><a href="#[db]">&gt;&gt;</a>&nbsp;&nbsp;&nbsp;_fp_digits
</UL>

<P><STRONG><a name="[dc]"></a>__aeabi_cdrcmple</STRONG> (Thumb, 48 bytes, Stack size 0 bytes, cdrcmple.o(.text))
<BR><BR>[Called By]<UL><LI><a href="#[89]">&gt;&gt;</a>&nbsp;&nbsp;&nbsp;pow
<LI><a href="#[db]">&gt;&gt;</a>&nbsp;&nbsp;&nbsp;_fp_digits
</UL>

<P><STRONG><a name="[4c]"></a>__scatterload</STRONG> (Thumb, 28 bytes, Stack size 0 bytes, init.o(.text))
<BR><BR>[Calls]<UL><LI><a href="#[65]">&gt;&gt;</a>&nbsp;&nbsp;&nbsp;__main_after_scatterload
</UL>
<BR>[Called By]<UL><LI><a href="#[4b]">&gt;&gt;</a>&nbsp;&nbsp;&nbsp;_main_scatterload
</UL>

<P><STRONG><a name="[f4]"></a>__scatterload_rt2</STRONG> (Thumb, 0 bytes, Stack size 0 bytes, init.o(.text), UNUSED)

<P><STRONG><a name="[5e]"></a>__aeabi_llsl</STRONG> (Thumb, 30 bytes, Stack size 0 bytes, llshl.o(.text))
<BR><BR>[Called By]<UL><LI><a href="#[5f]">&gt;&gt;</a>&nbsp;&nbsp;&nbsp;__aeabi_dadd
<LI><a href="#[5c]">&gt;&gt;</a>&nbsp;&nbsp;&nbsp;__aeabi_uldivmod
<LI><a href="#[57]">&gt;&gt;</a>&nbsp;&nbsp;&nbsp;_double_epilogue
<LI><a href="#[64]">&gt;&gt;</a>&nbsp;&nbsp;&nbsp;__aeabi_d2ulz
</UL>

<P><STRONG><a name="[f5]"></a>_ll_shift_l</STRONG> (Thumb, 0 bytes, Stack size 0 bytes, llshl.o(.text), UNUSED)

<P><STRONG><a name="[5d]"></a>__aeabi_llsr</STRONG> (Thumb, 32 bytes, Stack size 0 bytes, llushr.o(.text))
<BR><BR>[Called By]<UL><LI><a href="#[5c]">&gt;&gt;</a>&nbsp;&nbsp;&nbsp;__aeabi_uldivmod
<LI><a href="#[66]">&gt;&gt;</a>&nbsp;&nbsp;&nbsp;_dsqrt
<LI><a href="#[57]">&gt;&gt;</a>&nbsp;&nbsp;&nbsp;_double_epilogue
<LI><a href="#[64]">&gt;&gt;</a>&nbsp;&nbsp;&nbsp;__aeabi_d2ulz
</UL>

<P><STRONG><a name="[f6]"></a>_ll_ushift_r</STRONG> (Thumb, 0 bytes, Stack size 0 bytes, llushr.o(.text), UNUSED)

<P><STRONG><a name="[60]"></a>__aeabi_lasr</STRONG> (Thumb, 36 bytes, Stack size 0 bytes, llsshr.o(.text))
<BR><BR>[Called By]<UL><LI><a href="#[5f]">&gt;&gt;</a>&nbsp;&nbsp;&nbsp;__aeabi_dadd
</UL>

<P><STRONG><a name="[f7]"></a>_ll_sshift_r</STRONG> (Thumb, 0 bytes, Stack size 0 bytes, llsshr.o(.text), UNUSED)

<P><STRONG><a name="[66]"></a>_dsqrt</STRONG> (Thumb, 162 bytes, Stack size 32 bytes, dsqrt.o(.text))
<BR><BR>[Stack]<UL><LI>Max Depth = 40<LI>Call Chain = _dsqrt &rArr; _double_round
</UL>
<BR>[Calls]<UL><LI><a href="#[5d]">&gt;&gt;</a>&nbsp;&nbsp;&nbsp;__aeabi_llsr
<LI><a href="#[59]">&gt;&gt;</a>&nbsp;&nbsp;&nbsp;_double_round
</UL>
<BR>[Called By]<UL><LI><a href="#[e6]">&gt;&gt;</a>&nbsp;&nbsp;&nbsp;sqrt
</UL>

<P><STRONG><a name="[f8]"></a>__decompress</STRONG> (Thumb, 0 bytes, Stack size unknown bytes, __dczerorl2.o(.text), UNUSED)

<P><STRONG><a name="[f9]"></a>__decompress1</STRONG> (Thumb, 86 bytes, Stack size unknown bytes, __dczerorl2.o(.text), UNUSED)

<P><STRONG><a name="[ac]"></a>ADC_Cmd</STRONG> (Thumb, 22 bytes, Stack size 0 bytes, stm32f10x_adc.o(i.ADC_Cmd))
<BR><BR>[Called By]<UL><LI><a href="#[a2]">&gt;&gt;</a>&nbsp;&nbsp;&nbsp;Mq2_Init
</UL>

<P><STRONG><a name="[ab]"></a>ADC_DMACmd</STRONG> (Thumb, 22 bytes, Stack size 0 bytes, stm32f10x_adc.o(i.ADC_DMACmd))
<BR><BR>[Called By]<UL><LI><a href="#[a2]">&gt;&gt;</a>&nbsp;&nbsp;&nbsp;Mq2_Init
</UL>

<P><STRONG><a name="[b0]"></a>ADC_GetCalibrationStatus</STRONG> (Thumb, 20 bytes, Stack size 0 bytes, stm32f10x_adc.o(i.ADC_GetCalibrationStatus))
<BR><BR>[Called By]<UL><LI><a href="#[a2]">&gt;&gt;</a>&nbsp;&nbsp;&nbsp;Mq2_Init
</UL>

<P><STRONG><a name="[ae]"></a>ADC_GetResetCalibrationStatus</STRONG> (Thumb, 20 bytes, Stack size 0 bytes, stm32f10x_adc.o(i.ADC_GetResetCalibrationStatus))
<BR><BR>[Called By]<UL><LI><a href="#[a2]">&gt;&gt;</a>&nbsp;&nbsp;&nbsp;Mq2_Init
</UL>

<P><STRONG><a name="[a9]"></a>ADC_Init</STRONG> (Thumb, 70 bytes, Stack size 12 bytes, stm32f10x_adc.o(i.ADC_Init))
<BR><BR>[Stack]<UL><LI>Max Depth = 12<LI>Call Chain = ADC_Init
</UL>
<BR>[Called By]<UL><LI><a href="#[a2]">&gt;&gt;</a>&nbsp;&nbsp;&nbsp;Mq2_Init
</UL>

<P><STRONG><a name="[aa]"></a>ADC_RegularChannelConfig</STRONG> (Thumb, 184 bytes, Stack size 20 bytes, stm32f10x_adc.o(i.ADC_RegularChannelConfig))
<BR><BR>[Stack]<UL><LI>Max Depth = 20<LI>Call Chain = ADC_RegularChannelConfig
</UL>
<BR>[Called By]<UL><LI><a href="#[a2]">&gt;&gt;</a>&nbsp;&nbsp;&nbsp;Mq2_Init
</UL>

<P><STRONG><a name="[ad]"></a>ADC_ResetCalibration</STRONG> (Thumb, 10 bytes, Stack size 0 bytes, stm32f10x_adc.o(i.ADC_ResetCalibration))
<BR><BR>[Called By]<UL><LI><a href="#[a2]">&gt;&gt;</a>&nbsp;&nbsp;&nbsp;Mq2_Init
</UL>

<P><STRONG><a name="[b1]"></a>ADC_SoftwareStartConvCmd</STRONG> (Thumb, 22 bytes, Stack size 0 bytes, stm32f10x_adc.o(i.ADC_SoftwareStartConvCmd))
<BR><BR>[Called By]<UL><LI><a href="#[a2]">&gt;&gt;</a>&nbsp;&nbsp;&nbsp;Mq2_Init
</UL>

<P><STRONG><a name="[af]"></a>ADC_StartCalibration</STRONG> (Thumb, 10 bytes, Stack size 0 bytes, stm32f10x_adc.o(i.ADC_StartCalibration))
<BR><BR>[Called By]<UL><LI><a href="#[a2]">&gt;&gt;</a>&nbsp;&nbsp;&nbsp;Mq2_Init
</UL>

<P><STRONG><a name="[a3]"></a>ADC_StructInit</STRONG> (Thumb, 18 bytes, Stack size 0 bytes, stm32f10x_adc.o(i.ADC_StructInit))
<BR><BR>[Called By]<UL><LI><a href="#[a2]">&gt;&gt;</a>&nbsp;&nbsp;&nbsp;Mq2_Init
</UL>

<P><STRONG><a name="[67]"></a>Analyse_Data</STRONG> (Thumb, 44 bytes, Stack size 16 bytes, esp8266.o(i.Analyse_Data))
<BR><BR>[Stack]<UL><LI>Max Depth = 28<LI>Call Chain = Analyse_Data &rArr; memcmp
</UL>
<BR>[Calls]<UL><LI><a href="#[68]">&gt;&gt;</a>&nbsp;&nbsp;&nbsp;memcmp
</UL>
<BR>[Called By]<UL><LI><a href="#[cc]">&gt;&gt;</a>&nbsp;&nbsp;&nbsp;Upload_DataPoint
</UL>

<P><STRONG><a name="[4]"></a>BusFault_Handler</STRONG> (Thumb, 4 bytes, Stack size 0 bytes, stm32f10x_it.o(i.BusFault_Handler))
<BR>[Address Reference Count : 1]<UL><LI> startup_stm32f10x_hd.o(RESET)
</UL>
<P><STRONG><a name="[69]"></a>Check_Status</STRONG> (Thumb, 62 bytes, Stack size 8 bytes, esp8266.o(i.Check_Status))
<BR><BR>[Stack]<UL><LI>Max Depth = 20<LI>Call Chain = Check_Status &rArr; strstr
</UL>
<BR>[Calls]<UL><LI><a href="#[6a]">&gt;&gt;</a>&nbsp;&nbsp;&nbsp;strstr
</UL>
<BR>[Called By]<UL><LI><a href="#[7a]">&gt;&gt;</a>&nbsp;&nbsp;&nbsp;Send_AT_CIPSTATUS
</UL>

<P><STRONG><a name="[6b]"></a>DHT11_Init</STRONG> (Thumb, 54 bytes, Stack size 8 bytes, dht11.o(i.DHT11_Init))
<BR><BR>[Stack]<UL><LI>Max Depth = 32<LI>Call Chain = DHT11_Init &rArr; GPIO_Init
</UL>
<BR>[Calls]<UL><LI><a href="#[6e]">&gt;&gt;</a>&nbsp;&nbsp;&nbsp;GPIO_SetBits
<LI><a href="#[6d]">&gt;&gt;</a>&nbsp;&nbsp;&nbsp;GPIO_Init
<LI><a href="#[6c]">&gt;&gt;</a>&nbsp;&nbsp;&nbsp;RCC_APB2PeriphClockCmd
<LI><a href="#[6f]">&gt;&gt;</a>&nbsp;&nbsp;&nbsp;Send_Start
<LI><a href="#[70]">&gt;&gt;</a>&nbsp;&nbsp;&nbsp;Recv_Ack
</UL>
<BR>[Called By]<UL><LI><a href="#[46]">&gt;&gt;</a>&nbsp;&nbsp;&nbsp;main
</UL>

<P><STRONG><a name="[71]"></a>DHT11_ReadByte</STRONG> (Thumb, 38 bytes, Stack size 16 bytes, dht11.o(i.DHT11_ReadByte))
<BR><BR>[Stack]<UL><LI>Max Depth = 24<LI>Call Chain = DHT11_ReadByte &rArr; DHT11_Read_Bit
</UL>
<BR>[Calls]<UL><LI><a href="#[72]">&gt;&gt;</a>&nbsp;&nbsp;&nbsp;DHT11_Read_Bit
</UL>
<BR>[Called By]<UL><LI><a href="#[73]">&gt;&gt;</a>&nbsp;&nbsp;&nbsp;DHT11_ReadData
</UL>

<P><STRONG><a name="[73]"></a>DHT11_ReadData</STRONG> (Thumb, 92 bytes, Stack size 24 bytes, dht11.o(i.DHT11_ReadData))
<BR><BR>[Stack]<UL><LI>Max Depth = 48<LI>Call Chain = DHT11_ReadData &rArr; DHT11_ReadByte &rArr; DHT11_Read_Bit
</UL>
<BR>[Calls]<UL><LI><a href="#[6f]">&gt;&gt;</a>&nbsp;&nbsp;&nbsp;Send_Start
<LI><a href="#[70]">&gt;&gt;</a>&nbsp;&nbsp;&nbsp;Recv_Ack
<LI><a href="#[71]">&gt;&gt;</a>&nbsp;&nbsp;&nbsp;DHT11_ReadByte
</UL>
<BR>[Called By]<UL><LI><a href="#[46]">&gt;&gt;</a>&nbsp;&nbsp;&nbsp;main
</UL>

<P><STRONG><a name="[72]"></a>DHT11_Read_Bit</STRONG> (Thumb, 90 bytes, Stack size 8 bytes, dht11.o(i.DHT11_Read_Bit))
<BR><BR>[Stack]<UL><LI>Max Depth = 8<LI>Call Chain = DHT11_Read_Bit
</UL>
<BR>[Calls]<UL><LI><a href="#[75]">&gt;&gt;</a>&nbsp;&nbsp;&nbsp;GPIO_ReadInputDataBit
<LI><a href="#[74]">&gt;&gt;</a>&nbsp;&nbsp;&nbsp;DelayUs
</UL>
<BR>[Called By]<UL><LI><a href="#[71]">&gt;&gt;</a>&nbsp;&nbsp;&nbsp;DHT11_ReadByte
</UL>

<P><STRONG><a name="[a8]"></a>DMA_Cmd</STRONG> (Thumb, 24 bytes, Stack size 0 bytes, stm32f10x_dma.o(i.DMA_Cmd))
<BR><BR>[Called By]<UL><LI><a href="#[a2]">&gt;&gt;</a>&nbsp;&nbsp;&nbsp;Mq2_Init
</UL>

<P><STRONG><a name="[a7]"></a>DMA_Init</STRONG> (Thumb, 60 bytes, Stack size 8 bytes, stm32f10x_dma.o(i.DMA_Init))
<BR><BR>[Stack]<UL><LI>Max Depth = 8<LI>Call Chain = DMA_Init
</UL>
<BR>[Called By]<UL><LI><a href="#[a2]">&gt;&gt;</a>&nbsp;&nbsp;&nbsp;Mq2_Init
</UL>

<P><STRONG><a name="[a4]"></a>DMA_StructInit</STRONG> (Thumb, 26 bytes, Stack size 0 bytes, stm32f10x_dma.o(i.DMA_StructInit))
<BR><BR>[Called By]<UL><LI><a href="#[a2]">&gt;&gt;</a>&nbsp;&nbsp;&nbsp;Mq2_Init
</UL>

<P><STRONG><a name="[7]"></a>DebugMon_Handler</STRONG> (Thumb, 2 bytes, Stack size 0 bytes, stm32f10x_it.o(i.DebugMon_Handler))
<BR>[Address Reference Count : 1]<UL><LI> startup_stm32f10x_hd.o(RESET)
</UL>
<P><STRONG><a name="[76]"></a>DelayInit</STRONG> (Thumb, 50 bytes, Stack size 8 bytes, delay.o(i.DelayInit))
<BR><BR>[Stack]<UL><LI>Max Depth = 8<LI>Call Chain = DelayInit
</UL>
<BR>[Calls]<UL><LI><a href="#[77]">&gt;&gt;</a>&nbsp;&nbsp;&nbsp;SysTick_CLKSourceConfig
</UL>
<BR>[Called By]<UL><LI><a href="#[46]">&gt;&gt;</a>&nbsp;&nbsp;&nbsp;main
</UL>

<P><STRONG><a name="[ba]"></a>DelayMs</STRONG> (Thumb, 72 bytes, Stack size 0 bytes, delay.o(i.DelayMs))
<BR><BR>[Called By]<UL><LI><a href="#[bf]">&gt;&gt;</a>&nbsp;&nbsp;&nbsp;Send_AT_RST
<LI><a href="#[79]">&gt;&gt;</a>&nbsp;&nbsp;&nbsp;Send_AT_Exit
<LI><a href="#[be]">&gt;&gt;</a>&nbsp;&nbsp;&nbsp;Send_AT_CWMODE
<LI><a href="#[bd]">&gt;&gt;</a>&nbsp;&nbsp;&nbsp;Send_AT_CWJAP_SELECT
<LI><a href="#[bc]">&gt;&gt;</a>&nbsp;&nbsp;&nbsp;Send_AT_CWJAP
<LI><a href="#[7a]">&gt;&gt;</a>&nbsp;&nbsp;&nbsp;Send_AT_CIPSTATUS
<LI><a href="#[7b]">&gt;&gt;</a>&nbsp;&nbsp;&nbsp;Send_AT_CIPSTART
<LI><a href="#[7e]">&gt;&gt;</a>&nbsp;&nbsp;&nbsp;Send_AT_CIPSEND
<LI><a href="#[bb]">&gt;&gt;</a>&nbsp;&nbsp;&nbsp;Send_AT_CIPMUX
<LI><a href="#[7d]">&gt;&gt;</a>&nbsp;&nbsp;&nbsp;Send_AT_CIPMODE
<LI><a href="#[6f]">&gt;&gt;</a>&nbsp;&nbsp;&nbsp;Send_Start
<LI><a href="#[cc]">&gt;&gt;</a>&nbsp;&nbsp;&nbsp;Upload_DataPoint
<LI><a href="#[46]">&gt;&gt;</a>&nbsp;&nbsp;&nbsp;main
</UL>

<P><STRONG><a name="[74]"></a>DelayUs</STRONG> (Thumb, 72 bytes, Stack size 0 bytes, delay.o(i.DelayUs))
<BR><BR>[Called By]<UL><LI><a href="#[6f]">&gt;&gt;</a>&nbsp;&nbsp;&nbsp;Send_Start
<LI><a href="#[70]">&gt;&gt;</a>&nbsp;&nbsp;&nbsp;Recv_Ack
<LI><a href="#[72]">&gt;&gt;</a>&nbsp;&nbsp;&nbsp;DHT11_Read_Bit
</UL>

<P><STRONG><a name="[78]"></a>Dev_StatusHandler</STRONG> (Thumb, 66 bytes, Stack size 8 bytes, esp8266.o(i.Dev_StatusHandler))
<BR><BR>[Stack]<UL><LI>Max Depth = 64<LI>Call Chain = Dev_StatusHandler &rArr; Wifi_Config &rArr; Send_AT_RST &rArr; Usart_SendString &rArr; Usart_SendByte
</UL>
<BR>[Calls]<UL><LI><a href="#[7c]">&gt;&gt;</a>&nbsp;&nbsp;&nbsp;Wifi_Config
<LI><a href="#[79]">&gt;&gt;</a>&nbsp;&nbsp;&nbsp;Send_AT_Exit
<LI><a href="#[7a]">&gt;&gt;</a>&nbsp;&nbsp;&nbsp;Send_AT_CIPSTATUS
<LI><a href="#[7b]">&gt;&gt;</a>&nbsp;&nbsp;&nbsp;Send_AT_CIPSTART
<LI><a href="#[7e]">&gt;&gt;</a>&nbsp;&nbsp;&nbsp;Send_AT_CIPSEND
<LI><a href="#[7d]">&gt;&gt;</a>&nbsp;&nbsp;&nbsp;Send_AT_CIPMODE
</UL>
<BR>[Called By]<UL><LI><a href="#[46]">&gt;&gt;</a>&nbsp;&nbsp;&nbsp;main
</UL>

<P><STRONG><a name="[10]"></a>EXTI0_IRQHandler</STRONG> (Thumb, 58 bytes, Stack size 8 bytes, stm32f10x_it.o(i.EXTI0_IRQHandler))
<BR><BR>[Stack]<UL><LI>Max Depth = 8<LI>Call Chain = EXTI0_IRQHandler
</UL>
<BR>[Calls]<UL><LI><a href="#[6e]">&gt;&gt;</a>&nbsp;&nbsp;&nbsp;GPIO_SetBits
<LI><a href="#[80]">&gt;&gt;</a>&nbsp;&nbsp;&nbsp;GPIO_ResetBits
<LI><a href="#[7f]">&gt;&gt;</a>&nbsp;&nbsp;&nbsp;EXTI_GetITStatus
<LI><a href="#[81]">&gt;&gt;</a>&nbsp;&nbsp;&nbsp;EXTI_ClearITPendingBit
</UL>
<BR>[Address Reference Count : 1]<UL><LI> startup_stm32f10x_hd.o(RESET)
</UL>
<P><STRONG><a name="[32]"></a>EXTI15_10_IRQHandler</STRONG> (Thumb, 62 bytes, Stack size 8 bytes, stm32f10x_it.o(i.EXTI15_10_IRQHandler))
<BR><BR>[Stack]<UL><LI>Max Depth = 8<LI>Call Chain = EXTI15_10_IRQHandler
</UL>
<BR>[Calls]<UL><LI><a href="#[6e]">&gt;&gt;</a>&nbsp;&nbsp;&nbsp;GPIO_SetBits
<LI><a href="#[80]">&gt;&gt;</a>&nbsp;&nbsp;&nbsp;GPIO_ResetBits
<LI><a href="#[7f]">&gt;&gt;</a>&nbsp;&nbsp;&nbsp;EXTI_GetITStatus
<LI><a href="#[81]">&gt;&gt;</a>&nbsp;&nbsp;&nbsp;EXTI_ClearITPendingBit
</UL>
<BR>[Address Reference Count : 1]<UL><LI> startup_stm32f10x_hd.o(RESET)
</UL>
<P><STRONG><a name="[81]"></a>EXTI_ClearITPendingBit</STRONG> (Thumb, 6 bytes, Stack size 0 bytes, stm32f10x_exti.o(i.EXTI_ClearITPendingBit))
<BR><BR>[Called By]<UL><LI><a href="#[32]">&gt;&gt;</a>&nbsp;&nbsp;&nbsp;EXTI15_10_IRQHandler
<LI><a href="#[10]">&gt;&gt;</a>&nbsp;&nbsp;&nbsp;EXTI0_IRQHandler
</UL>

<P><STRONG><a name="[7f]"></a>EXTI_GetITStatus</STRONG> (Thumb, 34 bytes, Stack size 0 bytes, stm32f10x_exti.o(i.EXTI_GetITStatus))
<BR><BR>[Called By]<UL><LI><a href="#[32]">&gt;&gt;</a>&nbsp;&nbsp;&nbsp;EXTI15_10_IRQHandler
<LI><a href="#[10]">&gt;&gt;</a>&nbsp;&nbsp;&nbsp;EXTI0_IRQHandler
</UL>

<P><STRONG><a name="[9e]"></a>EXTI_Init</STRONG> (Thumb, 142 bytes, Stack size 0 bytes, stm32f10x_exti.o(i.EXTI_Init))
<BR><BR>[Called By]<UL><LI><a href="#[9a]">&gt;&gt;</a>&nbsp;&nbsp;&nbsp;Key_Init
</UL>

<P><STRONG><a name="[82]"></a>Esp8266_Init</STRONG> (Thumb, 30 bytes, Stack size 8 bytes, esp8266.o(i.Esp8266_Init))
<BR><BR>[Stack]<UL><LI>Max Depth = 108<LI>Call Chain = Esp8266_Init &rArr; Uart2_Config &rArr; USART_Init &rArr; RCC_GetClocksFreq
</UL>
<BR>[Calls]<UL><LI><a href="#[7c]">&gt;&gt;</a>&nbsp;&nbsp;&nbsp;Wifi_Config
<LI><a href="#[83]">&gt;&gt;</a>&nbsp;&nbsp;&nbsp;Uart2_Config
<LI><a href="#[84]">&gt;&gt;</a>&nbsp;&nbsp;&nbsp;__2printf
</UL>
<BR>[Called By]<UL><LI><a href="#[46]">&gt;&gt;</a>&nbsp;&nbsp;&nbsp;main
</UL>

<P><STRONG><a name="[9c]"></a>GPIO_EXTILineConfig</STRONG> (Thumb, 60 bytes, Stack size 12 bytes, stm32f10x_gpio.o(i.GPIO_EXTILineConfig))
<BR><BR>[Stack]<UL><LI>Max Depth = 12<LI>Call Chain = GPIO_EXTILineConfig
</UL>
<BR>[Called By]<UL><LI><a href="#[9a]">&gt;&gt;</a>&nbsp;&nbsp;&nbsp;Key_Init
</UL>

<P><STRONG><a name="[6d]"></a>GPIO_Init</STRONG> (Thumb, 278 bytes, Stack size 24 bytes, stm32f10x_gpio.o(i.GPIO_Init))
<BR><BR>[Stack]<UL><LI>Max Depth = 24<LI>Call Chain = GPIO_Init
</UL>
<BR>[Called By]<UL><LI><a href="#[83]">&gt;&gt;</a>&nbsp;&nbsp;&nbsp;Uart2_Config
<LI><a href="#[93]">&gt;&gt;</a>&nbsp;&nbsp;&nbsp;ILI9341_GPIO_Config
<LI><a href="#[c6]">&gt;&gt;</a>&nbsp;&nbsp;&nbsp;USART_Config
<LI><a href="#[a2]">&gt;&gt;</a>&nbsp;&nbsp;&nbsp;Mq2_Init
<LI><a href="#[a1]">&gt;&gt;</a>&nbsp;&nbsp;&nbsp;Led_Init
<LI><a href="#[9a]">&gt;&gt;</a>&nbsp;&nbsp;&nbsp;Key_Init
<LI><a href="#[6b]">&gt;&gt;</a>&nbsp;&nbsp;&nbsp;DHT11_Init
</UL>

<P><STRONG><a name="[94]"></a>GPIO_PinRemapConfig</STRONG> (Thumb, 138 bytes, Stack size 20 bytes, stm32f10x_gpio.o(i.GPIO_PinRemapConfig))
<BR><BR>[Stack]<UL><LI>Max Depth = 20<LI>Call Chain = GPIO_PinRemapConfig
</UL>
<BR>[Called By]<UL><LI><a href="#[93]">&gt;&gt;</a>&nbsp;&nbsp;&nbsp;ILI9341_GPIO_Config
</UL>

<P><STRONG><a name="[75]"></a>GPIO_ReadInputDataBit</STRONG> (Thumb, 18 bytes, Stack size 0 bytes, stm32f10x_gpio.o(i.GPIO_ReadInputDataBit))
<BR><BR>[Called By]<UL><LI><a href="#[70]">&gt;&gt;</a>&nbsp;&nbsp;&nbsp;Recv_Ack
<LI><a href="#[72]">&gt;&gt;</a>&nbsp;&nbsp;&nbsp;DHT11_Read_Bit
</UL>

<P><STRONG><a name="[80]"></a>GPIO_ResetBits</STRONG> (Thumb, 4 bytes, Stack size 0 bytes, stm32f10x_gpio.o(i.GPIO_ResetBits))
<BR><BR>[Called By]<UL><LI><a href="#[8b]">&gt;&gt;</a>&nbsp;&nbsp;&nbsp;ILI9341_BackLed_Control
<LI><a href="#[6f]">&gt;&gt;</a>&nbsp;&nbsp;&nbsp;Send_Start
<LI><a href="#[32]">&gt;&gt;</a>&nbsp;&nbsp;&nbsp;EXTI15_10_IRQHandler
<LI><a href="#[10]">&gt;&gt;</a>&nbsp;&nbsp;&nbsp;EXTI0_IRQHandler
</UL>

<P><STRONG><a name="[6e]"></a>GPIO_SetBits</STRONG> (Thumb, 4 bytes, Stack size 0 bytes, stm32f10x_gpio.o(i.GPIO_SetBits))
<BR><BR>[Called By]<UL><LI><a href="#[8b]">&gt;&gt;</a>&nbsp;&nbsp;&nbsp;ILI9341_BackLed_Control
<LI><a href="#[6f]">&gt;&gt;</a>&nbsp;&nbsp;&nbsp;Send_Start
<LI><a href="#[32]">&gt;&gt;</a>&nbsp;&nbsp;&nbsp;EXTI15_10_IRQHandler
<LI><a href="#[10]">&gt;&gt;</a>&nbsp;&nbsp;&nbsp;EXTI0_IRQHandler
<LI><a href="#[a1]">&gt;&gt;</a>&nbsp;&nbsp;&nbsp;Led_Init
<LI><a href="#[6b]">&gt;&gt;</a>&nbsp;&nbsp;&nbsp;DHT11_Init
<LI><a href="#[46]">&gt;&gt;</a>&nbsp;&nbsp;&nbsp;main
</UL>

<P><STRONG><a name="[9b]"></a>GPIO_StructInit</STRONG> (Thumb, 16 bytes, Stack size 0 bytes, stm32f10x_gpio.o(i.GPIO_StructInit))
<BR><BR>[Called By]<UL><LI><a href="#[a2]">&gt;&gt;</a>&nbsp;&nbsp;&nbsp;Mq2_Init
<LI><a href="#[9a]">&gt;&gt;</a>&nbsp;&nbsp;&nbsp;Key_Init
</UL>

<P><STRONG><a name="[86]"></a>GetAdcValue</STRONG> (Thumb, 6 bytes, Stack size 0 bytes, mq2.o(i.GetAdcValue))
<BR><BR>[Called By]<UL><LI><a href="#[85]">&gt;&gt;</a>&nbsp;&nbsp;&nbsp;GetAdcValue_Average
</UL>

<P><STRONG><a name="[85]"></a>GetAdcValue_Average</STRONG> (Thumb, 32 bytes, Stack size 4 bytes, mq2.o(i.GetAdcValue_Average))
<BR><BR>[Stack]<UL><LI>Max Depth = 4<LI>Call Chain = GetAdcValue_Average
</UL>
<BR>[Calls]<UL><LI><a href="#[86]">&gt;&gt;</a>&nbsp;&nbsp;&nbsp;GetAdcValue
</UL>
<BR>[Called By]<UL><LI><a href="#[87]">&gt;&gt;</a>&nbsp;&nbsp;&nbsp;Get_PPMValue
</UL>

<P><STRONG><a name="[87]"></a>Get_PPMValue</STRONG> (Thumb, 158 bytes, Stack size 48 bytes, mq2.o(i.Get_PPMValue))
<BR><BR>[Stack]<UL><LI>Max Depth = 288<LI>Call Chain = Get_PPMValue &rArr; pow &rArr; __kernel_poly &rArr; __aeabi_dadd &rArr; _double_epilogue &rArr; _double_round
</UL>
<BR>[Calls]<UL><LI><a href="#[89]">&gt;&gt;</a>&nbsp;&nbsp;&nbsp;pow
<LI><a href="#[5a]">&gt;&gt;</a>&nbsp;&nbsp;&nbsp;__aeabi_ui2f
<LI><a href="#[53]">&gt;&gt;</a>&nbsp;&nbsp;&nbsp;__aeabi_fsub
<LI><a href="#[88]">&gt;&gt;</a>&nbsp;&nbsp;&nbsp;__aeabi_fmul
<LI><a href="#[55]">&gt;&gt;</a>&nbsp;&nbsp;&nbsp;__aeabi_fdiv
<LI><a href="#[56]">&gt;&gt;</a>&nbsp;&nbsp;&nbsp;__aeabi_dmul
<LI><a href="#[58]">&gt;&gt;</a>&nbsp;&nbsp;&nbsp;__aeabi_ddiv
<LI><a href="#[5b]">&gt;&gt;</a>&nbsp;&nbsp;&nbsp;__aeabi_d2f
<LI><a href="#[85]">&gt;&gt;</a>&nbsp;&nbsp;&nbsp;GetAdcValue_Average
<LI><a href="#[8a]">&gt;&gt;</a>&nbsp;&nbsp;&nbsp;__aeabi_f2d
</UL>
<BR>[Called By]<UL><LI><a href="#[46]">&gt;&gt;</a>&nbsp;&nbsp;&nbsp;main
</UL>

<P><STRONG><a name="[2]"></a>HardFault_Handler</STRONG> (Thumb, 4 bytes, Stack size 0 bytes, stm32f10x_it.o(i.HardFault_Handler))
<BR>[Address Reference Count : 1]<UL><LI> startup_stm32f10x_hd.o(RESET)
</UL>
<P><STRONG><a name="[8b]"></a>ILI9341_BackLed_Control</STRONG> (Thumb, 26 bytes, Stack size 8 bytes, bsp_ili9341_lcd.o(i.ILI9341_BackLed_Control))
<BR><BR>[Stack]<UL><LI>Max Depth = 8<LI>Call Chain = ILI9341_BackLed_Control
</UL>
<BR>[Calls]<UL><LI><a href="#[6e]">&gt;&gt;</a>&nbsp;&nbsp;&nbsp;GPIO_SetBits
<LI><a href="#[80]">&gt;&gt;</a>&nbsp;&nbsp;&nbsp;GPIO_ResetBits
</UL>
<BR>[Called By]<UL><LI><a href="#[96]">&gt;&gt;</a>&nbsp;&nbsp;&nbsp;ILI9341_Init
</UL>

<P><STRONG><a name="[8c]"></a>ILI9341_Clear</STRONG> (Thumb, 40 bytes, Stack size 24 bytes, bsp_ili9341_lcd.o(i.ILI9341_Clear))
<BR><BR>[Stack]<UL><LI>Max Depth = 48<LI>Call Chain = ILI9341_Clear &rArr; ILI9341_OpenWindow
</UL>
<BR>[Calls]<UL><LI><a href="#[8d]">&gt;&gt;</a>&nbsp;&nbsp;&nbsp;ILI9341_OpenWindow
<LI><a href="#[8e]">&gt;&gt;</a>&nbsp;&nbsp;&nbsp;ILI9341_FillColor
</UL>
<BR>[Called By]<UL><LI><a href="#[9f]">&gt;&gt;</a>&nbsp;&nbsp;&nbsp;LCD_ClearLine
<LI><a href="#[46]">&gt;&gt;</a>&nbsp;&nbsp;&nbsp;main
</UL>

<P><STRONG><a name="[8f]"></a>ILI9341_DispChar_EN</STRONG> (Thumb, 138 bytes, Stack size 40 bytes, bsp_ili9341_lcd.o(i.ILI9341_DispChar_EN))
<BR><BR>[Stack]<UL><LI>Max Depth = 64<LI>Call Chain = ILI9341_DispChar_EN &rArr; ILI9341_OpenWindow
</UL>
<BR>[Calls]<UL><LI><a href="#[91]">&gt;&gt;</a>&nbsp;&nbsp;&nbsp;ILI9341_Write_Data
<LI><a href="#[90]">&gt;&gt;</a>&nbsp;&nbsp;&nbsp;ILI9341_Write_Cmd
<LI><a href="#[8d]">&gt;&gt;</a>&nbsp;&nbsp;&nbsp;ILI9341_OpenWindow
</UL>
<BR>[Called By]<UL><LI><a href="#[92]">&gt;&gt;</a>&nbsp;&nbsp;&nbsp;ILI9341_DispStringLine_EN
</UL>

<P><STRONG><a name="[92]"></a>ILI9341_DispStringLine_EN</STRONG> (Thumb, 92 bytes, Stack size 16 bytes, bsp_ili9341_lcd.o(i.ILI9341_DispStringLine_EN))
<BR><BR>[Stack]<UL><LI>Max Depth = 80<LI>Call Chain = ILI9341_DispStringLine_EN &rArr; ILI9341_DispChar_EN &rArr; ILI9341_OpenWindow
</UL>
<BR>[Calls]<UL><LI><a href="#[8f]">&gt;&gt;</a>&nbsp;&nbsp;&nbsp;ILI9341_DispChar_EN
</UL>
<BR>[Called By]<UL><LI><a href="#[d]">&gt;&gt;</a>&nbsp;&nbsp;&nbsp;RTC_IRQHandler
<LI><a href="#[46]">&gt;&gt;</a>&nbsp;&nbsp;&nbsp;main
</UL>

<P><STRONG><a name="[95]"></a>ILI9341_GramScan</STRONG> (Thumb, 172 bytes, Stack size 8 bytes, bsp_ili9341_lcd.o(i.ILI9341_GramScan))
<BR><BR>[Stack]<UL><LI>Max Depth = 8<LI>Call Chain = ILI9341_GramScan
</UL>
<BR>[Calls]<UL><LI><a href="#[91]">&gt;&gt;</a>&nbsp;&nbsp;&nbsp;ILI9341_Write_Data
<LI><a href="#[90]">&gt;&gt;</a>&nbsp;&nbsp;&nbsp;ILI9341_Write_Cmd
</UL>
<BR>[Called By]<UL><LI><a href="#[96]">&gt;&gt;</a>&nbsp;&nbsp;&nbsp;ILI9341_Init
</UL>

<P><STRONG><a name="[96]"></a>ILI9341_Init</STRONG> (Thumb, 26 bytes, Stack size 8 bytes, bsp_ili9341_lcd.o(i.ILI9341_Init))
<BR><BR>[Stack]<UL><LI>Max Depth = 40<LI>Call Chain = ILI9341_Init &rArr; ILI9341_GPIO_Config &rArr; GPIO_Init
</UL>
<BR>[Calls]<UL><LI><a href="#[95]">&gt;&gt;</a>&nbsp;&nbsp;&nbsp;ILI9341_GramScan
<LI><a href="#[8b]">&gt;&gt;</a>&nbsp;&nbsp;&nbsp;ILI9341_BackLed_Control
<LI><a href="#[97]">&gt;&gt;</a>&nbsp;&nbsp;&nbsp;ILI9341_REG_Config
<LI><a href="#[93]">&gt;&gt;</a>&nbsp;&nbsp;&nbsp;ILI9341_GPIO_Config
</UL>
<BR>[Called By]<UL><LI><a href="#[46]">&gt;&gt;</a>&nbsp;&nbsp;&nbsp;main
</UL>

<P><STRONG><a name="[8d]"></a>ILI9341_OpenWindow</STRONG> (Thumb, 96 bytes, Stack size 24 bytes, bsp_ili9341_lcd.o(i.ILI9341_OpenWindow))
<BR><BR>[Stack]<UL><LI>Max Depth = 24<LI>Call Chain = ILI9341_OpenWindow
</UL>
<BR>[Calls]<UL><LI><a href="#[91]">&gt;&gt;</a>&nbsp;&nbsp;&nbsp;ILI9341_Write_Data
<LI><a href="#[90]">&gt;&gt;</a>&nbsp;&nbsp;&nbsp;ILI9341_Write_Cmd
</UL>
<BR>[Called By]<UL><LI><a href="#[8f]">&gt;&gt;</a>&nbsp;&nbsp;&nbsp;ILI9341_DispChar_EN
<LI><a href="#[8c]">&gt;&gt;</a>&nbsp;&nbsp;&nbsp;ILI9341_Clear
</UL>

<P><STRONG><a name="[90]"></a>ILI9341_Write_Cmd</STRONG> (Thumb, 30 bytes, Stack size 0 bytes, bsp_ili9341_lcd.o(i.ILI9341_Write_Cmd))
<BR><BR>[Called By]<UL><LI><a href="#[8d]">&gt;&gt;</a>&nbsp;&nbsp;&nbsp;ILI9341_OpenWindow
<LI><a href="#[95]">&gt;&gt;</a>&nbsp;&nbsp;&nbsp;ILI9341_GramScan
<LI><a href="#[8f]">&gt;&gt;</a>&nbsp;&nbsp;&nbsp;ILI9341_DispChar_EN
<LI><a href="#[97]">&gt;&gt;</a>&nbsp;&nbsp;&nbsp;ILI9341_REG_Config
<LI><a href="#[8e]">&gt;&gt;</a>&nbsp;&nbsp;&nbsp;ILI9341_FillColor
</UL>

<P><STRONG><a name="[91]"></a>ILI9341_Write_Data</STRONG> (Thumb, 30 bytes, Stack size 0 bytes, bsp_ili9341_lcd.o(i.ILI9341_Write_Data))
<BR><BR>[Called By]<UL><LI><a href="#[8d]">&gt;&gt;</a>&nbsp;&nbsp;&nbsp;ILI9341_OpenWindow
<LI><a href="#[95]">&gt;&gt;</a>&nbsp;&nbsp;&nbsp;ILI9341_GramScan
<LI><a href="#[8f]">&gt;&gt;</a>&nbsp;&nbsp;&nbsp;ILI9341_DispChar_EN
<LI><a href="#[97]">&gt;&gt;</a>&nbsp;&nbsp;&nbsp;ILI9341_REG_Config
<LI><a href="#[8e]">&gt;&gt;</a>&nbsp;&nbsp;&nbsp;ILI9341_FillColor
</UL>

<P><STRONG><a name="[b4]"></a>Is_Leap_Year</STRONG> (Thumb, 58 bytes, Stack size 0 bytes, rtc.o(i.Is_Leap_Year))
<BR><BR>[Called By]<UL><LI><a href="#[b2]">&gt;&gt;</a>&nbsp;&nbsp;&nbsp;RTC_Get
</UL>

<P><STRONG><a name="[99]"></a>Is_OK</STRONG> (Thumb, 60 bytes, Stack size 16 bytes, esp8266.o(i.Is_OK))
<BR><BR>[Stack]<UL><LI>Max Depth = 28<LI>Call Chain = Is_OK &rArr; memcmp
</UL>
<BR>[Calls]<UL><LI><a href="#[68]">&gt;&gt;</a>&nbsp;&nbsp;&nbsp;memcmp
</UL>
<BR>[Called By]<UL><LI><a href="#[bf]">&gt;&gt;</a>&nbsp;&nbsp;&nbsp;Send_AT_RST
<LI><a href="#[be]">&gt;&gt;</a>&nbsp;&nbsp;&nbsp;Send_AT_CWMODE
<LI><a href="#[bd]">&gt;&gt;</a>&nbsp;&nbsp;&nbsp;Send_AT_CWJAP_SELECT
<LI><a href="#[bc]">&gt;&gt;</a>&nbsp;&nbsp;&nbsp;Send_AT_CWJAP
<LI><a href="#[7b]">&gt;&gt;</a>&nbsp;&nbsp;&nbsp;Send_AT_CIPSTART
<LI><a href="#[7e]">&gt;&gt;</a>&nbsp;&nbsp;&nbsp;Send_AT_CIPSEND
<LI><a href="#[bb]">&gt;&gt;</a>&nbsp;&nbsp;&nbsp;Send_AT_CIPMUX
<LI><a href="#[7d]">&gt;&gt;</a>&nbsp;&nbsp;&nbsp;Send_AT_CIPMODE
</UL>

<P><STRONG><a name="[9a]"></a>Key_Init</STRONG> (Thumb, 198 bytes, Stack size 24 bytes, key.o(i.Key_Init))
<BR><BR>[Stack]<UL><LI>Max Depth = 48<LI>Call Chain = Key_Init &rArr; GPIO_Init
</UL>
<BR>[Calls]<UL><LI><a href="#[9d]">&gt;&gt;</a>&nbsp;&nbsp;&nbsp;NVIC_Init
<LI><a href="#[9b]">&gt;&gt;</a>&nbsp;&nbsp;&nbsp;GPIO_StructInit
<LI><a href="#[6d]">&gt;&gt;</a>&nbsp;&nbsp;&nbsp;GPIO_Init
<LI><a href="#[9c]">&gt;&gt;</a>&nbsp;&nbsp;&nbsp;GPIO_EXTILineConfig
<LI><a href="#[9e]">&gt;&gt;</a>&nbsp;&nbsp;&nbsp;EXTI_Init
<LI><a href="#[6c]">&gt;&gt;</a>&nbsp;&nbsp;&nbsp;RCC_APB2PeriphClockCmd
</UL>
<BR>[Called By]<UL><LI><a href="#[46]">&gt;&gt;</a>&nbsp;&nbsp;&nbsp;main
</UL>

<P><STRONG><a name="[9f]"></a>LCD_ClearLine</STRONG> (Thumb, 26 bytes, Stack size 16 bytes, bsp_ili9341_lcd.o(i.LCD_ClearLine))
<BR><BR>[Stack]<UL><LI>Max Depth = 64<LI>Call Chain = LCD_ClearLine &rArr; ILI9341_Clear &rArr; ILI9341_OpenWindow
</UL>
<BR>[Calls]<UL><LI><a href="#[a0]">&gt;&gt;</a>&nbsp;&nbsp;&nbsp;LCD_GetFont
<LI><a href="#[8c]">&gt;&gt;</a>&nbsp;&nbsp;&nbsp;ILI9341_Clear
</UL>
<BR>[Called By]<UL><LI><a href="#[d]">&gt;&gt;</a>&nbsp;&nbsp;&nbsp;RTC_IRQHandler
<LI><a href="#[46]">&gt;&gt;</a>&nbsp;&nbsp;&nbsp;main
</UL>

<P><STRONG><a name="[a0]"></a>LCD_GetFont</STRONG> (Thumb, 6 bytes, Stack size 0 bytes, bsp_ili9341_lcd.o(i.LCD_GetFont))
<BR><BR>[Called By]<UL><LI><a href="#[d]">&gt;&gt;</a>&nbsp;&nbsp;&nbsp;RTC_IRQHandler
<LI><a href="#[9f]">&gt;&gt;</a>&nbsp;&nbsp;&nbsp;LCD_ClearLine
<LI><a href="#[46]">&gt;&gt;</a>&nbsp;&nbsp;&nbsp;main
</UL>

<P><STRONG><a name="[e2]"></a>LCD_SetColors</STRONG> (Thumb, 10 bytes, Stack size 0 bytes, bsp_ili9341_lcd.o(i.LCD_SetColors))
<BR><BR>[Called By]<UL><LI><a href="#[46]">&gt;&gt;</a>&nbsp;&nbsp;&nbsp;main
</UL>

<P><STRONG><a name="[e1]"></a>LCD_SetFont</STRONG> (Thumb, 6 bytes, Stack size 0 bytes, bsp_ili9341_lcd.o(i.LCD_SetFont))
<BR><BR>[Called By]<UL><LI><a href="#[46]">&gt;&gt;</a>&nbsp;&nbsp;&nbsp;main
</UL>

<P><STRONG><a name="[e3]"></a>LCD_SetTextColor</STRONG> (Thumb, 6 bytes, Stack size 0 bytes, bsp_ili9341_lcd.o(i.LCD_SetTextColor))
<BR><BR>[Called By]<UL><LI><a href="#[46]">&gt;&gt;</a>&nbsp;&nbsp;&nbsp;main
</UL>

<P><STRONG><a name="[a1]"></a>Led_Init</STRONG> (Thumb, 80 bytes, Stack size 8 bytes, led.o(i.Led_Init))
<BR><BR>[Stack]<UL><LI>Max Depth = 32<LI>Call Chain = Led_Init &rArr; GPIO_Init
</UL>
<BR>[Calls]<UL><LI><a href="#[6e]">&gt;&gt;</a>&nbsp;&nbsp;&nbsp;GPIO_SetBits
<LI><a href="#[6d]">&gt;&gt;</a>&nbsp;&nbsp;&nbsp;GPIO_Init
<LI><a href="#[6c]">&gt;&gt;</a>&nbsp;&nbsp;&nbsp;RCC_APB2PeriphClockCmd
</UL>
<BR>[Called By]<UL><LI><a href="#[46]">&gt;&gt;</a>&nbsp;&nbsp;&nbsp;main
</UL>

<P><STRONG><a name="[3]"></a>MemManage_Handler</STRONG> (Thumb, 4 bytes, Stack size 0 bytes, stm32f10x_it.o(i.MemManage_Handler))
<BR>[Address Reference Count : 1]<UL><LI> startup_stm32f10x_hd.o(RESET)
</UL>
<P><STRONG><a name="[a2]"></a>Mq2_Init</STRONG> (Thumb, 268 bytes, Stack size 72 bytes, mq2.o(i.Mq2_Init))
<BR><BR>[Stack]<UL><LI>Max Depth = 96<LI>Call Chain = Mq2_Init &rArr; GPIO_Init
</UL>
<BR>[Calls]<UL><LI><a href="#[a3]">&gt;&gt;</a>&nbsp;&nbsp;&nbsp;ADC_StructInit
<LI><a href="#[af]">&gt;&gt;</a>&nbsp;&nbsp;&nbsp;ADC_StartCalibration
<LI><a href="#[b1]">&gt;&gt;</a>&nbsp;&nbsp;&nbsp;ADC_SoftwareStartConvCmd
<LI><a href="#[ad]">&gt;&gt;</a>&nbsp;&nbsp;&nbsp;ADC_ResetCalibration
<LI><a href="#[aa]">&gt;&gt;</a>&nbsp;&nbsp;&nbsp;ADC_RegularChannelConfig
<LI><a href="#[a9]">&gt;&gt;</a>&nbsp;&nbsp;&nbsp;ADC_Init
<LI><a href="#[ae]">&gt;&gt;</a>&nbsp;&nbsp;&nbsp;ADC_GetResetCalibrationStatus
<LI><a href="#[b0]">&gt;&gt;</a>&nbsp;&nbsp;&nbsp;ADC_GetCalibrationStatus
<LI><a href="#[ab]">&gt;&gt;</a>&nbsp;&nbsp;&nbsp;ADC_DMACmd
<LI><a href="#[ac]">&gt;&gt;</a>&nbsp;&nbsp;&nbsp;ADC_Cmd
<LI><a href="#[9b]">&gt;&gt;</a>&nbsp;&nbsp;&nbsp;GPIO_StructInit
<LI><a href="#[6d]">&gt;&gt;</a>&nbsp;&nbsp;&nbsp;GPIO_Init
<LI><a href="#[a4]">&gt;&gt;</a>&nbsp;&nbsp;&nbsp;DMA_StructInit
<LI><a href="#[a7]">&gt;&gt;</a>&nbsp;&nbsp;&nbsp;DMA_Init
<LI><a href="#[a8]">&gt;&gt;</a>&nbsp;&nbsp;&nbsp;DMA_Cmd
<LI><a href="#[6c]">&gt;&gt;</a>&nbsp;&nbsp;&nbsp;RCC_APB2PeriphClockCmd
<LI><a href="#[a5]">&gt;&gt;</a>&nbsp;&nbsp;&nbsp;RCC_AHBPeriphClockCmd
<LI><a href="#[a6]">&gt;&gt;</a>&nbsp;&nbsp;&nbsp;RCC_ADCCLKConfig
</UL>
<BR>[Called By]<UL><LI><a href="#[46]">&gt;&gt;</a>&nbsp;&nbsp;&nbsp;main
</UL>

<P><STRONG><a name="[1]"></a>NMI_Handler</STRONG> (Thumb, 2 bytes, Stack size 0 bytes, stm32f10x_it.o(i.NMI_Handler))
<BR>[Address Reference Count : 1]<UL><LI> startup_stm32f10x_hd.o(RESET)
</UL>
<P><STRONG><a name="[9d]"></a>NVIC_Init</STRONG> (Thumb, 100 bytes, Stack size 16 bytes, misc.o(i.NVIC_Init))
<BR><BR>[Stack]<UL><LI>Max Depth = 16<LI>Call Chain = NVIC_Init
</UL>
<BR>[Called By]<UL><LI><a href="#[83]">&gt;&gt;</a>&nbsp;&nbsp;&nbsp;Uart2_Config
<LI><a href="#[9a]">&gt;&gt;</a>&nbsp;&nbsp;&nbsp;Key_Init
</UL>

<P><STRONG><a name="[e0]"></a>NVIC_PriorityGroupConfig</STRONG> (Thumb, 10 bytes, Stack size 0 bytes, misc.o(i.NVIC_PriorityGroupConfig))
<BR><BR>[Called By]<UL><LI><a href="#[46]">&gt;&gt;</a>&nbsp;&nbsp;&nbsp;main
</UL>

<P><STRONG><a name="[8]"></a>PendSV_Handler</STRONG> (Thumb, 2 bytes, Stack size 0 bytes, stm32f10x_it.o(i.PendSV_Handler))
<BR>[Address Reference Count : 1]<UL><LI> startup_stm32f10x_hd.o(RESET)
</UL>
<P><STRONG><a name="[a6]"></a>RCC_ADCCLKConfig</STRONG> (Thumb, 18 bytes, Stack size 0 bytes, stm32f10x_rcc.o(i.RCC_ADCCLKConfig))
<BR><BR>[Called By]<UL><LI><a href="#[a2]">&gt;&gt;</a>&nbsp;&nbsp;&nbsp;Mq2_Init
</UL>

<P><STRONG><a name="[a5]"></a>RCC_AHBPeriphClockCmd</STRONG> (Thumb, 26 bytes, Stack size 0 bytes, stm32f10x_rcc.o(i.RCC_AHBPeriphClockCmd))
<BR><BR>[Called By]<UL><LI><a href="#[a2]">&gt;&gt;</a>&nbsp;&nbsp;&nbsp;Mq2_Init
</UL>

<P><STRONG><a name="[ca]"></a>RCC_APB1PeriphClockCmd</STRONG> (Thumb, 26 bytes, Stack size 0 bytes, stm32f10x_rcc.o(i.RCC_APB1PeriphClockCmd))
<BR><BR>[Called By]<UL><LI><a href="#[83]">&gt;&gt;</a>&nbsp;&nbsp;&nbsp;Uart2_Config
</UL>

<P><STRONG><a name="[6c]"></a>RCC_APB2PeriphClockCmd</STRONG> (Thumb, 26 bytes, Stack size 0 bytes, stm32f10x_rcc.o(i.RCC_APB2PeriphClockCmd))
<BR><BR>[Called By]<UL><LI><a href="#[83]">&gt;&gt;</a>&nbsp;&nbsp;&nbsp;Uart2_Config
<LI><a href="#[93]">&gt;&gt;</a>&nbsp;&nbsp;&nbsp;ILI9341_GPIO_Config
<LI><a href="#[c6]">&gt;&gt;</a>&nbsp;&nbsp;&nbsp;USART_Config
<LI><a href="#[a2]">&gt;&gt;</a>&nbsp;&nbsp;&nbsp;Mq2_Init
<LI><a href="#[a1]">&gt;&gt;</a>&nbsp;&nbsp;&nbsp;Led_Init
<LI><a href="#[9a]">&gt;&gt;</a>&nbsp;&nbsp;&nbsp;Key_Init
<LI><a href="#[6b]">&gt;&gt;</a>&nbsp;&nbsp;&nbsp;DHT11_Init
</UL>

<P><STRONG><a name="[c9]"></a>RCC_GetClocksFreq</STRONG> (Thumb, 192 bytes, Stack size 12 bytes, stm32f10x_rcc.o(i.RCC_GetClocksFreq))
<BR><BR>[Stack]<UL><LI>Max Depth = 12<LI>Call Chain = RCC_GetClocksFreq
</UL>
<BR>[Called By]<UL><LI><a href="#[c7]">&gt;&gt;</a>&nbsp;&nbsp;&nbsp;USART_Init
</UL>

<P><STRONG><a name="[b7]"></a>RTC_ClearITPendingBit</STRONG> (Thumb, 12 bytes, Stack size 0 bytes, stm32f10x_rtc.o(i.RTC_ClearITPendingBit))
<BR><BR>[Called By]<UL><LI><a href="#[d]">&gt;&gt;</a>&nbsp;&nbsp;&nbsp;RTC_IRQHandler
</UL>

<P><STRONG><a name="[b2]"></a>RTC_Get</STRONG> (Thumb, 222 bytes, Stack size 16 bytes, rtc.o(i.RTC_Get))
<BR><BR>[Stack]<UL><LI>Max Depth = 16<LI>Call Chain = RTC_Get
</UL>
<BR>[Calls]<UL><LI><a href="#[b3]">&gt;&gt;</a>&nbsp;&nbsp;&nbsp;RTC_GetCounter
<LI><a href="#[b4]">&gt;&gt;</a>&nbsp;&nbsp;&nbsp;Is_Leap_Year
</UL>
<BR>[Called By]<UL><LI><a href="#[d]">&gt;&gt;</a>&nbsp;&nbsp;&nbsp;RTC_IRQHandler
</UL>

<P><STRONG><a name="[b3]"></a>RTC_GetCounter</STRONG> (Thumb, 16 bytes, Stack size 0 bytes, stm32f10x_rtc.o(i.RTC_GetCounter))
<BR><BR>[Called By]<UL><LI><a href="#[b2]">&gt;&gt;</a>&nbsp;&nbsp;&nbsp;RTC_Get
</UL>

<P><STRONG><a name="[b5]"></a>RTC_GetITStatus</STRONG> (Thumb, 32 bytes, Stack size 0 bytes, stm32f10x_rtc.o(i.RTC_GetITStatus))
<BR><BR>[Called By]<UL><LI><a href="#[d]">&gt;&gt;</a>&nbsp;&nbsp;&nbsp;RTC_IRQHandler
</UL>

<P><STRONG><a name="[d]"></a>RTC_IRQHandler</STRONG> (Thumb, 102 bytes, Stack size 72 bytes, stm32f10x_it.o(i.RTC_IRQHandler))
<BR><BR>[Stack]<UL><LI>Max Depth = 152<LI>Call Chain = RTC_IRQHandler &rArr; ILI9341_DispStringLine_EN &rArr; ILI9341_DispChar_EN &rArr; ILI9341_OpenWindow
</UL>
<BR>[Calls]<UL><LI><a href="#[b6]">&gt;&gt;</a>&nbsp;&nbsp;&nbsp;RTC_WaitForLastTask
<LI><a href="#[b5]">&gt;&gt;</a>&nbsp;&nbsp;&nbsp;RTC_GetITStatus
<LI><a href="#[b7]">&gt;&gt;</a>&nbsp;&nbsp;&nbsp;RTC_ClearITPendingBit
<LI><a href="#[b2]">&gt;&gt;</a>&nbsp;&nbsp;&nbsp;RTC_Get
<LI><a href="#[a0]">&gt;&gt;</a>&nbsp;&nbsp;&nbsp;LCD_GetFont
<LI><a href="#[9f]">&gt;&gt;</a>&nbsp;&nbsp;&nbsp;LCD_ClearLine
<LI><a href="#[92]">&gt;&gt;</a>&nbsp;&nbsp;&nbsp;ILI9341_DispStringLine_EN
<LI><a href="#[b8]">&gt;&gt;</a>&nbsp;&nbsp;&nbsp;__2sprintf
</UL>
<BR>[Address Reference Count : 1]<UL><LI> startup_stm32f10x_hd.o(RESET)
</UL>
<P><STRONG><a name="[b6]"></a>RTC_WaitForLastTask</STRONG> (Thumb, 16 bytes, Stack size 0 bytes, stm32f10x_rtc.o(i.RTC_WaitForLastTask))
<BR><BR>[Called By]<UL><LI><a href="#[d]">&gt;&gt;</a>&nbsp;&nbsp;&nbsp;RTC_IRQHandler
</UL>

<P><STRONG><a name="[70]"></a>Recv_Ack</STRONG> (Thumb, 96 bytes, Stack size 8 bytes, dht11.o(i.Recv_Ack))
<BR><BR>[Stack]<UL><LI>Max Depth = 8<LI>Call Chain = Recv_Ack
</UL>
<BR>[Calls]<UL><LI><a href="#[75]">&gt;&gt;</a>&nbsp;&nbsp;&nbsp;GPIO_ReadInputDataBit
<LI><a href="#[74]">&gt;&gt;</a>&nbsp;&nbsp;&nbsp;DelayUs
</UL>
<BR>[Called By]<UL><LI><a href="#[73]">&gt;&gt;</a>&nbsp;&nbsp;&nbsp;DHT11_ReadData
<LI><a href="#[6b]">&gt;&gt;</a>&nbsp;&nbsp;&nbsp;DHT11_Init
</UL>

<P><STRONG><a name="[6]"></a>SVC_Handler</STRONG> (Thumb, 2 bytes, Stack size 0 bytes, stm32f10x_it.o(i.SVC_Handler))
<BR>[Address Reference Count : 1]<UL><LI> startup_stm32f10x_hd.o(RESET)
</UL>
<P><STRONG><a name="[7d]"></a>Send_AT_CIPMODE</STRONG> (Thumb, 84 bytes, Stack size 8 bytes, esp8266.o(i.Send_AT_CIPMODE))
<BR><BR>[Stack]<UL><LI>Max Depth = 40<LI>Call Chain = Send_AT_CIPMODE &rArr; Usart_SendString &rArr; Usart_SendByte
</UL>
<BR>[Calls]<UL><LI><a href="#[4d]">&gt;&gt;</a>&nbsp;&nbsp;&nbsp;__aeabi_memclr
<LI><a href="#[b9]">&gt;&gt;</a>&nbsp;&nbsp;&nbsp;Usart_SendString
<LI><a href="#[99]">&gt;&gt;</a>&nbsp;&nbsp;&nbsp;Is_OK
<LI><a href="#[ba]">&gt;&gt;</a>&nbsp;&nbsp;&nbsp;DelayMs
<LI><a href="#[84]">&gt;&gt;</a>&nbsp;&nbsp;&nbsp;__2printf
</UL>
<BR>[Called By]<UL><LI><a href="#[78]">&gt;&gt;</a>&nbsp;&nbsp;&nbsp;Dev_StatusHandler
</UL>

<P><STRONG><a name="[bb]"></a>Send_AT_CIPMUX</STRONG> (Thumb, 82 bytes, Stack size 8 bytes, esp8266.o(i.Send_AT_CIPMUX))
<BR><BR>[Stack]<UL><LI>Max Depth = 40<LI>Call Chain = Send_AT_CIPMUX &rArr; Usart_SendString &rArr; Usart_SendByte
</UL>
<BR>[Calls]<UL><LI><a href="#[4d]">&gt;&gt;</a>&nbsp;&nbsp;&nbsp;__aeabi_memclr
<LI><a href="#[b9]">&gt;&gt;</a>&nbsp;&nbsp;&nbsp;Usart_SendString
<LI><a href="#[99]">&gt;&gt;</a>&nbsp;&nbsp;&nbsp;Is_OK
<LI><a href="#[ba]">&gt;&gt;</a>&nbsp;&nbsp;&nbsp;DelayMs
<LI><a href="#[84]">&gt;&gt;</a>&nbsp;&nbsp;&nbsp;__2printf
</UL>
<BR>[Called By]<UL><LI><a href="#[7c]">&gt;&gt;</a>&nbsp;&nbsp;&nbsp;Wifi_Config
</UL>

<P><STRONG><a name="[7e]"></a>Send_AT_CIPSEND</STRONG> (Thumb, 84 bytes, Stack size 8 bytes, esp8266.o(i.Send_AT_CIPSEND))
<BR><BR>[Stack]<UL><LI>Max Depth = 40<LI>Call Chain = Send_AT_CIPSEND &rArr; Usart_SendString &rArr; Usart_SendByte
</UL>
<BR>[Calls]<UL><LI><a href="#[4d]">&gt;&gt;</a>&nbsp;&nbsp;&nbsp;__aeabi_memclr
<LI><a href="#[b9]">&gt;&gt;</a>&nbsp;&nbsp;&nbsp;Usart_SendString
<LI><a href="#[99]">&gt;&gt;</a>&nbsp;&nbsp;&nbsp;Is_OK
<LI><a href="#[ba]">&gt;&gt;</a>&nbsp;&nbsp;&nbsp;DelayMs
<LI><a href="#[84]">&gt;&gt;</a>&nbsp;&nbsp;&nbsp;__2printf
</UL>
<BR>[Called By]<UL><LI><a href="#[78]">&gt;&gt;</a>&nbsp;&nbsp;&nbsp;Dev_StatusHandler
</UL>

<P><STRONG><a name="[7b]"></a>Send_AT_CIPSTART</STRONG> (Thumb, 82 bytes, Stack size 8 bytes, esp8266.o(i.Send_AT_CIPSTART))
<BR><BR>[Stack]<UL><LI>Max Depth = 40<LI>Call Chain = Send_AT_CIPSTART &rArr; Usart_SendString &rArr; Usart_SendByte
</UL>
<BR>[Calls]<UL><LI><a href="#[4d]">&gt;&gt;</a>&nbsp;&nbsp;&nbsp;__aeabi_memclr
<LI><a href="#[b9]">&gt;&gt;</a>&nbsp;&nbsp;&nbsp;Usart_SendString
<LI><a href="#[99]">&gt;&gt;</a>&nbsp;&nbsp;&nbsp;Is_OK
<LI><a href="#[ba]">&gt;&gt;</a>&nbsp;&nbsp;&nbsp;DelayMs
<LI><a href="#[84]">&gt;&gt;</a>&nbsp;&nbsp;&nbsp;__2printf
</UL>
<BR>[Called By]<UL><LI><a href="#[7c]">&gt;&gt;</a>&nbsp;&nbsp;&nbsp;Wifi_Config
<LI><a href="#[78]">&gt;&gt;</a>&nbsp;&nbsp;&nbsp;Dev_StatusHandler
</UL>

<P><STRONG><a name="[7a]"></a>Send_AT_CIPSTATUS</STRONG> (Thumb, 54 bytes, Stack size 8 bytes, esp8266.o(i.Send_AT_CIPSTATUS))
<BR><BR>[Stack]<UL><LI>Max Depth = 40<LI>Call Chain = Send_AT_CIPSTATUS &rArr; Usart_SendString &rArr; Usart_SendByte
</UL>
<BR>[Calls]<UL><LI><a href="#[4d]">&gt;&gt;</a>&nbsp;&nbsp;&nbsp;__aeabi_memclr
<LI><a href="#[b9]">&gt;&gt;</a>&nbsp;&nbsp;&nbsp;Usart_SendString
<LI><a href="#[69]">&gt;&gt;</a>&nbsp;&nbsp;&nbsp;Check_Status
<LI><a href="#[ba]">&gt;&gt;</a>&nbsp;&nbsp;&nbsp;DelayMs
</UL>
<BR>[Called By]<UL><LI><a href="#[78]">&gt;&gt;</a>&nbsp;&nbsp;&nbsp;Dev_StatusHandler
</UL>

<P><STRONG><a name="[bc]"></a>Send_AT_CWJAP</STRONG> (Thumb, 88 bytes, Stack size 8 bytes, esp8266.o(i.Send_AT_CWJAP))
<BR><BR>[Stack]<UL><LI>Max Depth = 40<LI>Call Chain = Send_AT_CWJAP &rArr; Usart_SendString &rArr; Usart_SendByte
</UL>
<BR>[Calls]<UL><LI><a href="#[4d]">&gt;&gt;</a>&nbsp;&nbsp;&nbsp;__aeabi_memclr
<LI><a href="#[b9]">&gt;&gt;</a>&nbsp;&nbsp;&nbsp;Usart_SendString
<LI><a href="#[99]">&gt;&gt;</a>&nbsp;&nbsp;&nbsp;Is_OK
<LI><a href="#[ba]">&gt;&gt;</a>&nbsp;&nbsp;&nbsp;DelayMs
<LI><a href="#[84]">&gt;&gt;</a>&nbsp;&nbsp;&nbsp;__2printf
</UL>
<BR>[Called By]<UL><LI><a href="#[7c]">&gt;&gt;</a>&nbsp;&nbsp;&nbsp;Wifi_Config
</UL>

<P><STRONG><a name="[bd]"></a>Send_AT_CWJAP_SELECT</STRONG> (Thumb, 124 bytes, Stack size 8 bytes, esp8266.o(i.Send_AT_CWJAP_SELECT))
<BR><BR>[Stack]<UL><LI>Max Depth = 40<LI>Call Chain = Send_AT_CWJAP_SELECT &rArr; Usart_SendString &rArr; Usart_SendByte
</UL>
<BR>[Calls]<UL><LI><a href="#[4d]">&gt;&gt;</a>&nbsp;&nbsp;&nbsp;__aeabi_memclr
<LI><a href="#[b9]">&gt;&gt;</a>&nbsp;&nbsp;&nbsp;Usart_SendString
<LI><a href="#[99]">&gt;&gt;</a>&nbsp;&nbsp;&nbsp;Is_OK
<LI><a href="#[ba]">&gt;&gt;</a>&nbsp;&nbsp;&nbsp;DelayMs
<LI><a href="#[84]">&gt;&gt;</a>&nbsp;&nbsp;&nbsp;__2printf
</UL>
<BR>[Called By]<UL><LI><a href="#[7c]">&gt;&gt;</a>&nbsp;&nbsp;&nbsp;Wifi_Config
</UL>

<P><STRONG><a name="[be]"></a>Send_AT_CWMODE</STRONG> (Thumb, 82 bytes, Stack size 8 bytes, esp8266.o(i.Send_AT_CWMODE))
<BR><BR>[Stack]<UL><LI>Max Depth = 40<LI>Call Chain = Send_AT_CWMODE &rArr; Usart_SendString &rArr; Usart_SendByte
</UL>
<BR>[Calls]<UL><LI><a href="#[4d]">&gt;&gt;</a>&nbsp;&nbsp;&nbsp;__aeabi_memclr
<LI><a href="#[b9]">&gt;&gt;</a>&nbsp;&nbsp;&nbsp;Usart_SendString
<LI><a href="#[99]">&gt;&gt;</a>&nbsp;&nbsp;&nbsp;Is_OK
<LI><a href="#[ba]">&gt;&gt;</a>&nbsp;&nbsp;&nbsp;DelayMs
<LI><a href="#[84]">&gt;&gt;</a>&nbsp;&nbsp;&nbsp;__2printf
</UL>
<BR>[Called By]<UL><LI><a href="#[7c]">&gt;&gt;</a>&nbsp;&nbsp;&nbsp;Wifi_Config
</UL>

<P><STRONG><a name="[79]"></a>Send_AT_Exit</STRONG> (Thumb, 36 bytes, Stack size 8 bytes, esp8266.o(i.Send_AT_Exit))
<BR><BR>[Stack]<UL><LI>Max Depth = 40<LI>Call Chain = Send_AT_Exit &rArr; Usart_SendString &rArr; Usart_SendByte
</UL>
<BR>[Calls]<UL><LI><a href="#[4d]">&gt;&gt;</a>&nbsp;&nbsp;&nbsp;__aeabi_memclr
<LI><a href="#[b9]">&gt;&gt;</a>&nbsp;&nbsp;&nbsp;Usart_SendString
<LI><a href="#[ba]">&gt;&gt;</a>&nbsp;&nbsp;&nbsp;DelayMs
</UL>
<BR>[Called By]<UL><LI><a href="#[7c]">&gt;&gt;</a>&nbsp;&nbsp;&nbsp;Wifi_Config
<LI><a href="#[78]">&gt;&gt;</a>&nbsp;&nbsp;&nbsp;Dev_StatusHandler
</UL>

<P><STRONG><a name="[bf]"></a>Send_AT_RST</STRONG> (Thumb, 86 bytes, Stack size 8 bytes, esp8266.o(i.Send_AT_RST))
<BR><BR>[Stack]<UL><LI>Max Depth = 40<LI>Call Chain = Send_AT_RST &rArr; Usart_SendString &rArr; Usart_SendByte
</UL>
<BR>[Calls]<UL><LI><a href="#[4d]">&gt;&gt;</a>&nbsp;&nbsp;&nbsp;__aeabi_memclr
<LI><a href="#[b9]">&gt;&gt;</a>&nbsp;&nbsp;&nbsp;Usart_SendString
<LI><a href="#[99]">&gt;&gt;</a>&nbsp;&nbsp;&nbsp;Is_OK
<LI><a href="#[ba]">&gt;&gt;</a>&nbsp;&nbsp;&nbsp;DelayMs
<LI><a href="#[84]">&gt;&gt;</a>&nbsp;&nbsp;&nbsp;__2printf
</UL>
<BR>[Called By]<UL><LI><a href="#[7c]">&gt;&gt;</a>&nbsp;&nbsp;&nbsp;Wifi_Config
</UL>

<P><STRONG><a name="[6f]"></a>Send_Start</STRONG> (Thumb, 54 bytes, Stack size 8 bytes, dht11.o(i.Send_Start))
<BR><BR>[Stack]<UL><LI>Max Depth = 8<LI>Call Chain = Send_Start
</UL>
<BR>[Calls]<UL><LI><a href="#[6e]">&gt;&gt;</a>&nbsp;&nbsp;&nbsp;GPIO_SetBits
<LI><a href="#[80]">&gt;&gt;</a>&nbsp;&nbsp;&nbsp;GPIO_ResetBits
<LI><a href="#[74]">&gt;&gt;</a>&nbsp;&nbsp;&nbsp;DelayUs
<LI><a href="#[ba]">&gt;&gt;</a>&nbsp;&nbsp;&nbsp;DelayMs
</UL>
<BR>[Called By]<UL><LI><a href="#[73]">&gt;&gt;</a>&nbsp;&nbsp;&nbsp;DHT11_ReadData
<LI><a href="#[6b]">&gt;&gt;</a>&nbsp;&nbsp;&nbsp;DHT11_Init
</UL>

<P><STRONG><a name="[77]"></a>SysTick_CLKSourceConfig</STRONG> (Thumb, 40 bytes, Stack size 0 bytes, misc.o(i.SysTick_CLKSourceConfig))
<BR><BR>[Called By]<UL><LI><a href="#[76]">&gt;&gt;</a>&nbsp;&nbsp;&nbsp;DelayInit
</UL>

<P><STRONG><a name="[9]"></a>SysTick_Handler</STRONG> (Thumb, 2 bytes, Stack size 0 bytes, stm32f10x_it.o(i.SysTick_Handler))
<BR>[Address Reference Count : 1]<UL><LI> startup_stm32f10x_hd.o(RESET)
</UL>
<P><STRONG><a name="[47]"></a>SystemInit</STRONG> (Thumb, 78 bytes, Stack size 8 bytes, system_stm32f10x.o(i.SystemInit))
<BR><BR>[Stack]<UL><LI>Max Depth = 28<LI>Call Chain = SystemInit &rArr; SetSysClock &rArr; SetSysClockTo72
</UL>
<BR>[Calls]<UL><LI><a href="#[c0]">&gt;&gt;</a>&nbsp;&nbsp;&nbsp;SetSysClock
</UL>
<BR>[Address Reference Count : 1]<UL><LI> startup_stm32f10x_hd.o(.text)
</UL>
<P><STRONG><a name="[30]"></a>USART2_IRQHandler</STRONG> (Thumb, 70 bytes, Stack size 8 bytes, stm32f10x_it.o(i.USART2_IRQHandler))
<BR><BR>[Stack]<UL><LI>Max Depth = 24<LI>Call Chain = USART2_IRQHandler &rArr; USART_GetITStatus
</UL>
<BR>[Calls]<UL><LI><a href="#[c3]">&gt;&gt;</a>&nbsp;&nbsp;&nbsp;USART_ReceiveData
<LI><a href="#[c2]">&gt;&gt;</a>&nbsp;&nbsp;&nbsp;USART_GetITStatus
<LI><a href="#[c4]">&gt;&gt;</a>&nbsp;&nbsp;&nbsp;USART_GetFlagStatus
<LI><a href="#[c5]">&gt;&gt;</a>&nbsp;&nbsp;&nbsp;USART_ClearFlag
</UL>
<BR>[Address Reference Count : 1]<UL><LI> startup_stm32f10x_hd.o(RESET)
</UL>
<P><STRONG><a name="[c5]"></a>USART_ClearFlag</STRONG> (Thumb, 18 bytes, Stack size 0 bytes, stm32f10x_usart.o(i.USART_ClearFlag))
<BR><BR>[Called By]<UL><LI><a href="#[30]">&gt;&gt;</a>&nbsp;&nbsp;&nbsp;USART2_IRQHandler
</UL>

<P><STRONG><a name="[c8]"></a>USART_Cmd</STRONG> (Thumb, 24 bytes, Stack size 0 bytes, stm32f10x_usart.o(i.USART_Cmd))
<BR><BR>[Called By]<UL><LI><a href="#[83]">&gt;&gt;</a>&nbsp;&nbsp;&nbsp;Uart2_Config
<LI><a href="#[c6]">&gt;&gt;</a>&nbsp;&nbsp;&nbsp;USART_Config
</UL>

<P><STRONG><a name="[c6]"></a>USART_Config</STRONG> (Thumb, 120 bytes, Stack size 24 bytes, bsp_usart.o(i.USART_Config))
<BR><BR>[Stack]<UL><LI>Max Depth = 92<LI>Call Chain = USART_Config &rArr; USART_Init &rArr; RCC_GetClocksFreq
</UL>
<BR>[Calls]<UL><LI><a href="#[6d]">&gt;&gt;</a>&nbsp;&nbsp;&nbsp;GPIO_Init
<LI><a href="#[6c]">&gt;&gt;</a>&nbsp;&nbsp;&nbsp;RCC_APB2PeriphClockCmd
<LI><a href="#[c7]">&gt;&gt;</a>&nbsp;&nbsp;&nbsp;USART_Init
<LI><a href="#[c8]">&gt;&gt;</a>&nbsp;&nbsp;&nbsp;USART_Cmd
</UL>
<BR>[Called By]<UL><LI><a href="#[46]">&gt;&gt;</a>&nbsp;&nbsp;&nbsp;main
</UL>

<P><STRONG><a name="[c4]"></a>USART_GetFlagStatus</STRONG> (Thumb, 26 bytes, Stack size 0 bytes, stm32f10x_usart.o(i.USART_GetFlagStatus))
[...]
<LI><a href="#[c6]">&gt;&gt;</a>&nbsp;&nbsp;&nbsp;USART_Config
</UL>

<P><STRONG><a name="[c3]"></a>USART_ReceiveData</STRONG> (Thumb, 10 bytes, Stack size 0 bytes, stm32f10x_usart.o(i.USART_ReceiveData))
<BR><BR>[Called By]<UL><LI><a href="#[30]">&gt;&gt;</a>&nbsp;&nbsp;&nbsp;USART2_IRQHandler
</UL>

<P><STRONG><a name="[d0]"></a>USART_SendData</STRONG> (Thumb, 8 bytes, Stack size 0 bytes, stm32f10x_usart.o(i.USART_SendData))
<BR><BR>[Called By]<UL><LI><a href="#[cf]">&gt;&gt;</a>&nbsp;&nbsp;&nbsp;Usart_SendByte
<LI><a href="#[49]">&gt;&gt;</a>&nbsp;&nbsp;&nbsp;fputc
</UL>

<P><STRONG><a name="[83]"></a>Uart2_Config</STRONG> (Thumb, 158 bytes, Stack size 32 bytes, esp8266.o(i.Uart2_Config))
<BR><BR>[Stack]<UL><LI>Max Depth = 100<LI>Call Chain = Uart2_Config &rArr; USART_Init &rArr; RCC_GetClocksFreq
</UL>
<BR>[Calls]<UL><LI><a href="#[9d]">&gt;&gt;</a>&nbsp;&nbsp;&nbsp;NVIC_Init
<LI><a href="#[6d]">&gt;&gt;</a>&nbsp;&nbsp;&nbsp;GPIO_Init
<LI><a href="#[6c]">&gt;&gt;</a>&nbsp;&nbsp;&nbsp;RCC_APB2PeriphClockCmd
<LI><a href="#[ca]">&gt;&gt;</a>&nbsp;&nbsp;&nbsp;RCC_APB1PeriphClockCmd
<LI><a href="#[c7]">&gt;&gt;</a>&nbsp;&nbsp;&nbsp;USART_Init
<LI><a href="#[cb]">&gt;&gt;</a>&nbsp;&nbsp;&nbsp;USART_ITConfig
<LI><a href="#[c8]">&gt;&gt;</a>&nbsp;&nbsp;&nbsp;USART_Cmd
</UL>
<BR>[Called By]<UL><LI><a href="#[82]">&gt;&gt;</a>&nbsp;&nbsp;&nbsp;Esp8266_Init
</UL>

<P><STRONG><a name="[cc]"></a>Upload_DataPoint</STRONG> (Thumb, 148 bytes, Stack size 544 bytes, esp8266.o(i.Upload_DataPoint))
<BR><BR>[Stack]<UL><LI>Max Depth = 576<LI>Call Chain = Upload_DataPoint &rArr; Usart_SendString &rArr; Usart_SendByte
</UL>
<BR>[Calls]<UL><LI><a href="#[ce]">&gt;&gt;</a>&nbsp;&nbsp;&nbsp;strlen
<LI><a href="#[cd]">&gt;&gt;</a>&nbsp;&nbsp;&nbsp;__aeabi_memclr4
<LI><a href="#[4d]">&gt;&gt;</a>&nbsp;&nbsp;&nbsp;__aeabi_memclr
<LI><a href="#[b9]">&gt;&gt;</a>&nbsp;&nbsp;&nbsp;Usart_SendString
<LI><a href="#[67]">&gt;&gt;</a>&nbsp;&nbsp;&nbsp;Analyse_Data
<LI><a href="#[ba]">&gt;&gt;</a>&nbsp;&nbsp;&nbsp;DelayMs
<LI><a href="#[b8]">&gt;&gt;</a>&nbsp;&nbsp;&nbsp;__2sprintf
<LI><a href="#[84]">&gt;&gt;</a>&nbsp;&nbsp;&nbsp;__2printf
</UL>
<BR>[Called By]<UL><LI><a href="#[46]">&gt;&gt;</a>&nbsp;&nbsp;&nbsp;main
</UL>

<P><STRONG><a name="[5]"></a>UsageFault_Handler</STRONG> (Thumb, 4 bytes, Stack size 0 bytes, stm32f10x_it.o(i.UsageFault_Handler))
<BR>[Address Reference Count : 1]<UL><LI> startup_stm32f10x_hd.o(RESET)
</UL>
<P><STRONG><a name="[cf]"></a>Usart_SendByte</STRONG> (Thumb, 30 bytes, Stack size 16 bytes, esp8266.o(i.Usart_SendByte))
<BR><BR>[Stack]<UL><LI>Max Depth = 16<LI>Call Chain = Usart_SendByte
</UL>
<BR>[Calls]<UL><LI><a href="#[d0]">&gt;&gt;</a>&nbsp;&nbsp;&nbsp;USART_SendData
<LI><a href="#[c4]">&gt;&gt;</a>&nbsp;&nbsp;&nbsp;USART_GetFlagStatus
</UL>
<BR>[Called By]<UL><LI><a href="#[b9]">&gt;&gt;</a>&nbsp;&nbsp;&nbsp;Usart_SendString
</UL>

<P><STRONG><a name="[b9]"></a>Usart_SendString</STRONG> (Thumb, 42 bytes, Stack size 16 bytes, esp8266.o(i.Usart_SendString))
<BR><BR>[Stack]<UL><LI>Max Depth = 32<LI>Call Chain = Usart_SendString &rArr; Usart_SendByte
</UL>
<BR>[Calls]<UL><LI><a href="#[cf]">&gt;&gt;</a>&nbsp;&nbsp;&nbsp;Usart_SendByte
<LI><a href="#[c4]">&gt;&gt;</a>&nbsp;&nbsp;&nbsp;USART_GetFlagStatus
</UL>
<BR>[Called By]<UL><LI><a href="#[bf]">&gt;&gt;</a>&nbsp;&nbsp;&nbsp;Send_AT_RST
<LI><a href="#[79]">&gt;&gt;</a>&nbsp;&nbsp;&nbsp;Send_AT_Exit
<LI><a href="#[be]">&gt;&gt;</a>&nbsp;&nbsp;&nbsp;Send_AT_CWMODE
<LI><a href="#[bd]">&gt;&gt;</a>&nbsp;&nbsp;&nbsp;Send_AT_CWJAP_SELECT
<LI><a href="#[bc]">&gt;&gt;</a>&nbsp;&nbsp;&nbsp;Send_AT_CWJAP
<LI><a href="#[7a]">&gt;&gt;</a>&nbsp;&nbsp;&nbsp;Send_AT_CIPSTATUS
<LI><a href="#[7b]">&gt;&gt;</a>&nbsp;&nbsp;&nbsp;Send_AT_CIPSTART
<LI><a href="#[7e]">&gt;&gt;</a>&nbsp;&nbsp;&nbsp;Send_AT_CIPSEND
<LI><a href="#[bb]">&gt;&gt;</a>&nbsp;&nbsp;&nbsp;Send_AT_CIPMUX
<LI><a href="#[7d]">&gt;&gt;</a>&nbsp;&nbsp;&nbsp;Send_AT_CIPMODE
<LI><a href="#[cc]">&gt;&gt;</a>&nbsp;&nbsp;&nbsp;Upload_DataPoint
</UL>

<P><STRONG><a name="[7c]"></a>Wifi_Config</STRONG> (Thumb, 112 bytes, Stack size 16 bytes, esp8266.o(i.Wifi_Config))
<BR><BR>[Stack]<UL><LI>Max Depth = 56<LI>Call Chain = Wifi_Config &rArr; Send_AT_RST &rArr; Usart_SendString &rArr; Usart_SendByte
</UL>
<BR>[Calls]<UL><LI><a href="#[bf]">&gt;&gt;</a>&nbsp;&nbsp;&nbsp;Send_AT_RST
<LI><a href="#[79]">&gt;&gt;</a>&nbsp;&nbsp;&nbsp;Send_AT_Exit
<LI><a href="#[be]">&gt;&gt;</a>&nbsp;&nbsp;&nbsp;Send_AT_CWMODE
<LI><a href="#[bd]">&gt;&gt;</a>&nbsp;&nbsp;&nbsp;Send_AT_CWJAP_SELECT
<LI><a href="#[bc]">&gt;&gt;</a>&nbsp;&nbsp;&nbsp;Send_AT_CWJAP
<LI><a href="#[7b]">&gt;&gt;</a>&nbsp;&nbsp;&nbsp;Send_AT_CIPSTART
<LI><a href="#[bb]">&gt;&gt;</a>&nbsp;&nbsp;&nbsp;Send_AT_CIPMUX
</UL>
<BR>[Called By]<UL><LI><a href="#[82]">&gt;&gt;</a>&nbsp;&nbsp;&nbsp;Esp8266_Init
<LI><a href="#[78]">&gt;&gt;</a>&nbsp;&nbsp;&nbsp;Dev_StatusHandler
</UL>

<P><STRONG><a name="[d1]"></a>__0printf</STRONG> (Thumb, 22 bytes, Stack size 24 bytes, printfa.o(i.__0printf), UNUSED)
<BR><BR>[Calls]<UL><LI><a href="#[d2]">&gt;&gt;</a>&nbsp;&nbsp;&nbsp;_printf_core
</UL>

<P><STRONG><a name="[fa]"></a>__1printf</STRONG> (Thumb, 0 bytes, Stack size 24 bytes, printfa.o(i.__0printf), UNUSED)

<P><STRONG><a name="[84]"></a>__2printf</STRONG> (Thumb, 0 bytes, Stack size 24 bytes, printfa.o(i.__0printf))
<BR><BR>[Stack]<UL><LI>Max Depth = 24<LI>Call Chain = __2printf
</UL>
<BR>[Called By]<UL><LI><a href="#[bf]">&gt;&gt;</a>&nbsp;&nbsp;&nbsp;Send_AT_RST
<LI><a href="#[be]">&gt;&gt;</a>&nbsp;&nbsp;&nbsp;Send_AT_CWMODE
<LI><a href="#[bd]">&gt;&gt;</a>&nbsp;&nbsp;&nbsp;Send_AT_CWJAP_SELECT
<LI><a href="#[bc]">&gt;&gt;</a>&nbsp;&nbsp;&nbsp;Send_AT_CWJAP
<LI><a href="#[7b]">&gt;&gt;</a>&nbsp;&nbsp;&nbsp;Send_AT_CIPSTART
<LI><a href="#[7e]">&gt;&gt;</a>&nbsp;&nbsp;&nbsp;Send_AT_CIPSEND
<LI><a href="#[bb]">&gt;&gt;</a>&nbsp;&nbsp;&nbsp;Send_AT_CIPMUX
<LI><a href="#[7d]">&gt;&gt;</a>&nbsp;&nbsp;&nbsp;Send_AT_CIPMODE
<LI><a href="#[cc]">&gt;&gt;</a>&nbsp;&nbsp;&nbsp;Upload_DataPoint
<LI><a href="#[82]">&gt;&gt;</a>&nbsp;&nbsp;&nbsp;Esp8266_Init
<LI><a href="#[46]">&gt;&gt;</a>&nbsp;&nbsp;&nbsp;main
</UL>

<P><STRONG><a name="[fb]"></a>__c89printf</STRONG> (Thumb, 0 bytes, Stack size 24 bytes, printfa.o(i.__0printf), UNUSED)

<P><STRONG><a name="[fc]"></a>printf</STRONG> (Thumb, 0 bytes, Stack size 24 bytes, printfa.o(i.__0printf), UNUSED)

<P><STRONG><a name="[d3]"></a>__0sprintf</STRONG> (Thumb, 34 bytes, Stack size 24 bytes, printfa.o(i.__0sprintf), UNUSED)
<BR><BR>[Calls]<UL><LI><a href="#[4a]">&gt;&gt;</a>&nbsp;&nbsp;&nbsp;_sputc
<LI><a href="#[d2]">&gt;&gt;</a>&nbsp;&nbsp;&nbsp;_printf_core
</UL>

<P><STRONG><a name="[fd]"></a>__1sprintf</STRONG> (Thumb, 0 bytes, Stack size 24 bytes, printfa.o(i.__0sprintf), UNUSED)

<P><STRONG><a name="[b8]"></a>__2sprintf</STRONG> (Thumb, 0 bytes, Stack size 24 bytes, printfa.o(i.__0sprintf))
<BR><BR>[Stack]<UL><LI>Max Depth = 24<LI>Call Chain = __2sprintf
</UL>
<BR>[Called By]<UL><LI><a href="#[d]">&gt;&gt;</a>&nbsp;&nbsp;&nbsp;RTC_IRQHandler
<LI><a href="#[cc]">&gt;&gt;</a>&nbsp;&nbsp;&nbsp;Upload_DataPoint
<LI><a href="#[46]">&gt;&gt;</a>&nbsp;&nbsp;&nbsp;main
</UL>

<P><STRONG><a name="[fe]"></a>__c89sprintf</STRONG> (Thumb, 0 bytes, Stack size 24 bytes, printfa.o(i.__0sprintf), UNUSED)

<P><STRONG><a name="[ff]"></a>sprintf</STRONG> (Thumb, 0 bytes, Stack size 24 bytes, printfa.o(i.__0sprintf), UNUSED)

<P><STRONG><a name="[e7]"></a>__ARM_fpclassify</STRONG> (Thumb, 40 bytes, Stack size 0 bytes, fpclassify.o(i.__ARM_fpclassify))
<BR><BR>[Called By]<UL><LI><a href="#[89]">&gt;&gt;</a>&nbsp;&nbsp;&nbsp;pow
</UL>

<P><STRONG><a name="[d4]"></a>__kernel_poly</STRONG> (Thumb, 170 bytes, Stack size 24 bytes, poly.o(i.__kernel_poly))
<BR><BR>[Stack]<UL><LI>Max Depth = 112<LI>Call Chain = __kernel_poly &rArr; __aeabi_dadd &rArr; _double_epilogue &rArr; _double_round
</UL>
<BR>[Calls]<UL><LI><a href="#[5f]">&gt;&gt;</a>&nbsp;&nbsp;&nbsp;__aeabi_dadd
<LI><a href="#[56]">&gt;&gt;</a>&nbsp;&nbsp;&nbsp;__aeabi_dmul
</UL>
<BR>[Called By]<UL><LI><a href="#[89]">&gt;&gt;</a>&nbsp;&nbsp;&nbsp;pow
</UL>

<P><STRONG><a name="[d5]"></a>__mathlib_dbl_divzero</STRONG> (Thumb, 12 bytes, Stack size 0 bytes, dunder.o(i.__mathlib_dbl_divzero))
<BR><BR>[Stack]<UL><LI>Max Depth = 40<LI>Call Chain = __mathlib_dbl_divzero &rArr; __aeabi_ddiv &rArr; _double_round
</UL>
<BR>[Calls]<UL><LI><a href="#[58]">&gt;&gt;</a>&nbsp;&nbsp;&nbsp;__aeabi_ddiv
</UL>
<BR>[Called By]<UL><LI><a href="#[89]">&gt;&gt;</a>&nbsp;&nbsp;&nbsp;pow
</UL>

<P><STRONG><a name="[d6]"></a>__mathlib_dbl_infnan2</STRONG> (Thumb, 4 bytes, Stack size 0 bytes, dunder.o(i.__mathlib_dbl_infnan2))
<BR><BR>[Stack]<UL><LI>Max Depth = 88<LI>Call Chain = __mathlib_dbl_infnan2 &rArr; __aeabi_dadd &rArr; _double_epilogue &rArr; _double_round
</UL>
<BR>[Calls]<UL><LI><a href="#[5f]">&gt;&gt;</a>&nbsp;&nbsp;&nbsp;__aeabi_dadd
</UL>
<BR>[Called By]<UL><LI><a href="#[89]">&gt;&gt;</a>&nbsp;&nbsp;&nbsp;pow
</UL>

<P><STRONG><a name="[d7]"></a>__mathlib_dbl_invalid</STRONG> (Thumb, 12 bytes, Stack size 0 bytes, dunder.o(i.__mathlib_dbl_invalid))
<BR><BR>[Stack]<UL><LI>Max Depth = 40<LI>Call Chain = __mathlib_dbl_invalid &rArr; __aeabi_ddiv &rArr; _double_round
</UL>
<BR>[Calls]<UL><LI><a href="#[58]">&gt;&gt;</a>&nbsp;&nbsp;&nbsp;__aeabi_ddiv
</UL>
<BR>[Called By]<UL><LI><a href="#[89]">&gt;&gt;</a>&nbsp;&nbsp;&nbsp;pow
</UL>

<P><STRONG><a name="[d8]"></a>__mathlib_dbl_overflow</STRONG> (Thumb, 14 bytes, Stack size 0 bytes, dunder.o(i.__mathlib_dbl_overflow))
<BR><BR>[Stack]<UL><LI>Max Depth = 16<LI>Call Chain = __mathlib_dbl_overflow &rArr; __ARM_scalbn
</UL>
<BR>[Calls]<UL><LI><a href="#[d9]">&gt;&gt;</a>&nbsp;&nbsp;&nbsp;__ARM_scalbn
</UL>
<BR>[Called By]<UL><LI><a href="#[89]">&gt;&gt;</a>&nbsp;&nbsp;&nbsp;pow
</UL>

<P><STRONG><a name="[da]"></a>__mathlib_dbl_underflow</STRONG> (Thumb, 10 bytes, Stack size 0 bytes, dunder.o(i.__mathlib_dbl_underflow))
<BR><BR>[Stack]<UL><LI>Max Depth = 16<LI>Call Chain = __mathlib_dbl_underflow &rArr; __ARM_scalbn
</UL>
<BR>[Calls]<UL><LI><a href="#[d9]">&gt;&gt;</a>&nbsp;&nbsp;&nbsp;__ARM_scalbn
</UL>
<BR>[Called By]<UL><LI><a href="#[89]">&gt;&gt;</a>&nbsp;&nbsp;&nbsp;pow
</UL>

<P><STRONG><a name="[100]"></a>__scatterload_copy</STRONG> (Thumb, 14 bytes, Stack size unknown bytes, handlers.o(i.__scatterload_copy), UNUSED)

<P><STRONG><a name="[101]"></a>__scatterload_null</STRONG> (Thumb, 2 bytes, Stack size unknown bytes, handlers.o(i.__scatterload_null), UNUSED)

<P><STRONG><a name="[102]"></a>__scatterload_zeroinit</STRONG> (Thumb, 14 bytes, Stack size unknown bytes, handlers.o(i.__scatterload_zeroinit), UNUSED)

<P><STRONG><a name="[e5]"></a>__set_errno</STRONG> (Thumb, 6 bytes, Stack size 0 bytes, errno.o(i.__set_errno))
<BR><BR>[Called By]<UL><LI><a href="#[89]">&gt;&gt;</a>&nbsp;&nbsp;&nbsp;pow
<LI><a href="#[e6]">&gt;&gt;</a>&nbsp;&nbsp;&nbsp;sqrt
</UL>

<P><STRONG><a name="[49]"></a>fputc</STRONG> (Thumb, 32 bytes, Stack size 16 bytes, bsp_usart.o(i.fputc))
<BR><BR>[Stack]<UL><LI>Max Depth = 16<LI>Call Chain = fputc
</UL>
<BR>[Calls]<UL><LI><a href="#[d0]">&gt;&gt;</a>&nbsp;&nbsp;&nbsp;USART_SendData
<LI><a href="#[c4]">&gt;&gt;</a>&nbsp;&nbsp;&nbsp;USART_GetFlagStatus
</UL>
<BR>[Address Reference Count : 1]<UL><LI> printfa.o(i.__0printf)
</UL>
<P><STRONG><a name="[46]"></a>main</STRONG> (Thumb, 758 bytes, Stack size 80 bytes, main.o(i.main))
<BR><BR>[Stack]<UL><LI>Max Depth = 656<LI>Call Chain = main &rArr; Upload_DataPoint &rArr; Usart_SendString &rArr; Usart_SendByte
</UL>
<BR>[Calls]<UL><LI><a href="#[e0]">&gt;&gt;</a>&nbsp;&nbsp;&nbsp;NVIC_PriorityGroupConfig
<LI><a href="#[6e]">&gt;&gt;</a>&nbsp;&nbsp;&nbsp;GPIO_SetBits
<LI><a href="#[e4]">&gt;&gt;</a>&nbsp;&nbsp;&nbsp;strcpy
<LI><a href="#[cd]">&gt;&gt;</a>&nbsp;&nbsp;&nbsp;__aeabi_memclr4
<LI><a href="#[4d]">&gt;&gt;</a>&nbsp;&nbsp;&nbsp;__aeabi_memclr
<LI><a href="#[8a]">&gt;&gt;</a>&nbsp;&nbsp;&nbsp;__aeabi_f2d
<LI><a href="#[cc]">&gt;&gt;</a>&nbsp;&nbsp;&nbsp;Upload_DataPoint
<LI><a href="#[c6]">&gt;&gt;</a>&nbsp;&nbsp;&nbsp;USART_Config
<LI><a href="#[a2]">&gt;&gt;</a>&nbsp;&nbsp;&nbsp;Mq2_Init
<LI><a href="#[a1]">&gt;&gt;</a>&nbsp;&nbsp;&nbsp;Led_Init
<LI><a href="#[e3]">&gt;&gt;</a>&nbsp;&nbsp;&nbsp;LCD_SetTextColor
<LI><a href="#[e1]">&gt;&gt;</a>&nbsp;&nbsp;&nbsp;LCD_SetFont
<LI><a href="#[e2]">&gt;&gt;</a>&nbsp;&nbsp;&nbsp;LCD_SetColors
<LI><a href="#[a0]">&gt;&gt;</a>&nbsp;&nbsp;&nbsp;LCD_GetFont
<LI><a href="#[9f]">&gt;&gt;</a>&nbsp;&nbsp;&nbsp;LCD_ClearLine
<LI><a href="#[9a]">&gt;&gt;</a>&nbsp;&nbsp;&nbsp;Key_Init
<LI><a href="#[96]">&gt;&gt;</a>&nbsp;&nbsp;&nbsp;ILI9341_Init
<LI><a href="#[92]">&gt;&gt;</a>&nbsp;&nbsp;&nbsp;ILI9341_DispStringLine_EN
<LI><a href="#[8c]">&gt;&gt;</a>&nbsp;&nbsp;&nbsp;ILI9341_Clear
<LI><a href="#[87]">&gt;&gt;</a>&nbsp;&nbsp;&nbsp;Get_PPMValue
<LI><a href="#[82]">&gt;&gt;</a>&nbsp;&nbsp;&nbsp;Esp8266_Init
<LI><a href="#[78]">&gt;&gt;</a>&nbsp;&nbsp;&nbsp;Dev_StatusHandler
<LI><a href="#[ba]">&gt;&gt;</a>&nbsp;&nbsp;&nbsp;DelayMs
<LI><a href="#[76]">&gt;&gt;</a>&nbsp;&nbsp;&nbsp;DelayInit
<LI><a href="#[73]">&gt;&gt;</a>&nbsp;&nbsp;&nbsp;DHT11_ReadData
<LI><a href="#[6b]">&gt;&gt;</a>&nbsp;&nbsp;&nbsp;DHT11_Init
<LI><a href="#[b8]">&gt;&gt;</a>&nbsp;&nbsp;&nbsp;__2sprintf
<LI><a href="#[84]">&gt;&gt;</a>&nbsp;&nbsp;&nbsp;__2printf
</UL>
<BR>[Address Reference Count : 1]<UL><LI> entry9a.o(.ARM.Collect$$$$0000000B)
</UL>
<P><STRONG><a name="[89]"></a>pow</STRONG> (Thumb, 2512 bytes, Stack size 128 bytes, pow.o(i.pow))
<BR><BR>[Stack]<UL><LI>Max Depth = 240<LI>Call Chain = pow &rArr; __kernel_poly &rArr; __aeabi_dadd &rArr; _double_epilogue &rArr; _double_round
</UL>
<BR>[Calls]<UL><LI><a href="#[63]">&gt;&gt;</a>&nbsp;&nbsp;&nbsp;__aeabi_i2d
<LI><a href="#[61]">&gt;&gt;</a>&nbsp;&nbsp;&nbsp;__aeabi_dsub
<LI><a href="#[62]">&gt;&gt;</a>&nbsp;&nbsp;&nbsp;__aeabi_drsub
<LI><a href="#[5f]">&gt;&gt;</a>&nbsp;&nbsp;&nbsp;__aeabi_dadd
<LI><a href="#[dc]">&gt;&gt;</a>&nbsp;&nbsp;&nbsp;__aeabi_cdrcmple
<LI><a href="#[d9]">&gt;&gt;</a>&nbsp;&nbsp;&nbsp;__ARM_scalbn
<LI><a href="#[56]">&gt;&gt;</a>&nbsp;&nbsp;&nbsp;__aeabi_dmul
<LI><a href="#[58]">&gt;&gt;</a>&nbsp;&nbsp;&nbsp;__aeabi_ddiv
<LI><a href="#[e5]">&gt;&gt;</a>&nbsp;&nbsp;&nbsp;__set_errno
<LI><a href="#[e6]">&gt;&gt;</a>&nbsp;&nbsp;&nbsp;sqrt
<LI><a href="#[d4]">&gt;&gt;</a>&nbsp;&nbsp;&nbsp;__kernel_poly
<LI><a href="#[e7]">&gt;&gt;</a>&nbsp;&nbsp;&nbsp;__ARM_fpclassify
<LI><a href="#[da]">&gt;&gt;</a>&nbsp;&nbsp;&nbsp;__mathlib_dbl_underflow
<LI><a href="#[d8]">&gt;&gt;</a>&nbsp;&nbsp;&nbsp;__mathlib_dbl_overflow
<LI><a href="#[d7]">&gt;&gt;</a>&nbsp;&nbsp;&nbsp;__mathlib_dbl_invalid
<LI><a href="#[d6]">&gt;&gt;</a>&nbsp;&nbsp;&nbsp;__mathlib_dbl_infnan2
<LI><a href="#[d5]">&gt;&gt;</a>&nbsp;&nbsp;&nbsp;__mathlib_dbl_divzero
</UL>
<BR>[Called By]<UL><LI><a href="#[87]">&gt;&gt;</a>&nbsp;&nbsp;&nbsp;Get_PPMValue
</UL>

<P><STRONG><a name="[e6]"></a>sqrt</STRONG> (Thumb, 76 bytes, Stack size 24 bytes, sqrt.o(i.sqrt))
<BR><BR>[Stack]<UL><LI>Max Depth = 64<LI>Call Chain = sqrt &rArr; _dsqrt &rArr; _double_round
</UL>
<BR>[Calls]<UL><LI><a href="#[e5]">&gt;&gt;</a>&nbsp;&nbsp;&nbsp;__set_errno
<LI><a href="#[66]">&gt;&gt;</a>&nbsp;&nbsp;&nbsp;_dsqrt
</UL>
<BR>[Called By]<UL><LI><a href="#[89]">&gt;&gt;</a>&nbsp;&nbsp;&nbsp;pow
</UL>
<P>
<H3>
Local Symbols
</H3>
<P><STRONG><a name="[c0]"></a>SetSysClock</STRONG> (Thumb, 8 bytes, Stack size 8 bytes, system_stm32f10x.o(i.SetSysClock))
<BR><BR>[Stack]<UL><LI>Max Depth = 20<LI>Call Chain = SetSysClock &rArr; SetSysClockTo72
</UL>
<BR>[Calls]<UL><LI><a href="#[c1]">&gt;&gt;</a>&nbsp;&nbsp;&nbsp;SetSysClockTo72
</UL>
<BR>[Called By]<UL><LI><a href="#[47]">&gt;&gt;</a>&nbsp;&nbsp;&nbsp;SystemInit
</UL>

<P><STRONG><a name="[c1]"></a>SetSysClockTo72</STRONG> (Thumb, 214 bytes, Stack size 12 bytes, system_stm32f10x.o(i.SetSysClockTo72))
<BR><BR>[Stack]<UL><LI>Max Depth = 12<LI>Call Chain = SetSysClockTo72
</UL>
<BR>[Called By]<UL><LI><a href="#[c0]">&gt;&gt;</a>&nbsp;&nbsp;&nbsp;SetSysClock
</UL>

<P><STRONG><a name="[98]"></a>ILI9341_Delay</STRONG> (Thumb, 18 bytes, Stack size 8 bytes, bsp_ili9341_lcd.o(i.ILI9341_Delay))
<BR><BR>[Stack]<UL><LI>Max Depth = 8<LI>Call Chain = ILI9341_Delay
</UL>
<BR>[Called By]<UL><LI><a href="#[97]">&gt;&gt;</a>&nbsp;&nbsp;&nbsp;ILI9341_REG_Config
</UL>

<P><STRONG><a name="[8e]"></a>ILI9341_FillColor</STRONG> (Thumb, 32 bytes, Stack size 16 bytes, bsp_ili9341_lcd.o(i.ILI9341_FillColor))
<BR><BR>[Stack]<UL><LI>Max Depth = 16<LI>Call Chain = ILI9341_FillColor
</UL>
<BR>[Calls]<UL><LI><a href="#[91]">&gt;&gt;</a>&nbsp;&nbsp;&nbsp;ILI9341_Write_Data
<LI><a href="#[90]">&gt;&gt;</a>&nbsp;&nbsp;&nbsp;ILI9341_Write_Cmd
</UL>
<BR>[Called By]<UL><LI><a href="#[8c]">&gt;&gt;</a>&nbsp;&nbsp;&nbsp;ILI9341_Clear
</UL>

<P><STRONG><a name="[93]"></a>ILI9341_GPIO_Config</STRONG> (Thumb, 126 bytes, Stack size 8 bytes, bsp_ili9341_lcd.o(i.ILI9341_GPIO_Config))
<BR><BR>[Stack]<UL><LI>Max Depth = 32<LI>Call Chain = ILI9341_GPIO_Config &rArr; GPIO_Init
</UL>
<BR>[Calls]<UL><LI><a href="#[94]">&gt;&gt;</a>&nbsp;&nbsp;&nbsp;GPIO_PinRemapConfig
<LI><a href="#[6d]">&gt;&gt;</a>&nbsp;&nbsp;&nbsp;GPIO_Init
<LI><a href="#[6c]">&gt;&gt;</a>&nbsp;&nbsp;&nbsp;RCC_APB2PeriphClockCmd
</UL>
<BR>[Called By]<UL><LI><a href="#[96]">&gt;&gt;</a>&nbsp;&nbsp;&nbsp;ILI9341_Init
</UL>

<P><STRONG><a name="[97]"></a>ILI9341_REG_Config</STRONG> (Thumb, 684 bytes, Stack size 8 bytes, bsp_ili9341_lcd.o(i.ILI9341_REG_Config))
<BR><BR>[Stack]<UL><LI>Max Depth = 16<LI>Call Chain = ILI9341_REG_Config &rArr; ILI9341_Delay
</UL>
<BR>[Calls]<UL><LI><a href="#[91]">&gt;&gt;</a>&nbsp;&nbsp;&nbsp;ILI9341_Write_Data
<LI><a href="#[90]">&gt;&gt;</a>&nbsp;&nbsp;&nbsp;ILI9341_Write_Cmd
<LI><a href="#[98]">&gt;&gt;</a>&nbsp;&nbsp;&nbsp;ILI9341_Delay
</UL>
<BR>[Called By]<UL><LI><a href="#[96]">&gt;&gt;</a>&nbsp;&nbsp;&nbsp;ILI9341_Init
</UL>

<P><STRONG><a name="[db]"></a>_fp_digits</STRONG> (Thumb, 334 bytes, Stack size 56 bytes, printfa.o(i._fp_digits), UNUSED)
<BR><BR>[Calls]<UL><LI><a href="#[5f]">&gt;&gt;</a>&nbsp;&nbsp;&nbsp;__aeabi_dadd
<LI><a href="#[dc]">&gt;&gt;</a>&nbsp;&nbsp;&nbsp;__aeabi_cdrcmple
<LI><a href="#[56]">&gt;&gt;</a>&nbsp;&nbsp;&nbsp;__aeabi_dmul
<LI><a href="#[58]">&gt;&gt;</a>&nbsp;&nbsp;&nbsp;__aeabi_ddiv
<LI><a href="#[5c]">&gt;&gt;</a>&nbsp;&nbsp;&nbsp;__aeabi_uldivmod
<LI><a href="#[64]">&gt;&gt;</a>&nbsp;&nbsp;&nbsp;__aeabi_d2ulz
</UL>
<BR>[Called By]<UL><LI><a href="#[d2]">&gt;&gt;</a>&nbsp;&nbsp;&nbsp;_printf_core
</UL>

<P><STRONG><a name="[d2]"></a>_printf_core</STRONG> (Thumb, 1744 bytes, Stack size 136 bytes, printfa.o(i._printf_core), UNUSED)
<BR><BR>[Calls]<UL><LI><a href="#[5c]">&gt;&gt;</a>&nbsp;&nbsp;&nbsp;__aeabi_uldivmod
<LI><a href="#[df]">&gt;&gt;</a>&nbsp;&nbsp;&nbsp;__aeabi_uidivmod
<LI><a href="#[dd]">&gt;&gt;</a>&nbsp;&nbsp;&nbsp;_printf_pre_padding
<LI><a href="#[de]">&gt;&gt;</a>&nbsp;&nbsp;&nbsp;_printf_post_padding
<LI><a href="#[db]">&gt;&gt;</a>&nbsp;&nbsp;&nbsp;_fp_digits
</UL>
<BR>[Called By]<UL><LI><a href="#[d3]">&gt;&gt;</a>&nbsp;&nbsp;&nbsp;__0sprintf
<LI><a href="#[d1]">&gt;&gt;</a>&nbsp;&nbsp;&nbsp;__0printf
</UL>

<P><STRONG><a name="[de]"></a>_printf_post_padding</STRONG> (Thumb, 36 bytes, Stack size 24 bytes, printfa.o(i._printf_post_padding), UNUSED)
<BR><BR>[Called By]<UL><LI><a href="#[d2]">&gt;&gt;</a>&nbsp;&nbsp;&nbsp;_printf_core
</UL>

<P><STRONG><a name="[dd]"></a>_printf_pre_padding</STRONG> (Thumb, 46 bytes, Stack size 24 bytes, printfa.o(i._printf_pre_padding), UNUSED)
<BR><BR>[Called By]<UL><LI><a href="#[d2]">&gt;&gt;</a>&nbsp;&nbsp;&nbsp;_printf_core
</UL>

<P><STRONG><a name="[4a]"></a>_sputc</STRONG> (Thumb, 10 bytes, Stack size 0 bytes, printfa.o(i._sputc))
<BR><BR>[Called By]<UL><LI><a href="#[d3]">&gt;&gt;</a>&nbsp;&nbsp;&nbsp;__0sprintf
</UL>
<BR>[Address Reference Count : 1]<UL><LI> printfa.o(i.__0sprintf)
</UL><P>
<H3>
Undefined Global Symbols
</H3><HR></body></html>
